
expected = 0.000000
actual = 2399670049798078.000000
[00;31mERROR: orio.main.tuner.ptest_driver: failed to execute the test code: "timeout --kill-after=30s --signal=9 20m  ./__orio_perftest1.exe  "
 --> CalledProcessError: Command 'timeout --kill-after=30s --signal=9 20m  ./__orio_perftest1.exe  ' returned non-zero exit status 1[00m
[00;31mERROR: orio.main.tuner.ptest_driver:  performance testing failed: "timeout --kill-after=30s --signal=9 20m  ./__orio_perftest1.exe  "[00m
expected = 2399670049798078.000000
actual = 2399670049798078.000000
WARNING: orio.module.loop.submodule.tile.transformation: tile size 512 must be greater than the stride value 512; tile index = iii
expected = 2399670049798078.000000
actual = 2399670049798078.000000
WARNING: orio.module.loop.submodule.tile.transformation: tile size 512 must be greater than the stride value 512; tile index = jjj
WARNING: orio.module.loop.submodule.tile.transformation: tile size 512 must be greater than the stride value 512; tile index = kkk
expected = 2399670049798078.000000
actual = 2399670049798078.000000
WARNING: orio.module.loop.submodule.tile.transformation: tile size 16 must be greater than the stride value 16; tile index = iii
WARNING: orio.module.loop.submodule.tile.transformation: tile size 2048 must be greater than the stride value 2048; tile index = jjj
WARNING: orio.module.loop.submodule.tile.transformation: tile size 8 must be greater than the stride value 8; tile index = kkk
expected = 2399670049798078.000000
actual = 2399670049798078.000000
expected = 2399670049798078.000000
actual = 2399670049798078.000000
WARNING: orio.module.loop.submodule.tile.transformation: tile size 512 must be greater than the stride value 512; tile index = jjj
expected = 2399670049798078.000000
actual = 2399670049798078.000000
WARNING: orio.module.loop.submodule.tile.transformation: tile size 32 must be greater than the stride value 32; tile index = kkk
expected = 2399670049798078.000000
actual = 2399670049798078.000000
expected = 0.000000
actual = 2399670049798078.000000
[00;31mERROR: orio.main.tuner.ptest_driver: failed to execute the test code: "timeout --kill-after=30s --signal=9 20m  ./__orio_perftest9.exe  "
 --> CalledProcessError: Command 'timeout --kill-after=30s --signal=9 20m  ./__orio_perftest9.exe  ' returned non-zero exit status 1[00m
[00;31mERROR: orio.main.tuner.ptest_driver:  performance testing failed: "timeout --kill-after=30s --signal=9 20m  ./__orio_perftest9.exe  "[00m
expected = 2399670049798078.000000
actual = 2399670049798078.000000
expected = 0.000000
actual = 2399670049798078.000000
[00;31mERROR: orio.main.tuner.ptest_driver: failed to execute the test code: "timeout --kill-after=30s --signal=9 20m  ./__orio_perftest11.exe  "
 --> CalledProcessError: Command 'timeout --kill-after=30s --signal=9 20m  ./__orio_perftest11.exe  ' returned non-zero exit status 1[00m
[00;31mERROR: orio.main.tuner.ptest_driver:  performance testing failed: "timeout --kill-after=30s --signal=9 20m  ./__orio_perftest11.exe  "[00m
expected = 2399670049798078.000000
actual = 2399670049798078.000000
WARNING: orio.module.loop.submodule.tile.transformation: tile size 8 must be greater than the stride value 8; tile index = kkk
expected = 2399670049798078.000000
actual = 2399670049798078.000000
expected = 2399670049798078.000000
actual = 2399670049798078.000000
expected = 2399670049798078.000000
actual = 2399670049798078.000000
WARNING: orio.module.loop.submodule.tile.transformation: tile size 128 must be greater than the stride value 128; tile index = kkk
expected = 2399670049798078.000000
actual = 2399670049798078.000000
expected = 0.000000
actual = 2399670049798078.000000
[00;31mERROR: orio.main.tuner.ptest_driver: failed to execute the test code: "timeout --kill-after=30s --signal=9 20m  ./__orio_perftest17.exe  "
 --> CalledProcessError: Command 'timeout --kill-after=30s --signal=9 20m  ./__orio_perftest17.exe  ' returned non-zero exit status 1[00m
[00;31mERROR: orio.main.tuner.ptest_driver:  performance testing failed: "timeout --kill-after=30s --signal=9 20m  ./__orio_perftest17.exe  "[00m
WARNING: orio.module.loop.submodule.tile.transformation: tile size 2048 must be greater than the stride value 2048; tile index = kkk
expected = 2399670049798078.000000
actual = 2399670049798078.000000
expected = 0.000000
actual = 2399670049798078.000000
[00;31mERROR: orio.main.tuner.ptest_driver: failed to execute the test code: "timeout --kill-after=30s --signal=9 20m  ./__orio_perftest19.exe  "
 --> CalledProcessError: Command 'timeout --kill-after=30s --signal=9 20m  ./__orio_perftest19.exe  ' returned non-zero exit status 1[00m
[00;31mERROR: orio.main.tuner.ptest_driver:  performance testing failed: "timeout --kill-after=30s --signal=9 20m  ./__orio_perftest19.exe  "[00m
expected = 2399670049798078.000000
actual = 2399670049798078.000000
expected = 0.000000
actual = 2399670049798078.000000
[00;31mERROR: orio.main.tuner.ptest_driver: failed to execute the test code: "timeout --kill-after=30s --signal=9 20m  ./__orio_perftest21.exe  "
 --> CalledProcessError: Command 'timeout --kill-after=30s --signal=9 20m  ./__orio_perftest21.exe  ' returned non-zero exit status 1[00m
[00;31mERROR: orio.main.tuner.ptest_driver:  performance testing failed: "timeout --kill-after=30s --signal=9 20m  ./__orio_perftest21.exe  "[00m
expected = 2399670049798078.000000
actual = 2399670049798078.000000
WARNING: orio.module.loop.submodule.tile.transformation: tile size 256 must be greater than the stride value 256; tile index = jjj
expected = 2399670049798078.000000
actual = 2399670049798078.000000
expected = 2399670049798078.000000
actual = 2399670049798078.000000
expected = 2399670049798078.000000
actual = 2399670049798078.000000
expected = 2399670049798078.000000
actual = 2399670049798078.000000
expected = 2399670049798078.000000
actual = 2399670049798078.000000
WARNING: orio.module.loop.submodule.tile.transformation: tile size 512 must be greater than the stride value 512; tile index = iii
expected = 2399670049798078.000000
actual = 2399670049798078.000000
expected = 2399670049798078.000000
actual = 2399670049798078.000000
WARNING: orio.module.loop.submodule.tile.transformation: tile size 32 must be greater than the stride value 32; tile index = iii
expected = 2399670049798078.000000
actual = 2399670049798078.000000
expected = 2399670049798078.000000
actual = 2399670049798078.000000
WARNING: orio.module.loop.submodule.tile.transformation: tile size 512 must be greater than the stride value 512; tile index = jjj
expected = 2399670049798078.000000
actual = 2399670049798078.000000
expected = 2399670049798078.000000
actual = 2399670049798078.000000
expected = 0.000000
actual = 2399670049798078.000000
[00;31mERROR: orio.main.tuner.ptest_driver: failed to execute the test code: "timeout --kill-after=30s --signal=9 20m  ./__orio_perftest34.exe  "
 --> CalledProcessError: Command 'timeout --kill-after=30s --signal=9 20m  ./__orio_perftest34.exe  ' returned non-zero exit status 1[00m
[00;31mERROR: orio.main.tuner.ptest_driver:  performance testing failed: "timeout --kill-after=30s --signal=9 20m  ./__orio_perftest34.exe  "[00m
expected = 2399670049798078.000000
actual = 2399670049798078.000000
WARNING: orio.module.loop.submodule.tile.transformation: tile size 128 must be greater than the stride value 128; tile index = jjj
expected = 2399670049798078.000000
actual = 2399670049798078.000000
WARNING: orio.module.loop.submodule.tile.transformation: tile size 64 must be greater than the stride value 64; tile index = iii
expected = 2399670049798078.000000
actual = 2399670049798078.000000
WARNING: orio.module.loop.submodule.tile.transformation: tile size 128 must be greater than the stride value 128; tile index = jjj
expected = 2399670049798078.000000
actual = 2399670049798078.000000
expected = 0.000000
actual = 2399670049798078.000000
[00;31mERROR: orio.main.tuner.ptest_driver: failed to execute the test code: "timeout --kill-after=30s --signal=9 20m  ./__orio_perftest39.exe  "
 --> CalledProcessError: Command 'timeout --kill-after=30s --signal=9 20m  ./__orio_perftest39.exe  ' returned non-zero exit status 1[00m
[00;31mERROR: orio.main.tuner.ptest_driver:  performance testing failed: "timeout --kill-after=30s --signal=9 20m  ./__orio_perftest39.exe  "[00m
expected = 2399670049798078.000000
actual = 2399670049798078.000000
WARNING: orio.module.loop.submodule.tile.transformation: tile size 8 must be greater than the stride value 8; tile index = iii
expected = 2399670049798078.000000
actual = 2399670049798078.000000
expected = 2399670049798078.000000
actual = 2399670049798078.000000
expected = 2399670049798078.000000
actual = 2399670049798078.000000
expected = 2399670049798078.000000
actual = 2399670049798078.000000
WARNING: orio.module.loop.submodule.tile.transformation: tile size 128 must be greater than the stride value 128; tile index = iii
expected = 2399670049798078.000000
actual = 2399670049798078.000000
WARNING: orio.module.loop.submodule.tile.transformation: tile size 1024 must be greater than the stride value 1024; tile index = kkk
expected = 2399670049798078.000000
actual = 2399670049798078.000000
expected = 2399670049798078.000000
actual = 2399670049798078.000000
WARNING: orio.module.loop.submodule.tile.transformation: tile size 4 must be greater than the stride value 4; tile index = iii
WARNING: orio.module.loop.submodule.tile.transformation: tile size 4 must be greater than the stride value 4; tile index = jjj
expected = 0.000000
actual = 2399670049798078.000000
[00;31mERROR: orio.main.tuner.ptest_driver: failed to execute the test code: "timeout --kill-after=30s --signal=9 20m  ./__orio_perftest48.exe  "
 --> CalledProcessError: Command 'timeout --kill-after=30s --signal=9 20m  ./__orio_perftest48.exe  ' returned non-zero exit status 1[00m
[00;31mERROR: orio.main.tuner.ptest_driver:  performance testing failed: "timeout --kill-after=30s --signal=9 20m  ./__orio_perftest48.exe  "[00m
WARNING: orio.module.loop.submodule.tile.transformation: tile size 64 must be greater than the stride value 64; tile index = iii
WARNING: orio.module.loop.submodule.tile.transformation: tile size 64 must be greater than the stride value 64; tile index = jjj
expected = 2399670049798078.000000
actual = 2399670049798078.000000
WARNING: orio.module.loop.submodule.tile.transformation: tile size 16 must be greater than the stride value 16; tile index = iii
expected = 2399670049798078.000000
actual = 2399670049798078.000000
expected = 2399670049798078.000000
actual = 2399670049798078.000000
expected = 2399670049798078.000000
actual = 2399670049798078.000000
expected = 2399670049798078.000000
actual = 2399670049798078.000000
expected = 0.000000
actual = 2399670049798078.000000
[00;31mERROR: orio.main.tuner.ptest_driver: failed to execute the test code: "timeout --kill-after=30s --signal=9 20m  ./__orio_perftest54.exe  "
 --> CalledProcessError: Command 'timeout --kill-after=30s --signal=9 20m  ./__orio_perftest54.exe  ' returned non-zero exit status 1[00m
[00;31mERROR: orio.main.tuner.ptest_driver:  performance testing failed: "timeout --kill-after=30s --signal=9 20m  ./__orio_perftest54.exe  "[00m
WARNING: orio.module.loop.submodule.tile.transformation: tile size 128 must be greater than the stride value 128; tile index = iii
expected = 2399670049798078.000000
actual = 2399670049798078.000000
expected = 2399670049798078.000000
actual = 2399670049798078.000000
expected = 2399670049798078.000000
actual = 2399670049798078.000000
expected = 2399670049798078.000000
actual = 2399670049798078.000000
expected = 2399670049798078.000000
actual = 2399670049798078.000000
WARNING: orio.module.loop.submodule.tile.transformation: tile size 64 must be greater than the stride value 64; tile index = iii
expected = 2399670049798078.000000
actual = 2399670049798078.000000
expected = 2399670049798078.000000
actual = 2399670049798078.000000
WARNING: orio.module.loop.submodule.tile.transformation: tile size 4 must be greater than the stride value 4; tile index = iii
WARNING: orio.module.loop.submodule.tile.transformation: tile size 1024 must be greater than the stride value 1024; tile index = kkk
expected = 2399670049798078.000000
actual = 2399670049798078.000000
expected = 2399670049798078.000000
actual = 2399670049798078.000000
expected = 2399670049798078.000000
actual = 2399670049798078.000000
WARNING: orio.module.loop.submodule.tile.transformation: tile size 2048 must be greater than the stride value 2048; tile index = iii
expected = 2399670049798078.000000
actual = 2399670049798078.000000
expected = 2399670049798078.000000
actual = 2399670049798078.000000
WARNING: orio.module.loop.submodule.tile.transformation: tile size 256 must be greater than the stride value 256; tile index = jjj
expected = 2399670049798078.000000
actual = 2399670049798078.000000
WARNING: orio.module.loop.submodule.tile.transformation: tile size 64 must be greater than the stride value 64; tile index = iii
expected = 2399670049798078.000000
actual = 2399670049798078.000000
expected = 2399670049798078.000000
actual = 2399670049798078.000000
expected = 2399670049798078.000000
actual = 2399670049798078.000000
expected = 2399670049798078.000000
actual = 2399670049798078.000000
WARNING: orio.module.loop.submodule.tile.transformation: tile size 32 must be greater than the stride value 32; tile index = iii
WARNING: orio.module.loop.submodule.tile.transformation: tile size 128 must be greater than the stride value 128; tile index = kkk
expected = 2399670049798078.000000
actual = 2399670049798078.000000
expected = 2399670049798078.000000
actual = 2399670049798078.000000
expected = 2399670049798078.000000
actual = 2399670049798078.000000
WARNING: orio.module.loop.submodule.tile.transformation: tile size 512 must be greater than the stride value 512; tile index = jjj
expected = 2399670049798078.000000
actual = 2399670049798078.000000
expected = 2399670049798078.000000
actual = 2399670049798078.000000
expected = 2399670049798078.000000
actual = 2399670049798078.000000
expected = 0.000000
actual = 2399670049798078.000000
[00;31mERROR: orio.main.tuner.ptest_driver: failed to execute the test code: "timeout --kill-after=30s --signal=9 20m  ./__orio_perftest78.exe  "
 --> CalledProcessError: Command 'timeout --kill-after=30s --signal=9 20m  ./__orio_perftest78.exe  ' returned non-zero exit status 1[00m
[00;31mERROR: orio.main.tuner.ptest_driver:  performance testing failed: "timeout --kill-after=30s --signal=9 20m  ./__orio_perftest78.exe  "[00m
expected = 2399670049798078.000000
actual = 2399670049798078.000000
expected = 2399670049798078.000000
actual = 2399670049798078.000000
expected = 2399670049798078.000000
actual = 2399670049798078.000000
WARNING: orio.module.loop.submodule.tile.transformation: tile size 32 must be greater than the stride value 32; tile index = kkk
expected = 2399670049798078.000000
actual = 2399670049798078.000000
WARNING: orio.module.loop.submodule.tile.transformation: tile size 4 must be greater than the stride value 4; tile index = kkk
expected = 2399670049798078.000000
actual = 2399670049798078.000000
expected = 2399670049798078.000000
actual = 2399670049798078.000000
expected = 2399670049798078.000000
actual = 2399670049798078.000000
WARNING: orio.module.loop.submodule.tile.transformation: tile size 512 must be greater than the stride value 512; tile index = iii
WARNING: orio.module.loop.submodule.tile.transformation: tile size 64 must be greater than the stride value 64; tile index = kkk
expected = 2399670049798078.000000
actual = 2399670049798078.000000
expected = 2399670049798078.000000
actual = 2399670049798078.000000
WARNING: orio.module.loop.submodule.tile.transformation: tile size 256 must be greater than the stride value 256; tile index = iii
expected = 2399670049798078.000000
actual = 2399670049798078.000000
expected = 2399670049798078.000000
actual = 2399670049798078.000000
expected = 2399670049798078.000000
actual = 2399670049798078.000000
expected = 2399670049798078.000000
actual = 2399670049798078.000000
expected = 2399670049798078.000000
actual = 2399670049798078.000000
WARNING: orio.module.loop.submodule.tile.transformation: tile size 2 must be greater than the stride value 2; tile index = kkk
expected = 2399670049798078.000000
actual = 2399670049798078.000000
expected = 2399670049798078.000000
actual = 2399670049798078.000000
expected = 2399670049798078.000000
actual = 2399670049798078.000000
WARNING: orio.module.loop.submodule.tile.transformation: tile size 128 must be greater than the stride value 128; tile index = iii
expected = 2399670049798078.000000
actual = 2399670049798078.000000
expected = 2399670049798078.000000
actual = 2399670049798078.000000
expected = 2399670049798078.000000
actual = 2399670049798078.000000
expected = 2399670049798078.000000
actual = 2399670049798078.000000
expected = 2399670049798078.000000
actual = 2399670049798078.000000
expected = 2399670049798078.000000
actual = 2399670049798078.000000
WARNING: orio.module.loop.submodule.tile.transformation: tile size 32 must be greater than the stride value 32; tile index = iii
expected = 2399670049798078.000000
actual = 2399670049798078.000000
expected = 2399670049798078.000000
actual = 2399670049798078.000000
expected = 0.000000
actual = 2399670049798078.000000
[00;31mERROR: orio.main.tuner.ptest_driver: failed to execute the test code: "timeout --kill-after=30s --signal=9 20m  ./__orio_perftest104.exe  "
 --> CalledProcessError: Command 'timeout --kill-after=30s --signal=9 20m  ./__orio_perftest104.exe  ' returned non-zero exit status 1[00m
[00;31mERROR: orio.main.tuner.ptest_driver:  performance testing failed: "timeout --kill-after=30s --signal=9 20m  ./__orio_perftest104.exe  "[00m
WARNING: orio.module.loop.submodule.tile.transformation: tile size 64 must be greater than the stride value 64; tile index = kkk
expected = 2399670049798078.000000
actual = 2399670049798078.000000
expected = 2399670049798078.000000
actual = 2399670049798078.000000
WARNING: orio.module.loop.submodule.tile.transformation: tile size 256 must be greater than the stride value 256; tile index = iii
expected = 2399670049798078.000000
actual = 2399670049798078.000000
expected = 2399670049798078.000000
actual = 2399670049798078.000000
expected = 2399670049798078.000000
actual = 2399670049798078.000000
WARNING: orio.module.loop.submodule.tile.transformation: tile size 256 must be greater than the stride value 256; tile index = kkk
expected = 2399670049798078.000000
actual = 2399670049798078.000000
WARNING: orio.module.loop.submodule.tile.transformation: tile size 32 must be greater than the stride value 32; tile index = kkk
expected = 2399670049798078.000000
actual = 2399670049798078.000000
expected = 2399670049798078.000000
actual = 2399670049798078.000000
WARNING: orio.module.loop.submodule.tile.transformation: tile size 16 must be greater than the stride value 16; tile index = kkk
expected = 2399670049798078.000000
actual = 2399670049798078.000000
WARNING: orio.module.loop.submodule.tile.transformation: tile size 4 must be greater than the stride value 4; tile index = iii
expected = 2399670049798078.000000
actual = 2399670049798078.000000
expected = 0.000000
actual = 2399670049798078.000000
[00;31mERROR: orio.main.tuner.ptest_driver: failed to execute the test code: "timeout --kill-after=30s --signal=9 20m  ./__orio_perftest115.exe  "
 --> CalledProcessError: Command 'timeout --kill-after=30s --signal=9 20m  ./__orio_perftest115.exe  ' returned non-zero exit status 1[00m
[00;31mERROR: orio.main.tuner.ptest_driver:  performance testing failed: "timeout --kill-after=30s --signal=9 20m  ./__orio_perftest115.exe  "[00m
expected = 2399670049798078.000000
actual = 2399670049798078.000000
expected = 2399670049798078.000000
actual = 2399670049798078.000000
expected = 2399670049798078.000000
actual = 2399670049798078.000000
expected = 2399670049798078.000000
actual = 2399670049798078.000000
expected = 2399670049798078.000000
actual = 2399670049798078.000000
expected = 2399670049798078.000000
actual = 2399670049798078.000000
WARNING: orio.module.loop.submodule.tile.transformation: tile size 4 must be greater than the stride value 4; tile index = kkk
expected = 2399670049798078.000000
actual = 2399670049798078.000000
expected = 2399670049798078.000000
actual = 2399670049798078.000000
WARNING: orio.module.loop.submodule.tile.transformation: tile size 1024 must be greater than the stride value 1024; tile index = iii
WARNING: orio.module.loop.submodule.tile.transformation: tile size 64 must be greater than the stride value 64; tile index = kkk
expected = 2399670049798078.000000
actual = 2399670049798078.000000
WARNING: orio.module.loop.submodule.tile.transformation: tile size 8 must be greater than the stride value 8; tile index = iii
expected = 2399670049798078.000000
actual = 2399670049798078.000000
expected = 0.000000
actual = 2399670049798078.000000
[00;31mERROR: orio.main.tuner.ptest_driver: failed to execute the test code: "timeout --kill-after=30s --signal=9 20m  ./__orio_perftest126.exe  "
 --> CalledProcessError: Command 'timeout --kill-after=30s --signal=9 20m  ./__orio_perftest126.exe  ' returned non-zero exit status 1[00m
[00;31mERROR: orio.main.tuner.ptest_driver:  performance testing failed: "timeout --kill-after=30s --signal=9 20m  ./__orio_perftest126.exe  "[00m
WARNING: orio.module.loop.submodule.tile.transformation: tile size 4 must be greater than the stride value 4; tile index = jjj
expected = 2399670049798078.000000
actual = 2399670049798078.000000
WARNING: orio.module.loop.submodule.tile.transformation: tile size 32 must be greater than the stride value 32; tile index = kkk
expected = 2399670049798078.000000
actual = 2399670049798078.000000
expected = 2399670049798078.000000
actual = 2399670049798078.000000
WARNING: orio.module.loop.submodule.tile.transformation: tile size 8 must be greater than the stride value 8; tile index = iii
WARNING: orio.module.loop.submodule.tile.transformation: tile size 128 must be greater than the stride value 128; tile index = jjj
expected = 2399670049798078.000000
actual = 2399670049798078.000000
expected = 2399670049798078.000000
actual = 2399670049798078.000000
WARNING: orio.module.loop.submodule.tile.transformation: tile size 512 must be greater than the stride value 512; tile index = kkk
expected = 2399670049798078.000000
actual = 2399670049798078.000000
expected = 2399670049798078.000000
actual = 2399670049798078.000000
expected = 0.000000
actual = 2399670049798078.000000
[00;31mERROR: orio.main.tuner.ptest_driver: failed to execute the test code: "timeout --kill-after=30s --signal=9 20m  ./__orio_perftest134.exe  "
 --> CalledProcessError: Command 'timeout --kill-after=30s --signal=9 20m  ./__orio_perftest134.exe  ' returned non-zero exit status 1[00m
[00;31mERROR: orio.main.tuner.ptest_driver:  performance testing failed: "timeout --kill-after=30s --signal=9 20m  ./__orio_perftest134.exe  "[00m
expected = 2399670049798078.000000
actual = 2399670049798078.000000
WARNING: orio.module.loop.submodule.tile.transformation: tile size 64 must be greater than the stride value 64; tile index = kkk
expected = 2399670049798078.000000
actual = 2399670049798078.000000
expected = 2399670049798078.000000
actual = 2399670049798078.000000
WARNING: orio.module.loop.submodule.tile.transformation: tile size 1024 must be greater than the stride value 1024; tile index = iii
WARNING: orio.module.loop.submodule.tile.transformation: tile size 8 must be greater than the stride value 8; tile index = kkk
expected = 2399670049798078.000000
actual = 2399670049798078.000000
expected = 0.000000
actual = 2399670049798078.000000
[00;31mERROR: orio.main.tuner.ptest_driver: failed to execute the test code: "timeout --kill-after=30s --signal=9 20m  ./__orio_perftest139.exe  "
 --> CalledProcessError: Command 'timeout --kill-after=30s --signal=9 20m  ./__orio_perftest139.exe  ' returned non-zero exit status 1[00m
[00;31mERROR: orio.main.tuner.ptest_driver:  performance testing failed: "timeout --kill-after=30s --signal=9 20m  ./__orio_perftest139.exe  "[00m
expected = 2399670049798078.000000
actual = 2399670049798078.000000
expected = 2399670049798078.000000
actual = 2399670049798078.000000
WARNING: orio.module.loop.submodule.tile.transformation: tile size 2048 must be greater than the stride value 2048; tile index = iii
expected = 0.000000
actual = 2399670049798078.000000
[00;31mERROR: orio.main.tuner.ptest_driver: failed to execute the test code: "timeout --kill-after=30s --signal=9 20m  ./__orio_perftest142.exe  "
 --> CalledProcessError: Command 'timeout --kill-after=30s --signal=9 20m  ./__orio_perftest142.exe  ' returned non-zero exit status 1[00m
[00;31mERROR: orio.main.tuner.ptest_driver:  performance testing failed: "timeout --kill-after=30s --signal=9 20m  ./__orio_perftest142.exe  "[00m
WARNING: orio.module.loop.submodule.tile.transformation: tile size 4 must be greater than the stride value 4; tile index = jjj
expected = 2399670049798078.000000
actual = 2399670049798078.000000
expected = 2399670049798078.000000
actual = 2399670049798078.000000
expected = 2399670049798078.000000
actual = 2399670049798078.000000
WARNING: orio.module.loop.submodule.tile.transformation: tile size 16 must be greater than the stride value 16; tile index = iii
expected = 2399670049798078.000000
actual = 2399670049798078.000000
expected = 2399670049798078.000000
actual = 2399670049798078.000000
WARNING: orio.module.loop.submodule.tile.transformation: tile size 256 must be greater than the stride value 256; tile index = jjj
expected = 2399670049798078.000000
actual = 2399670049798078.000000
expected = 2399670049798078.000000
actual = 2399670049798078.000000
expected = 2399670049798078.000000
actual = 2399670049798078.000000
expected = 2399670049798078.000000
actual = 2399670049798078.000000
expected = 0.000000
actual = 2399670049798078.000000
[00;31mERROR: orio.main.tuner.ptest_driver: failed to execute the test code: "timeout --kill-after=30s --signal=9 20m  ./__orio_perftest152.exe  "
 --> CalledProcessError: Command 'timeout --kill-after=30s --signal=9 20m  ./__orio_perftest152.exe  ' returned non-zero exit status 1[00m
[00;31mERROR: orio.main.tuner.ptest_driver:  performance testing failed: "timeout --kill-after=30s --signal=9 20m  ./__orio_perftest152.exe  "[00m
expected = 0.000000
actual = 2399670049798078.000000
[00;31mERROR: orio.main.tuner.ptest_driver: failed to execute the test code: "timeout --kill-after=30s --signal=9 20m  ./__orio_perftest153.exe  "
 --> CalledProcessError: Command 'timeout --kill-after=30s --signal=9 20m  ./__orio_perftest153.exe  ' returned non-zero exit status 1[00m
[00;31mERROR: orio.main.tuner.ptest_driver:  performance testing failed: "timeout --kill-after=30s --signal=9 20m  ./__orio_perftest153.exe  "[00m
expected = 2399670049798078.000000
actual = 2399670049798078.000000
expected = 2399670049798078.000000
actual = 2399670049798078.000000
expected = 0.000000
actual = 2399670049798078.000000
[00;31mERROR: orio.main.tuner.ptest_driver: failed to execute the test code: "timeout --kill-after=30s --signal=9 20m  ./__orio_perftest156.exe  "
 --> CalledProcessError: Command 'timeout --kill-after=30s --signal=9 20m  ./__orio_perftest156.exe  ' returned non-zero exit status 1[00m
[00;31mERROR: orio.main.tuner.ptest_driver:  performance testing failed: "timeout --kill-after=30s --signal=9 20m  ./__orio_perftest156.exe  "[00m
expected = 0.000000
actual = 2399670049798078.000000
[00;31mERROR: orio.main.tuner.ptest_driver: failed to execute the test code: "timeout --kill-after=30s --signal=9 20m  ./__orio_perftest157.exe  "
 --> CalledProcessError: Command 'timeout --kill-after=30s --signal=9 20m  ./__orio_perftest157.exe  ' returned non-zero exit status 1[00m
[00;31mERROR: orio.main.tuner.ptest_driver:  performance testing failed: "timeout --kill-after=30s --signal=9 20m  ./__orio_perftest157.exe  "[00m
expected = 0.000000
actual = 2399670049798078.000000
[00;31mERROR: orio.main.tuner.ptest_driver: failed to execute the test code: "timeout --kill-after=30s --signal=9 20m  ./__orio_perftest158.exe  "
 --> CalledProcessError: Command 'timeout --kill-after=30s --signal=9 20m  ./__orio_perftest158.exe  ' returned non-zero exit status 1[00m
[00;31mERROR: orio.main.tuner.ptest_driver:  performance testing failed: "timeout --kill-after=30s --signal=9 20m  ./__orio_perftest158.exe  "[00m
expected = 2399670049798078.000000
actual = 2399670049798078.000000
WARNING: orio.module.loop.submodule.tile.transformation: tile size 1024 must be greater than the stride value 1024; tile index = iii
expected = 2399670049798078.000000
actual = 2399670049798078.000000
expected = 2399670049798078.000000
actual = 2399670049798078.000000
expected = 2399670049798078.000000
actual = 2399670049798078.000000
expected = 2399670049798078.000000
actual = 2399670049798078.000000
WARNING: orio.module.loop.submodule.tile.transformation: tile size 64 must be greater than the stride value 64; tile index = iii
expected = 2399670049798078.000000
actual = 2399670049798078.000000
WARNING: orio.module.loop.submodule.tile.transformation: tile size 512 must be greater than the stride value 512; tile index = iii
expected = 2399670049798078.000000
actual = 2399670049798078.000000
WARNING: orio.module.loop.submodule.tile.transformation: tile size 8 must be greater than the stride value 8; tile index = jjj
expected = 2399670049798078.000000
actual = 2399670049798078.000000
expected = 2399670049798078.000000
actual = 2399670049798078.000000
expected = 2399670049798078.000000
actual = 2399670049798078.000000
expected = 2399670049798078.000000
actual = 2399670049798078.000000
expected = 2399670049798078.000000
actual = 2399670049798078.000000
expected = 2399670049798078.000000
actual = 2399670049798078.000000
expected = 2399670049798078.000000
actual = 2399670049798078.000000
expected = 2399670049798078.000000
actual = 2399670049798078.000000
WARNING: orio.module.loop.submodule.tile.transformation: tile size 4 must be greater than the stride value 4; tile index = iii
expected = 2399670049798078.000000
actual = 2399670049798078.000000
expected = 2399670049798078.000000
actual = 2399670049798078.000000
expected = 2399670049798078.000000
actual = 2399670049798078.000000
WARNING: orio.module.loop.submodule.tile.transformation: tile size 64 must be greater than the stride value 64; tile index = kkk
expected = 2399670049798078.000000
actual = 2399670049798078.000000
expected = 0.000000
actual = 2399670049798078.000000
[00;31mERROR: orio.main.tuner.ptest_driver: failed to execute the test code: "timeout --kill-after=30s --signal=9 20m  ./__orio_perftest178.exe  "
 --> CalledProcessError: Command 'timeout --kill-after=30s --signal=9 20m  ./__orio_perftest178.exe  ' returned non-zero exit status 1[00m
[00;31mERROR: orio.main.tuner.ptest_driver:  performance testing failed: "timeout --kill-after=30s --signal=9 20m  ./__orio_perftest178.exe  "[00m
WARNING: orio.module.loop.submodule.tile.transformation: tile size 1024 must be greater than the stride value 1024; tile index = iii
expected = 2399670049798078.000000
actual = 2399670049798078.000000
expected = 2399670049798078.000000
actual = 2399670049798078.000000
expected = 2399670049798078.000000
actual = 2399670049798078.000000
expected = 2399670049798078.000000
actual = 2399670049798078.000000
expected = 2399670049798078.000000
actual = 2399670049798078.000000
expected = 2399670049798078.000000
actual = 2399670049798078.000000
WARNING: orio.module.loop.submodule.tile.transformation: tile size 512 must be greater than the stride value 512; tile index = jjj
expected = 2399670049798078.000000
actual = 2399670049798078.000000
expected = 0.000000
actual = 2399670049798078.000000
[00;31mERROR: orio.main.tuner.ptest_driver: failed to execute the test code: "timeout --kill-after=30s --signal=9 20m  ./__orio_perftest186.exe  "
 --> CalledProcessError: Command 'timeout --kill-after=30s --signal=9 20m  ./__orio_perftest186.exe  ' returned non-zero exit status 1[00m
[00;31mERROR: orio.main.tuner.ptest_driver:  performance testing failed: "timeout --kill-after=30s --signal=9 20m  ./__orio_perftest186.exe  "[00m
expected = 2399670049798078.000000
actual = 2399670049798078.000000
expected = 0.000000
actual = 2399670049798078.000000
[00;31mERROR: orio.main.tuner.ptest_driver: failed to execute the test code: "timeout --kill-after=30s --signal=9 20m  ./__orio_perftest188.exe  "
 --> CalledProcessError: Command 'timeout --kill-after=30s --signal=9 20m  ./__orio_perftest188.exe  ' returned non-zero exit status 1[00m
[00;31mERROR: orio.main.tuner.ptest_driver:  performance testing failed: "timeout --kill-after=30s --signal=9 20m  ./__orio_perftest188.exe  "[00m
expected = 2399670049798078.000000
actual = 2399670049798078.000000
WARNING: orio.module.loop.submodule.tile.transformation: tile size 512 must be greater than the stride value 512; tile index = kkk
expected = 2399670049798078.000000
actual = 2399670049798078.000000
WARNING: orio.module.loop.submodule.tile.transformation: tile size 8 must be greater than the stride value 8; tile index = kkk
expected = 2399670049798078.000000
actual = 2399670049798078.000000
expected = 2399670049798078.000000
actual = 2399670049798078.000000
expected = 2399670049798078.000000
actual = 2399670049798078.000000
WARNING: orio.module.loop.submodule.tile.transformation: tile size 256 must be greater than the stride value 256; tile index = kkk
expected = 2399670049798078.000000
actual = 2399670049798078.000000
WARNING: orio.module.loop.submodule.tile.transformation: tile size 256 must be greater than the stride value 256; tile index = iii
expected = 2399670049798078.000000
actual = 2399670049798078.000000
expected = 2399670049798078.000000
actual = 2399670049798078.000000
WARNING: orio.module.loop.submodule.tile.transformation: tile size 2048 must be greater than the stride value 2048; tile index = jjj
WARNING: orio.module.loop.submodule.tile.transformation: tile size 512 must be greater than the stride value 512; tile index = kkk
expected = 2399670049798078.000000
actual = 2399670049798078.000000
expected = 2399670049798078.000000
actual = 2399670049798078.000000
expected = 2399670049798078.000000
actual = 2399670049798078.000000
expected = 2399670049798078.000000
actual = 2399670049798078.000000
expected = 2399670049798078.000000
actual = 2399670049798078.000000
