
expected = 2399670049798078.000000
actual = 2399670049798078.000000
expected = 2399670049798078.000000
actual = 2399670049798078.000000
WARNING: orio.module.loop.submodule.tile.transformation: tile size 32 must be greater than the stride value 32; tile index = iii
expected = 2399670049798078.000000
actual = 2399670049798078.000000
expected = 2399670049798078.000000
actual = 2399670049798078.000000
WARNING: orio.module.loop.submodule.tile.transformation: tile size 128 must be greater than the stride value 128; tile index = jjj
WARNING: orio.module.loop.submodule.tile.transformation: tile size 16 must be greater than the stride value 16; tile index = kkk
expected = 2399670049798078.000000
actual = 2399670049798078.000000
expected = 2399670049798078.000000
actual = 2399670049798078.000000
WARNING: orio.module.loop.submodule.tile.transformation: tile size 8 must be greater than the stride value 8; tile index = jjj
expected = 2399670049798078.000000
actual = 2399670049798078.000000
expected = 2399670049798078.000000
actual = 2399670049798078.000000
expected = 2399670049798078.000000
actual = 2399670049798078.000000
WARNING: orio.module.loop.submodule.tile.transformation: tile size 512 must be greater than the stride value 512; tile index = iii
expected = 2399670049798078.000000
actual = 2399670049798078.000000
expected = 2399670049798078.000000
actual = 2399670049798078.000000
WARNING: orio.module.loop.submodule.tile.transformation: tile size 128 must be greater than the stride value 128; tile index = iii
expected = 2399670049798078.000000
actual = 2399670049798078.000000
expected = 2399670049798078.000000
actual = 2399670049798078.000000
expected = 2399670049798078.000000
actual = 2399670049798078.000000
expected = 0.000000
actual = 2399670049798078.000000
[00;31mERROR: orio.main.tuner.ptest_driver: failed to execute the test code: "timeout --kill-after=30s --signal=9 20m  ./__orio_perftest15.exe  "
 --> CalledProcessError: Command 'timeout --kill-after=30s --signal=9 20m  ./__orio_perftest15.exe  ' returned non-zero exit status 1[00m
[00;31mERROR: orio.main.tuner.ptest_driver:  performance testing failed: "timeout --kill-after=30s --signal=9 20m  ./__orio_perftest15.exe  "[00m
expected = 2399670049798078.000000
actual = 2399670049798078.000000
expected = 2399670049798078.000000
actual = 2399670049798078.000000
expected = 0.000000
actual = 2399670049798078.000000
[00;31mERROR: orio.main.tuner.ptest_driver: failed to execute the test code: "timeout --kill-after=30s --signal=9 20m  ./__orio_perftest18.exe  "
 --> CalledProcessError: Command 'timeout --kill-after=30s --signal=9 20m  ./__orio_perftest18.exe  ' returned non-zero exit status 1[00m
[00;31mERROR: orio.main.tuner.ptest_driver:  performance testing failed: "timeout --kill-after=30s --signal=9 20m  ./__orio_perftest18.exe  "[00m
expected = 0.000000
actual = 2399670049798078.000000
[00;31mERROR: orio.main.tuner.ptest_driver: failed to execute the test code: "timeout --kill-after=30s --signal=9 20m  ./__orio_perftest19.exe  "
 --> CalledProcessError: Command 'timeout --kill-after=30s --signal=9 20m  ./__orio_perftest19.exe  ' returned non-zero exit status 1[00m
[00;31mERROR: orio.main.tuner.ptest_driver:  performance testing failed: "timeout --kill-after=30s --signal=9 20m  ./__orio_perftest19.exe  "[00m
expected = 2399670049798078.000000
actual = 2399670049798078.000000
WARNING: orio.module.loop.submodule.tile.transformation: tile size 16 must be greater than the stride value 16; tile index = iii
WARNING: orio.module.loop.submodule.tile.transformation: tile size 4 must be greater than the stride value 4; tile index = kkk
expected = 2399670049798078.000000
actual = 2399670049798078.000000
expected = 2399670049798078.000000
actual = 2399670049798078.000000
WARNING: orio.module.loop.submodule.tile.transformation: tile size 512 must be greater than the stride value 512; tile index = iii
