
expected=2.498200
actual=2.500000
diff=0.000000
diff=1
expected=2.499681
actual=2.500000
diff=0.000000
diff=1
WARNING: orio.module.loop.submodule.tile.transformation: tile size 128 must be greater than the stride value 128; tile index = iii
expected=2.500000
actual=2.500000
diff=0.000000
diff=1
WARNING: orio.module.loop.submodule.tile.transformation: tile size 256 must be greater than the stride value 256; tile index = iii
expected=2.500000
actual=2.500000
diff=0.000000
diff=1
expected=2.482025
actual=2.500000
diff=0.000000
diff=1
WARNING: orio.module.loop.submodule.tile.transformation: tile size 4 must be greater than the stride value 4; tile index = jjj
expected=2.499757
actual=2.500000
diff=0.000000
diff=1
expected=2.498776
actual=2.500000
diff=0.000000
diff=1
expected=2.499227
actual=2.500000
diff=0.000000
diff=1
expected=2.500000
actual=2.500000
diff=0.000000
diff=1
expected=2.496642
actual=2.500000
diff=0.000000
diff=1
expected=2.497601
actual=2.500000
diff=0.000000
diff=1
expected=2.500000
actual=2.500000
diff=0.000000
diff=1
expected=2.500000
actual=2.500000
diff=0.000000
diff=1
expected=2.500000
actual=2.500000
diff=0.000000
diff=1
expected=2.499193
actual=2.500000
diff=0.000000
diff=1
expected=2.500000
actual=2.500000
diff=0.000000
diff=1
expected=2.499000
actual=2.500000
diff=0.000000
diff=1
expected=2.500000
actual=2.500000
diff=0.000000
diff=1
WARNING: orio.module.loop.submodule.tile.transformation: tile size 1024 must be greater than the stride value 1024; tile index = iii
expected=2.500000
actual=2.500000
diff=0.000000
diff=1
expected=2.500000
actual=2.500000
diff=0.000000
diff=1
expected=2.498880
actual=2.500000
diff=0.000000
diff=1
WARNING: orio.module.loop.submodule.tile.transformation: tile size 64 must be greater than the stride value 64; tile index = iii
expected=2.499199
actual=2.500000
diff=0.000000
diff=1
expected=2.500000
actual=2.500000
diff=0.000000
diff=1
WARNING: orio.module.loop.submodule.tile.transformation: tile size 1024 must be greater than the stride value 1024; tile index = iii
expected=2.499209
actual=2.500000
diff=0.000000
diff=1
expected=2.497759
actual=2.500000
diff=0.000000
diff=1
expected=2.500000
actual=2.500000
diff=0.000000
diff=1
expected=2.500000
actual=2.500000
diff=0.000000
diff=1
expected=2.500000
actual=2.500000
diff=0.000000
diff=1
expected=2.500000
actual=2.500000
diff=0.000000
diff=1
WARNING: orio.module.loop.submodule.tile.transformation: tile size 1024 must be greater than the stride value 1024; tile index = iii
expected=2.496344
actual=2.500000
diff=0.000000
diff=1
expected=2.500000
actual=2.500000
diff=0.000000
diff=1
expected=2.500000
actual=2.500000
diff=0.000000
diff=1
expected=2.499259
actual=2.500000
diff=0.000000
diff=1
expected=2.489586
actual=2.500000
diff=0.000000
diff=1
expected=2.491889
actual=2.500000
diff=0.000000
diff=1
expected=2.500000
actual=2.500000
diff=0.000000
diff=1
expected=2.486603
actual=2.500000
diff=0.000000
diff=1
expected=2.498874
actual=2.500000
diff=0.000000
diff=1
expected=2.479543
actual=2.500000
diff=0.000000
diff=1
expected=2.499425
actual=2.500000
diff=0.000000
diff=1
expected=2.489900
actual=2.500000
diff=0.000000
diff=1
expected=2.498104
actual=2.500000
diff=0.000000
diff=1
expected=2.485562
actual=2.500000
diff=0.000000
diff=1
expected=2.499362
actual=2.500000
diff=0.000000
diff=1
expected=2.497972
actual=2.500000
diff=0.000000
diff=1
expected=2.500000
actual=2.500000
diff=0.000000
diff=1
expected=2.499749
actual=2.500000
diff=0.000000
diff=1
WARNING: orio.module.loop.submodule.tile.transformation: tile size 1024 must be greater than the stride value 1024; tile index = iii
expected=2.481809
actual=2.500000
diff=0.000000
diff=1
expected=2.485581
actual=2.500000
diff=0.000000
diff=1
WARNING: orio.module.loop.submodule.tile.transformation: tile size 64 must be greater than the stride value 64; tile index = jjj
expected=2.488526
actual=2.500000
diff=0.000000
diff=1
WARNING: orio.module.loop.submodule.tile.transformation: tile size 1024 must be greater than the stride value 1024; tile index = iii
expected=2.280732
actual=2.500000
diff=0.000000
diff=1
WARNING: orio.module.loop.submodule.tile.transformation: tile size 64 must be greater than the stride value 64; tile index = jjj
expected=2.398564
actual=2.500000
diff=0.000000
diff=1
expected=2.492696
actual=2.500000
diff=0.000000
diff=1
WARNING: orio.module.loop.submodule.tile.transformation: tile size 32 must be greater than the stride value 32; tile index = jjj
expected=2.497967
actual=2.500000
diff=0.000000
diff=1
expected=2.499547
actual=2.500000
diff=0.000000
diff=1
expected=2.493470
actual=2.500000
diff=0.000000
diff=1
expected=2.483811
actual=2.500000
diff=0.000000
diff=1
expected=2.493422
actual=2.500000
diff=0.000000
diff=1
expected=2.489401
actual=2.500000
diff=0.000000
diff=1
WARNING: orio.module.loop.submodule.tile.transformation: tile size 128 must be greater than the stride value 128; tile index = jjj
expected=2.499769
actual=2.500000
diff=0.000000
diff=1
expected=2.498501
actual=2.500000
diff=0.000000
diff=1
expected=2.498606
actual=2.500000
diff=0.000000
diff=1
expected=2.500000
actual=2.500000
diff=0.000000
diff=1
expected=2.499181
actual=2.500000
diff=0.000000
diff=1
expected=2.491377
actual=2.500000
diff=0.000000
diff=1
expected=2.500000
actual=2.500000
diff=0.000000
diff=1
expected=2.497894
actual=2.500000
diff=0.000000
diff=1
expected=2.497849
actual=2.500000
diff=0.000000
diff=1
expected=2.499504
actual=2.500000
diff=0.000000
diff=1
expected=2.497480
actual=2.500000
diff=0.000000
diff=1
expected=2.499126
actual=2.500000
diff=0.000000
diff=1
expected=2.499116
actual=2.500000
diff=0.000000
diff=1
WARNING: orio.module.loop.submodule.tile.transformation: tile size 16 must be greater than the stride value 16; tile index = jjj
expected=2.494603
actual=2.500000
diff=0.000000
diff=1
expected=2.499860
actual=2.500000
diff=0.000000
diff=1
WARNING: orio.module.loop.submodule.tile.transformation: tile size 2 must be greater than the stride value 2; tile index = jjj
expected=2.499321
actual=2.500000
diff=0.000000
diff=1
expected=2.500000
actual=2.500000
diff=0.000000
diff=1
