
expected=2.499774
actual=2.500000
diff=0.000000
diff=1
expected=2.500000
actual=2.500000
diff=0.000000
diff=1
expected=2.500000
actual=2.500000
diff=0.000000
diff=1
WARNING: orio.module.loop.submodule.tile.transformation: tile size 128 must be greater than the stride value 128; tile index = jjj
expected=2.500000
actual=2.500000
diff=0.000000
diff=1
expected=2.499063
actual=2.500000
diff=0.000000
diff=1
expected=2.500000
actual=2.500000
diff=0.000000
diff=1
WARNING: orio.module.loop.submodule.tile.transformation: tile size 1024 must be greater than the stride value 1024; tile index = iii
expected=2.500000
actual=2.500000
diff=0.000000
diff=1
WARNING: orio.module.loop.submodule.tile.transformation: tile size 128 must be greater than the stride value 128; tile index = jjj
expected=2.499058
actual=2.500000
diff=0.000000
diff=1
expected=2.470087
actual=2.500000
diff=0.000000
diff=1
expected=2.500000
actual=2.500000
diff=0.000000
diff=1
WARNING: orio.module.loop.submodule.tile.transformation: tile size 16 must be greater than the stride value 16; tile index = iii
expected=2.499634
actual=2.500000
diff=0.000000
diff=1
expected=2.500000
actual=2.500000
diff=0.000000
diff=1
WARNING: orio.module.loop.submodule.tile.transformation: tile size 2048 must be greater than the stride value 2048; tile index = iii
expected=2.498403
actual=2.500000
diff=0.000000
diff=1
expected=2.500000
actual=2.500000
diff=0.000000
diff=1
expected=2.500000
actual=2.500000
diff=0.000000
diff=1
expected=2.500000
actual=2.500000
diff=0.000000
diff=1
expected=2.500000
actual=2.500000
diff=0.000000
diff=1
WARNING: orio.module.loop.submodule.tile.transformation: tile size 256 must be greater than the stride value 256; tile index = iii
expected=2.500000
actual=2.500000
diff=0.000000
diff=1
expected=2.498768
actual=2.500000
diff=0.000000
diff=1
WARNING: orio.module.loop.submodule.tile.transformation: tile size 64 must be greater than the stride value 64; tile index = iii
expected=2.497597
actual=2.500000
diff=0.000000
diff=1
expected=2.500000
actual=2.500000
diff=0.000000
diff=1
WARNING: orio.module.loop.submodule.tile.transformation: tile size 1024 must be greater than the stride value 1024; tile index = jjj
expected=2.499192
actual=2.500000
diff=0.000000
diff=1
expected=2.500000
actual=2.500000
diff=0.000000
diff=1
expected=2.497964
actual=2.500000
diff=0.000000
diff=1
expected=2.499064
actual=2.500000
diff=0.000000
diff=1
expected=2.500000
actual=2.500000
diff=0.000000
diff=1
expected=2.500000
actual=2.500000
diff=0.000000
diff=1
expected=2.498593
actual=2.500000
diff=0.000000
diff=1
expected=2.499736
actual=2.500000
diff=0.000000
diff=1
expected=2.489765
actual=2.500000
diff=0.000000
diff=1
WARNING: orio.module.loop.submodule.tile.transformation: tile size 2048 must be greater than the stride value 2048; tile index = jjj
expected=2.497793
actual=2.500000
diff=0.000000
diff=1
WARNING: orio.module.loop.submodule.tile.transformation: tile size 2048 must be greater than the stride value 2048; tile index = iii
expected=2.498668
actual=2.500000
diff=0.000000
diff=1
expected=2.499506
actual=2.500000
diff=0.000000
diff=1
expected=2.471966
actual=2.500000
diff=0.000000
diff=1
expected=2.499592
actual=2.500000
diff=0.000000
diff=1
WARNING: orio.module.loop.submodule.tile.transformation: tile size 2048 must be greater than the stride value 2048; tile index = jjj
expected=2.473731
actual=2.500000
diff=0.000000
diff=1
expected=2.500000
actual=2.500000
diff=0.000000
diff=1
expected=2.497671
actual=2.500000
diff=0.000000
diff=1
WARNING: orio.module.loop.submodule.tile.transformation: tile size 2048 must be greater than the stride value 2048; tile index = iii
expected=2.499654
actual=2.500000
diff=0.000000
diff=1
WARNING: orio.module.loop.submodule.tile.transformation: tile size 64 must be greater than the stride value 64; tile index = jjj
expected=2.498739
actual=2.500000
diff=0.000000
diff=1
expected=2.488601
actual=2.500000
diff=0.000000
diff=1
expected=2.500000
actual=2.500000
diff=0.000000
diff=1
expected=2.499608
actual=2.500000
diff=0.000000
diff=1
WARNING: orio.module.loop.submodule.tile.transformation: tile size 32 must be greater than the stride value 32; tile index = iii
WARNING: orio.module.loop.submodule.tile.transformation: tile size 2048 must be greater than the stride value 2048; tile index = jjj
expected=2.496015
actual=2.500000
diff=0.000000
diff=1
expected=2.489278
actual=2.500000
diff=0.000000
diff=1
WARNING: orio.module.loop.submodule.tile.transformation: tile size 16 must be greater than the stride value 16; tile index = jjj
expected=2.499139
actual=2.500000
diff=0.000000
diff=1
expected=2.494036
actual=2.500000
diff=0.000000
diff=1
WARNING: orio.module.loop.submodule.tile.transformation: tile size 32 must be greater than the stride value 32; tile index = jjj
expected=2.497932
actual=2.500000
diff=0.000000
diff=1
expected=2.498033
actual=2.500000
diff=0.000000
diff=1
expected=2.499934
actual=2.500000
diff=0.000000
diff=1
expected=2.500000
actual=2.500000
diff=0.000000
diff=1
expected=2.492122
actual=2.500000
diff=0.000000
diff=1
expected=2.498938
actual=2.500000
diff=0.000000
diff=1
expected=2.498939
actual=2.500000
diff=0.000000
diff=1
expected=2.498770
actual=2.500000
diff=0.000000
diff=1
expected=2.499921
actual=2.500000
diff=0.000000
diff=1
expected=2.499207
actual=2.500000
diff=0.000000
diff=1
expected=2.498065
actual=2.500000
diff=0.000000
diff=1
expected=2.471263
actual=2.500000
diff=0.000000
diff=1
expected=2.499139
actual=2.500000
diff=0.000000
diff=1
expected=2.489247
actual=2.500000
diff=0.000000
diff=1
expected=2.487895
actual=2.500000
diff=0.000000
diff=1
expected=2.497974
actual=2.500000
diff=0.000000
diff=1
expected=2.498738
actual=2.500000
diff=0.000000
diff=1
expected=2.497162
actual=2.500000
diff=0.000000
diff=1
expected=2.498931
actual=2.500000
diff=0.000000
diff=1
WARNING: orio.module.loop.submodule.tile.transformation: tile size 2048 must be greater than the stride value 2048; tile index = jjj
expected=2.499590
actual=2.500000
diff=0.000000
diff=1
expected=2.499668
actual=2.500000
diff=0.000000
diff=1
expected=2.496036
actual=2.500000
diff=0.000000
diff=1
expected=2.500000
actual=2.500000
diff=0.000000
diff=1
WARNING: orio.module.loop.submodule.tile.transformation: tile size 2048 must be greater than the stride value 2048; tile index = jjj
expected=2.498976
actual=2.500000
diff=0.000000
diff=1
expected=2.490522
actual=2.500000
diff=0.000000
diff=1
expected=2.487381
actual=2.500000
diff=0.000000
diff=1
WARNING: orio.module.loop.submodule.tile.transformation: tile size 256 must be greater than the stride value 256; tile index = iii
expected=2.484460
actual=2.500000
diff=0.000000
diff=1
expected=2.495061
actual=2.500000
diff=0.000000
diff=1
expected=2.478635
actual=2.500000
diff=0.000000
diff=1
WARNING: orio.module.loop.submodule.tile.transformation: tile size 32 must be greater than the stride value 32; tile index = jjj
expected=2.496993
actual=2.500000
diff=0.000000
diff=1
expected=2.499581
actual=2.500000
diff=0.000000
diff=1
expected=2.496214
actual=2.500000
diff=0.000000
diff=1
expected=2.492788
actual=2.500000
diff=0.000000
diff=1
expected=2.499513
actual=2.500000
diff=0.000000
diff=1
expected=2.496963
actual=2.500000
diff=0.000000
diff=1
expected=2.496435
actual=2.500000
diff=0.000000
diff=1
expected=2.493597
actual=2.500000
diff=0.000000
diff=1
expected=2.499991
actual=2.500000
diff=0.000000
diff=1
expected=2.499194
actual=2.500000
diff=0.000000
diff=1
expected=2.464002
actual=2.500000
diff=0.000000
diff=1
expected=2.500000
actual=2.500000
diff=0.000000
diff=1
expected=2.494948
actual=2.500000
diff=0.000000
diff=1
expected=2.497303
actual=2.500000
diff=0.000000
diff=1
WARNING: orio.module.loop.submodule.tile.transformation: tile size 2048 must be greater than the stride value 2048; tile index = jjj
expected=2.496281
actual=2.500000
diff=0.000000
diff=1
WARNING: orio.module.loop.submodule.tile.transformation: tile size 256 must be greater than the stride value 256; tile index = iii
expected=2.498046
actual=2.500000
diff=0.000000
diff=1
