
/usr/lib/python2.7/dist-packages/rpy2/rinterface/__init__.py:186: RRuntimeWarning: Loading required package: rngWELL

  warnings.warn(x, RRuntimeWarning)
/usr/lib/python2.7/dist-packages/rpy2/rinterface/__init__.py:186: RRuntimeWarning: This is randtoolbox. For an overview, type 'help("randtoolbox")'.

  warnings.warn(x, RRuntimeWarning)
WARNING: orio.module.loop.submodule.tile.transformation: tile size 32 must be greater than the stride value 32; tile index = jjj
expected=2.500000
actual=2.500000
diff=0.000000
diff=1
WARNING: orio.module.loop.submodule.tile.transformation: tile size 256 must be greater than the stride value 256; tile index = jjj
expected=2.493761
actual=2.500000
diff=0.000000
diff=1
expected=2.499801
actual=2.500000
diff=0.000000
diff=1
expected=2.497525
actual=2.500000
diff=0.000000
diff=1
expected=2.500000
actual=2.500000
diff=0.000000
diff=1
expected=2.500000
actual=2.500000
diff=0.000000
diff=1
expected=2.500000
actual=2.500000
diff=0.000000
diff=1
expected=2.498467
actual=2.500000
diff=0.000000
diff=1
expected=2.494244
actual=2.500000
diff=0.000000
diff=1
expected=2.500000
actual=2.500000
diff=0.000000
diff=1
WARNING: orio.module.loop.submodule.tile.transformation: tile size 256 must be greater than the stride value 256; tile index = jjj
expected=2.495623
actual=2.500000
diff=0.000000
diff=1
WARNING: orio.module.loop.submodule.tile.transformation: tile size 16 must be greater than the stride value 16; tile index = iii
expected=2.498999
actual=2.500000
diff=0.000000
diff=1
expected=2.457921
actual=2.500000
diff=0.000000
diff=1
expected=2.495951
actual=2.500000
diff=0.000000
diff=1
WARNING: orio.module.loop.submodule.tile.transformation: tile size 128 must be greater than the stride value 128; tile index = iii
WARNING: orio.module.loop.submodule.tile.transformation: tile size 2 must be greater than the stride value 2; tile index = jjj
expected=2.500000
actual=2.500000
diff=0.000000
diff=1
expected=2.499629
actual=2.500000
diff=0.000000
diff=1
expected=2.496687
actual=2.500000
diff=0.000000
diff=1
expected=2.494658
actual=2.500000
diff=0.000000
diff=1
expected=2.500000
actual=2.500000
diff=0.000000
diff=1
expected=2.497198
actual=2.500000
diff=0.000000
diff=1
expected=2.500000
actual=2.500000
diff=0.000000
diff=1
expected=2.500000
actual=2.500000
diff=0.000000
diff=1
WARNING: orio.module.loop.submodule.tile.transformation: tile size 512 must be greater than the stride value 512; tile index = jjj
expected=2.498485
actual=2.500000
diff=0.000000
diff=1
expected=2.500000
actual=2.500000
diff=0.000000
diff=1
/usr/lib/python2.7/dist-packages/rpy2/rinterface/__init__.py:186: RRuntimeWarning: Joining, by = c("T1_Ie", "T1_Je", "T2_Ie", "T2_Je", "U1_Ie", "U_Ie", "U_Je", "RT_Ie", "RT_Je", "SCRe", "VEC1e", "VEC2e", "OMPe")

  warnings.warn(x, RRuntimeWarning)
/usr/lib/python2.7/dist-packages/rpy2/rinterface/__init__.py:186: RRuntimeWarning: Loading required package: foreach

  warnings.warn(x, RRuntimeWarning)
/usr/lib/python2.7/dist-packages/rpy2/rinterface/__init__.py:186: RRuntimeWarning: Loading required package: iterators

  warnings.warn(x, RRuntimeWarning)
/usr/lib/python2.7/dist-packages/rpy2/rinterface/__init__.py:186: RRuntimeWarning: Loading required package: parallel

  warnings.warn(x, RRuntimeWarning)
WARNING: orio.module.loop.submodule.tile.transformation: tile size 256 must be greater than the stride value 256; tile index = jjj
expected=2.492566
actual=2.500000
diff=0.000000
diff=1
expected=2.496301
actual=2.500000
diff=0.000000
diff=1
expected=2.478070
actual=2.500000
diff=0.000000
diff=1
expected=2.489050
actual=2.500000
diff=0.000000
diff=1
WARNING: orio.module.loop.submodule.tile.transformation: tile size 512 must be greater than the stride value 512; tile index = jjj
expected=2.495613
actual=2.500000
diff=0.000000
diff=1
WARNING: orio.module.loop.submodule.tile.transformation: tile size 1024 must be greater than the stride value 1024; tile index = jjj
expected=2.490795
actual=2.500000
diff=0.000000
diff=1
expected=2.496698
actual=2.500000
diff=0.000000
diff=1
expected=2.499818
actual=2.500000
diff=0.000000
diff=1
expected=2.491870
actual=2.500000
diff=0.000000
diff=1
expected=2.488447
actual=2.500000
diff=0.000000
diff=1
WARNING: orio.module.loop.submodule.tile.transformation: tile size 1024 must be greater than the stride value 1024; tile index = jjj
expected=2.491457
actual=2.500000
diff=0.000000
diff=1
expected=2.484782
actual=2.500000
diff=0.000000
diff=1
expected=2.500000
actual=2.500000
diff=0.000000
diff=1
expected=2.494186
actual=2.500000
diff=0.000000
diff=1
expected=2.499800
actual=2.500000
diff=0.000000
diff=1
expected=2.499166
actual=2.500000
diff=0.000000
diff=1
expected=2.494212
actual=2.500000
diff=0.000000
diff=1
expected=2.500000
actual=2.500000
diff=0.000000
diff=1
expected=2.499459
actual=2.500000
diff=0.000000
diff=1
WARNING: orio.module.loop.submodule.tile.transformation: tile size 2048 must be greater than the stride value 2048; tile index = jjj
expected=2.497257
actual=2.500000
diff=0.000000
diff=1
expected=2.490781
actual=2.500000
diff=0.000000
diff=1
expected=2.484691
actual=2.500000
diff=0.000000
diff=1
expected=2.471673
actual=2.500000
diff=0.000000
diff=1
expected=2.495749
actual=2.500000
diff=0.000000
diff=1
expected=2.485944
actual=2.500000
diff=0.000000
diff=1
expected=2.489571
actual=2.500000
diff=0.000000
diff=1
expected=2.498573
actual=2.500000
diff=0.000000
diff=1
expected=2.490699
actual=2.500000
diff=0.000000
diff=1
expected=2.494386
actual=2.500000
diff=0.000000
diff=1
Segmentation fault
[00;31mERROR: orio.main.tuner.ptest_driver: failed to execute the test code: "timeout --kill-after=30s --signal=9 20m  ./__orio_perftest54.exe  "
 --> CalledProcessError: Command 'timeout --kill-after=30s --signal=9 20m  ./__orio_perftest54.exe  ' returned non-zero exit status 139[00m
[00;31mERROR: orio.main.tuner.ptest_driver:  performance testing failed: "timeout --kill-after=30s --signal=9 20m  ./__orio_perftest54.exe  "[00m
expected=2.499859
actual=2.500000
diff=0.000000
diff=1
expected=2.499857
actual=2.500000
diff=0.000000
diff=1
expected=2.498788
actual=2.500000
diff=0.000000
diff=1
expected=2.499914
actual=2.500000
diff=0.000000
diff=1
expected=2.498603
actual=2.500000
diff=0.000000
diff=1
expected=2.494447
actual=2.500000
diff=0.000000
diff=1
expected=2.497188
actual=2.500000
diff=0.000000
diff=1
expected=2.494868
actual=2.500000
diff=0.000000
diff=1
expected=2.500000
actual=2.500000
diff=0.000000
diff=1
expected=2.498049
actual=2.500000
diff=0.000000
diff=1
expected=2.497934
actual=2.500000
diff=0.000000
diff=1
expected=2.499286
actual=2.500000
diff=0.000000
diff=1
WARNING: orio.module.loop.submodule.tile.transformation: tile size 2048 must be greater than the stride value 2048; tile index = iii
expected=2.499658
actual=2.500000
diff=0.000000
diff=1
expected=2.499555
actual=2.500000
diff=0.000000
diff=1
WARNING: orio.module.loop.submodule.tile.transformation: tile size 2048 must be greater than the stride value 2048; tile index = iii
WARNING: orio.module.loop.submodule.tile.transformation: tile size 256 must be greater than the stride value 256; tile index = jjj
expected=2.499749
actual=2.500000
diff=0.000000
diff=1
expected=2.498144
actual=2.500000
diff=0.000000
diff=1
expected=2.500000
actual=2.500000
diff=0.000000
diff=1
expected=2.497384
actual=2.500000
diff=0.000000
diff=1
WARNING: orio.module.loop.submodule.tile.transformation: tile size 1024 must be greater than the stride value 1024; tile index = iii
expected=2.498858
actual=2.500000
diff=0.000000
diff=1
expected=2.489066
actual=2.500000
diff=0.000000
diff=1
expected=2.494014
actual=2.500000
diff=0.000000
diff=1
WARNING: orio.module.loop.submodule.tile.transformation: tile size 32 must be greater than the stride value 32; tile index = jjj
expected=2.495744
actual=2.500000
diff=0.000000
diff=1
WARNING: orio.module.loop.submodule.tile.transformation: tile size 128 must be greater than the stride value 128; tile index = jjj
expected=2.500000
actual=2.500000
diff=0.000000
diff=1
expected=2.499364
actual=2.500000
diff=0.000000
diff=1
WARNING: orio.module.loop.submodule.tile.transformation: tile size 512 must be greater than the stride value 512; tile index = jjj
expected=2.498892
actual=2.500000
diff=0.000000
diff=1
WARNING: orio.module.loop.submodule.tile.transformation: tile size 1024 must be greater than the stride value 1024; tile index = jjj
expected=2.499820
actual=2.500000
diff=0.000000
diff=1
WARNING: orio.module.loop.submodule.tile.transformation: tile size 2048 must be greater than the stride value 2048; tile index = jjj
expected=2.499907
actual=2.500000
diff=0.000000
diff=1
expected=2.480420
actual=2.500000
diff=0.000000
diff=1
expected=2.493709
actual=2.500000
diff=0.000000
diff=1
WARNING: orio.module.loop.submodule.tile.transformation: tile size 512 must be greater than the stride value 512; tile index = jjj
expected=2.485632
actual=2.500000
diff=0.000000
diff=1
WARNING: orio.module.loop.submodule.tile.transformation: tile size 256 must be greater than the stride value 256; tile index = iii
expected=2.499455
actual=2.500000
diff=0.000000
diff=1
WARNING: orio.module.loop.submodule.tile.transformation: tile size 512 must be greater than the stride value 512; tile index = iii
expected=2.497864
actual=2.500000
diff=0.000000
diff=1
expected=2.499624
actual=2.500000
diff=0.000000
diff=1
expected=2.481890
actual=2.500000
diff=0.000000
diff=1
WARNING: orio.module.loop.submodule.tile.transformation: tile size 256 must be greater than the stride value 256; tile index = jjj
expected=2.485218
actual=2.500000
diff=0.000000
diff=1
expected=2.494349
actual=2.500000
diff=0.000000
diff=1
WARNING: orio.module.loop.submodule.tile.transformation: tile size 1024 must be greater than the stride value 1024; tile index = jjj
expected=2.478891
actual=2.500000
diff=0.000000
diff=1
expected=2.498669
actual=2.500000
diff=0.000000
diff=1
WARNING: orio.module.loop.submodule.tile.transformation: tile size 512 must be greater than the stride value 512; tile index = jjj
expected=2.496189
actual=2.500000
diff=0.000000
diff=1
WARNING: orio.module.loop.submodule.tile.transformation: tile size 1024 must be greater than the stride value 1024; tile index = jjj
expected=2.499161
actual=2.500000
diff=0.000000
diff=1
WARNING: orio.module.loop.submodule.tile.transformation: tile size 1024 must be greater than the stride value 1024; tile index = jjj
expected=2.489649
actual=2.500000
diff=0.000000
diff=1
WARNING: orio.module.loop.submodule.tile.transformation: tile size 2048 must be greater than the stride value 2048; tile index = jjj
expected=2.491689
actual=2.500000
diff=0.000000
diff=1
expected=2.492699
actual=2.500000
diff=0.000000
diff=1
WARNING: orio.module.loop.submodule.tile.transformation: tile size 2048 must be greater than the stride value 2048; tile index = jjj
expected=2.498484
actual=2.500000
diff=0.000000
diff=1
WARNING: orio.module.loop.submodule.tile.transformation: tile size 512 must be greater than the stride value 512; tile index = jjj
expected=2.500000
actual=2.500000
diff=0.000000
diff=1
WARNING: orio.module.loop.submodule.tile.transformation: tile size 2048 must be greater than the stride value 2048; tile index = jjj
expected=2.499816
actual=2.500000
diff=0.000000
diff=1
WARNING: orio.module.loop.submodule.tile.transformation: tile size 16 must be greater than the stride value 16; tile index = iii
WARNING: orio.module.loop.submodule.tile.transformation: tile size 2048 must be greater than the stride value 2048; tile index = jjj
expected=2.444844
actual=2.500000
diff=0.000000
diff=1
WARNING: orio.module.loop.submodule.tile.transformation: tile size 32 must be greater than the stride value 32; tile index = iii
expected=2.474057
actual=2.500000
diff=0.000000
diff=1
WARNING: orio.module.loop.submodule.tile.transformation: tile size 16 must be greater than the stride value 16; tile index = iii
expected=2.499944
actual=2.500000
diff=0.000000
diff=1
WARNING: orio.module.loop.submodule.tile.transformation: tile size 2 must be greater than the stride value 2; tile index = jjj
expected=2.499800
actual=2.500000
diff=0.000000
diff=1
WARNING: orio.module.loop.submodule.tile.transformation: tile size 8 must be greater than the stride value 8; tile index = iii
expected=2.500000
actual=2.500000
diff=0.000000
diff=1
expected=2.498732
actual=2.500000
diff=0.000000
diff=1
WARNING: orio.module.loop.submodule.tile.transformation: tile size 16 must be greater than the stride value 16; tile index = iii
expected=2.499793
actual=2.500000
diff=0.000000
diff=1
WARNING: orio.module.loop.submodule.tile.transformation: tile size 32 must be greater than the stride value 32; tile index = iii
expected=2.498305
actual=2.500000
diff=0.000000
diff=1
WARNING: orio.module.loop.submodule.tile.transformation: tile size 2 must be greater than the stride value 2; tile index = iii
WARNING: orio.module.loop.submodule.tile.transformation: tile size 1024 must be greater than the stride value 1024; tile index = jjj
expected=2.492972
actual=2.500000
diff=0.000000
diff=1
expected=2.499699
actual=2.500000
diff=0.000000
diff=1
expected=2.457125
actual=2.500000
diff=0.000000
diff=1
WARNING: orio.module.loop.submodule.tile.transformation: tile size 2 must be greater than the stride value 2; tile index = iii
expected=2.496436
actual=2.500000
diff=0.000000
diff=1
expected=2.499812
actual=2.500000
diff=0.000000
diff=1
WARNING: orio.module.loop.submodule.tile.transformation: tile size 2 must be greater than the stride value 2; tile index = iii
expected=2.471066
actual=2.500000
diff=0.000000
diff=1
WARNING: orio.module.loop.submodule.tile.transformation: tile size 1024 must be greater than the stride value 1024; tile index = jjj
expected=2.500000
actual=2.500000
diff=0.000000
diff=1
expected=2.498939
actual=2.500000
diff=0.000000
diff=1
WARNING: orio.module.loop.submodule.tile.transformation: tile size 1024 must be greater than the stride value 1024; tile index = iii
expected=2.499247
actual=2.500000
diff=0.000000
diff=1
expected=2.499711
actual=2.500000
diff=0.000000
diff=1
WARNING: orio.module.loop.submodule.tile.transformation: tile size 1024 must be greater than the stride value 1024; tile index = iii
expected=2.498934
actual=2.500000
diff=0.000000
diff=1
WARNING: orio.module.loop.submodule.tile.transformation: tile size 2048 must be greater than the stride value 2048; tile index = iii
WARNING: orio.module.loop.submodule.tile.transformation: tile size 16 must be greater than the stride value 16; tile index = jjj
expected=2.499949
actual=2.500000
diff=0.000000
diff=1
WARNING: orio.module.loop.submodule.tile.transformation: tile size 1024 must be greater than the stride value 1024; tile index = iii
expected=2.498596
actual=2.500000
diff=0.000000
diff=1
expected=2.497988
actual=2.500000
diff=0.000000
diff=1
expected=2.497413
actual=2.500000
diff=0.000000
diff=1
expected=2.498249
actual=2.500000
diff=0.000000
diff=1
expected=2.495239
actual=2.500000
diff=0.000000
diff=1
expected=2.490972
actual=2.500000
diff=0.000000
diff=1
WARNING: orio.module.loop.submodule.tile.transformation: tile size 32 must be greater than the stride value 32; tile index = iii
expected=2.500000
actual=2.500000
diff=0.000000
diff=1
expected=2.500000
actual=2.500000
diff=0.000000
diff=1
WARNING: orio.module.loop.submodule.tile.transformation: tile size 8 must be greater than the stride value 8; tile index = jjj
expected=2.496348
actual=2.500000
diff=0.000000
diff=1
expected=2.499568
actual=2.500000
diff=0.000000
diff=1
expected=2.499074
actual=2.500000
diff=0.000000
diff=1
expected=2.138779
actual=2.500000
diff=0.000000
diff=1
expected=2.496525
actual=2.500000
diff=0.000000
diff=1
expected=2.499163
actual=2.500000
diff=0.000000
diff=1
expected=2.486796
actual=2.500000
diff=0.000000
diff=1
expected=2.496710
actual=2.500000
diff=0.000000
diff=1
expected=2.494518
actual=2.500000
diff=0.000000
diff=1
expected=2.496608
actual=2.500000
diff=0.000000
diff=1
WARNING: orio.module.loop.submodule.tile.transformation: tile size 4 must be greater than the stride value 4; tile index = jjj
expected=2.499398
actual=2.500000
diff=0.000000
diff=1
expected=2.499998
actual=2.500000
diff=0.000000
diff=1
WARNING: orio.module.loop.submodule.tile.transformation: tile size 2048 must be greater than the stride value 2048; tile index = iii
expected=2.499009
actual=2.500000
diff=0.000000
diff=1
expected=2.499651
actual=2.500000
diff=0.000000
diff=1
expected=2.500000
actual=2.500000
diff=0.000000
diff=1
expected=2.498957
actual=2.500000
diff=0.000000
diff=1
expected=2.457359
actual=2.500000
diff=0.000000
diff=1
WARNING: orio.module.loop.submodule.tile.transformation: tile size 2 must be greater than the stride value 2; tile index = jjj
expected=2.499296
actual=2.500000
diff=0.000000
diff=1
expected=2.499186
actual=2.500000
diff=0.000000
diff=1
expected=2.498121
actual=2.500000
diff=0.000000
diff=1
expected=2.499774
actual=2.500000
diff=0.000000
diff=1
expected=2.498694
actual=2.500000
diff=0.000000
diff=1
WARNING: orio.module.loop.submodule.tile.transformation: tile size 2048 must be greater than the stride value 2048; tile index = jjj
expected=2.474163
actual=2.500000
diff=0.000000
diff=1
expected=2.491281
actual=2.500000
diff=0.000000
diff=1
expected=2.489001
actual=2.500000
diff=0.000000
diff=1
WARNING: orio.module.loop.submodule.tile.transformation: tile size 2048 must be greater than the stride value 2048; tile index = jjj
expected=2.498027
actual=2.500000
diff=0.000000
diff=1
expected=2.499393
actual=2.500000
diff=0.000000
diff=1
expected=2.499758
actual=2.500000
diff=0.000000
diff=1
expected=2.488704
actual=2.500000
diff=0.000000
diff=1
expected=2.499225
actual=2.500000
diff=0.000000
diff=1
expected=2.499085
actual=2.500000
diff=0.000000
diff=1
WARNING: orio.module.loop.submodule.tile.transformation: tile size 512 must be greater than the stride value 512; tile index = jjj
expected=2.498697
actual=2.500000
diff=0.000000
diff=1
expected=2.499465
actual=2.500000
diff=0.000000
diff=1
expected=2.498512
actual=2.500000
diff=0.000000
diff=1
expected=2.498464
actual=2.500000
diff=0.000000
diff=1
expected=2.499839
actual=2.500000
diff=0.000000
diff=1
WARNING: orio.module.loop.submodule.tile.transformation: tile size 2048 must be greater than the stride value 2048; tile index = jjj
expected=2.496788
actual=2.500000
diff=0.000000
diff=1
expected=2.499584
actual=2.500000
diff=0.000000
diff=1
WARNING: orio.module.loop.submodule.tile.transformation: tile size 256 must be greater than the stride value 256; tile index = jjj
expected=2.500000
actual=2.500000
diff=0.000000
diff=1
expected=2.499067
actual=2.500000
diff=0.000000
diff=1
WARNING: orio.module.loop.submodule.tile.transformation: tile size 512 must be greater than the stride value 512; tile index = jjj
expected=2.500000
actual=2.500000
diff=0.000000
diff=1
WARNING: orio.module.loop.submodule.tile.transformation: tile size 2048 must be greater than the stride value 2048; tile index = jjj
Segmentation fault
[00;31mERROR: orio.main.tuner.ptest_driver: failed to execute the test code: "timeout --kill-after=30s --signal=9 20m  ./__orio_perftest170.exe  "
 --> CalledProcessError: Command 'timeout --kill-after=30s --signal=9 20m  ./__orio_perftest170.exe  ' returned non-zero exit status 139[00m
[00;31mERROR: orio.main.tuner.ptest_driver:  performance testing failed: "timeout --kill-after=30s --signal=9 20m  ./__orio_perftest170.exe  "[00m
WARNING: orio.module.loop.submodule.tile.transformation: tile size 1024 must be greater than the stride value 1024; tile index = jjj
expected=2.499921
actual=2.500000
diff=0.000000
diff=1
expected=2.500000
actual=2.500000
diff=0.000000
diff=1
WARNING: orio.module.loop.submodule.tile.transformation: tile size 512 must be greater than the stride value 512; tile index = jjj
expected=2.498882
actual=2.500000
diff=0.000000
diff=1
expected=2.499264
actual=2.500000
diff=0.000000
diff=1
expected=2.499389
actual=2.500000
diff=0.000000
diff=1
expected=2.499641
actual=2.500000
diff=0.000000
diff=1
expected=2.499952
actual=2.500000
diff=0.000000
diff=1
expected=2.498493
actual=2.500000
diff=0.000000
diff=1
expected=2.499157
actual=2.500000
diff=0.000000
diff=1
expected=2.499478
actual=2.500000
diff=0.000000
diff=1
WARNING: orio.module.loop.submodule.tile.transformation: tile size 2048 must be greater than the stride value 2048; tile index = iii
expected=2.499369
actual=2.500000
diff=0.000000
diff=1
expected=2.499843
actual=2.500000
diff=0.000000
diff=1
WARNING: orio.module.loop.submodule.tile.transformation: tile size 2048 must be greater than the stride value 2048; tile index = iii
WARNING: orio.module.loop.submodule.tile.transformation: tile size 32 must be greater than the stride value 32; tile index = jjj
expected=2.496632
actual=2.500000
diff=0.000000
diff=1
WARNING: orio.module.loop.submodule.tile.transformation: tile size 2048 must be greater than the stride value 2048; tile index = iii
WARNING: orio.module.loop.submodule.tile.transformation: tile size 2 must be greater than the stride value 2; tile index = jjj
expected=2.499549
actual=2.500000
diff=0.000000
diff=1
expected=2.497711
actual=2.500000
diff=0.000000
diff=1
expected=2.498163
actual=2.500000
diff=0.000000
diff=1
WARNING: orio.module.loop.submodule.tile.transformation: tile size 512 must be greater than the stride value 512; tile index = jjj
expected=2.499705
actual=2.500000
diff=0.000000
diff=1
expected=2.499980
actual=2.500000
diff=0.000000
diff=1
WARNING: orio.module.loop.submodule.tile.transformation: tile size 2048 must be greater than the stride value 2048; tile index = iii
expected=2.499916
actual=2.500000
diff=0.000000
diff=1
WARNING: orio.module.loop.submodule.tile.transformation: tile size 2048 must be greater than the stride value 2048; tile index = iii
expected=2.495465
actual=2.500000
diff=0.000000
diff=1
expected=2.499695
actual=2.500000
diff=0.000000
diff=1
expected=2.495857
actual=2.500000
diff=0.000000
diff=1
expected=2.492393
actual=2.500000
diff=0.000000
diff=1
expected=2.498580
actual=2.500000
diff=0.000000
diff=1
WARNING: orio.module.loop.submodule.tile.transformation: tile size 32 must be greater than the stride value 32; tile index = jjj
expected=2.414171
actual=2.500000
diff=0.000000
diff=1
expected=2.499702
actual=2.500000
diff=0.000000
diff=1
expected=2.496819
actual=2.500000
diff=0.000000
diff=1
expected=2.498833
actual=2.500000
diff=0.000000
diff=1
WARNING: orio.module.loop.submodule.tile.transformation: tile size 16 must be greater than the stride value 16; tile index = iii
expected=2.497414
actual=2.500000
diff=0.000000
diff=1
WARNING: orio.module.loop.submodule.tile.transformation: tile size 2048 must be greater than the stride value 2048; tile index = jjj
expected=2.499277
actual=2.500000
diff=0.000000
diff=1
expected=2.355124
actual=2.500000
diff=0.000000
diff=1
expected=2.498874
actual=2.500000
diff=0.000000
diff=1
WARNING: orio.module.loop.submodule.tile.transformation: tile size 512 must be greater than the stride value 512; tile index = jjj
expected=2.499997
actual=2.500000
diff=0.000000
diff=1
expected=2.498226
actual=2.500000
diff=0.000000
diff=1
expected=2.495467
actual=2.500000
diff=0.000000
diff=1
WARNING: orio.module.loop.submodule.tile.transformation: tile size 512 must be greater than the stride value 512; tile index = iii
expected=2.498172
actual=2.500000
diff=0.000000
diff=1
expected=2.500000
actual=2.500000
diff=0.000000
diff=1
expected=2.499180
actual=2.500000
diff=0.000000
diff=1
expected=2.498883
actual=2.500000
diff=0.000000
diff=1
expected=2.498655
actual=2.500000
diff=0.000000
diff=1
expected=2.499912
actual=2.500000
diff=0.000000
diff=1
expected=2.497846
actual=2.500000
diff=0.000000
diff=1
expected=2.499749
actual=2.500000
diff=0.000000
diff=1
WARNING: orio.module.loop.submodule.tile.transformation: tile size 1024 must be greater than the stride value 1024; tile index = jjj
expected=2.499057
actual=2.500000
diff=0.000000
diff=1
expected=2.492466
actual=2.500000
diff=0.000000
diff=1
expected=2.498777
actual=2.500000
diff=0.000000
diff=1
WARNING: orio.module.loop.submodule.tile.transformation: tile size 128 must be greater than the stride value 128; tile index = jjj
expected=2.498979
actual=2.500000
diff=0.000000
diff=1
expected=2.499058
actual=2.500000
diff=0.000000
diff=1
expected=2.498902
actual=2.500000
diff=0.000000
diff=1
expected=2.498562
actual=2.500000
diff=0.000000
diff=1
WARNING: orio.module.loop.submodule.tile.transformation: tile size 2048 must be greater than the stride value 2048; tile index = iii
expected=2.498396
actual=2.500000
diff=0.000000
diff=1
expected=2.482349
actual=2.500000
diff=0.000000
diff=1
WARNING: orio.module.loop.submodule.tile.transformation: tile size 64 must be greater than the stride value 64; tile index = iii
expected=2.499013
actual=2.500000
diff=0.000000
diff=1
WARNING: orio.module.loop.submodule.tile.transformation: tile size 2048 must be greater than the stride value 2048; tile index = iii
expected=2.498533
actual=2.500000
diff=0.000000
diff=1
WARNING: orio.module.loop.submodule.tile.transformation: tile size 2048 must be greater than the stride value 2048; tile index = iii
expected=2.498525
actual=2.500000
diff=0.000000
diff=1
expected=2.499265
actual=2.500000
diff=0.000000
diff=1
expected=2.499515
actual=2.500000
diff=0.000000
diff=1
expected=2.497628
actual=2.500000
diff=0.000000
diff=1
expected=2.498995
actual=2.500000
diff=0.000000
diff=1
expected=2.499015
actual=2.500000
diff=0.000000
diff=1
expected=2.498880
actual=2.500000
diff=0.000000
diff=1
expected=2.495908
actual=2.500000
diff=0.000000
diff=1
expected=2.493914
actual=2.500000
diff=0.000000
diff=1
WARNING: orio.module.loop.submodule.tile.transformation: tile size 1024 must be greater than the stride value 1024; tile index = jjj
expected=2.490014
actual=2.500000
diff=0.000000
diff=1
expected=2.500000
actual=2.500000
diff=0.000000
diff=1
WARNING: orio.module.loop.submodule.tile.transformation: tile size 2048 must be greater than the stride value 2048; tile index = jjj
