
expected = 0.000000
actual = 2399670049798078.000000
[00;31mERROR: orio.main.tuner.ptest_driver: failed to execute the test code: "timeout --kill-after=30s --signal=9 20m  ./__orio_perftest1.exe  "
 --> CalledProcessError: Command 'timeout --kill-after=30s --signal=9 20m  ./__orio_perftest1.exe  ' returned non-zero exit status 1[00m
[00;31mERROR: orio.main.tuner.ptest_driver:  performance testing failed: "timeout --kill-after=30s --signal=9 20m  ./__orio_perftest1.exe  "[00m
expected = 2399670049798078.000000
actual = 2399670049798078.000000
WARNING: orio.module.loop.submodule.tile.transformation: tile size 4 must be greater than the stride value 4; tile index = jjj
expected = 2399670049798078.000000
actual = 2399670049798078.000000
expected = 2399670049798078.000000
actual = 2399670049798078.000000
WARNING: orio.module.loop.submodule.tile.transformation: tile size 8 must be greater than the stride value 8; tile index = jjj
WARNING: orio.module.loop.submodule.tile.transformation: tile size 1024 must be greater than the stride value 1024; tile index = kkk
expected = 2399670049798078.000000
actual = 2399670049798078.000000
WARNING: orio.module.loop.submodule.tile.transformation: tile size 2048 must be greater than the stride value 2048; tile index = iii
expected = 2399670049798078.000000
actual = 2399670049798078.000000
expected = 2399670049798078.000000
actual = 2399670049798078.000000
expected = 2399670049798078.000000
actual = 2399670049798078.000000
expected = 0.000000
actual = 2399670049798078.000000
[00;31mERROR: orio.main.tuner.ptest_driver: failed to execute the test code: "timeout --kill-after=30s --signal=9 20m  ./__orio_perftest9.exe  "
 --> CalledProcessError: Command 'timeout --kill-after=30s --signal=9 20m  ./__orio_perftest9.exe  ' returned non-zero exit status 1[00m
[00;31mERROR: orio.main.tuner.ptest_driver:  performance testing failed: "timeout --kill-after=30s --signal=9 20m  ./__orio_perftest9.exe  "[00m
WARNING: orio.module.loop.submodule.tile.transformation: tile size 32 must be greater than the stride value 32; tile index = jjj
expected = 2399670049798078.000000
actual = 2399670049798078.000000
WARNING: orio.module.loop.submodule.tile.transformation: tile size 1024 must be greater than the stride value 1024; tile index = iii
expected = 2399670049798078.000000
actual = 2399670049798078.000000
expected = 2399670049798078.000000
actual = 2399670049798078.000000
expected = 2399670049798078.000000
actual = 2399670049798078.000000
WARNING: orio.module.loop.submodule.tile.transformation: tile size 4 must be greater than the stride value 4; tile index = kkk
expected = 2399670049798078.000000
actual = 2399670049798078.000000
WARNING: orio.module.loop.submodule.tile.transformation: tile size 8 must be greater than the stride value 8; tile index = kkk
expected = 2399670049798078.000000
actual = 2399670049798078.000000
expected = 2399670049798078.000000
actual = 2399670049798078.000000
expected = 2399670049798078.000000
actual = 2399670049798078.000000
expected = 2399670049798078.000000
actual = 2399670049798078.000000
expected = 2399670049798078.000000
actual = 2399670049798078.000000
expected = 2399670049798078.000000
actual = 2399670049798078.000000
expected = 0.000000
actual = 2399670049798078.000000
[00;31mERROR: orio.main.tuner.ptest_driver: failed to execute the test code: "timeout --kill-after=30s --signal=9 20m  ./__orio_perftest21.exe  "
 --> CalledProcessError: Command 'timeout --kill-after=30s --signal=9 20m  ./__orio_perftest21.exe  ' returned non-zero exit status 1[00m
[00;31mERROR: orio.main.tuner.ptest_driver:  performance testing failed: "timeout --kill-after=30s --signal=9 20m  ./__orio_perftest21.exe  "[00m
expected = 2399670049798078.000000
actual = 2399670049798078.000000
expected = 2399670049798078.000000
actual = 2399670049798078.000000
expected = 0.000000
actual = 2399670049798078.000000
[00;31mERROR: orio.main.tuner.ptest_driver: failed to execute the test code: "timeout --kill-after=30s --signal=9 20m  ./__orio_perftest24.exe  "
 --> CalledProcessError: Command 'timeout --kill-after=30s --signal=9 20m  ./__orio_perftest24.exe  ' returned non-zero exit status 1[00m
[00;31mERROR: orio.main.tuner.ptest_driver:  performance testing failed: "timeout --kill-after=30s --signal=9 20m  ./__orio_perftest24.exe  "[00m
expected = 2399670049798078.000000
actual = 2399670049798078.000000
expected = 2399670049798078.000000
actual = 2399670049798078.000000
expected = 2399670049798078.000000
actual = 2399670049798078.000000
expected = 2399670049798078.000000
actual = 2399670049798078.000000
WARNING: orio.module.loop.submodule.tile.transformation: tile size 64 must be greater than the stride value 64; tile index = jjj
expected = 2399670049798078.000000
actual = 2399670049798078.000000
WARNING: orio.module.loop.submodule.tile.transformation: tile size 512 must be greater than the stride value 512; tile index = jjj
expected = 2399670049798078.000000
actual = 2399670049798078.000000
expected = 2399670049798078.000000
actual = 2399670049798078.000000
expected = 2399670049798078.000000
actual = 2399670049798078.000000
expected = 2399670049798078.000000
actual = 2399670049798078.000000
WARNING: orio.module.loop.submodule.tile.transformation: tile size 4 must be greater than the stride value 4; tile index = jjj
expected = 2399670049798078.000000
actual = 2399670049798078.000000
expected = 2399670049798078.000000
actual = 2399670049798078.000000
expected = 2399670049798078.000000
actual = 2399670049798078.000000
expected = 2399670049798078.000000
actual = 2399670049798078.000000
WARNING: orio.module.loop.submodule.tile.transformation: tile size 512 must be greater than the stride value 512; tile index = jjj
expected = 2399670049798078.000000
actual = 2399670049798078.000000
expected = 2399670049798078.000000
actual = 2399670049798078.000000
expected = 2399670049798078.000000
actual = 2399670049798078.000000
WARNING: orio.module.loop.submodule.tile.transformation: tile size 1024 must be greater than the stride value 1024; tile index = jjj
expected = 2399670049798078.000000
actual = 2399670049798078.000000
expected = 2399670049798078.000000
actual = 2399670049798078.000000
WARNING: orio.module.loop.submodule.tile.transformation: tile size 4 must be greater than the stride value 4; tile index = kkk
expected = 2399670049798078.000000
actual = 2399670049798078.000000
WARNING: orio.module.loop.submodule.tile.transformation: tile size 64 must be greater than the stride value 64; tile index = iii
expected = 2399670049798078.000000
actual = 2399670049798078.000000
expected = 2399670049798078.000000
actual = 2399670049798078.000000
expected = 0.000000
actual = 2399670049798078.000000
[00;31mERROR: orio.main.tuner.ptest_driver: failed to execute the test code: "timeout --kill-after=30s --signal=9 20m  ./__orio_perftest46.exe  "
 --> CalledProcessError: Command 'timeout --kill-after=30s --signal=9 20m  ./__orio_perftest46.exe  ' returned non-zero exit status 1[00m
[00;31mERROR: orio.main.tuner.ptest_driver:  performance testing failed: "timeout --kill-after=30s --signal=9 20m  ./__orio_perftest46.exe  "[00m
expected = 2399670049798078.000000
actual = 2399670049798078.000000
WARNING: orio.module.loop.submodule.tile.transformation: tile size 2 must be greater than the stride value 2; tile index = jjj
WARNING: orio.module.loop.submodule.tile.transformation: tile size 2 must be greater than the stride value 2; tile index = kkk
expected = 0.000000
actual = 2399670049798078.000000
[00;31mERROR: orio.main.tuner.ptest_driver: failed to execute the test code: "timeout --kill-after=30s --signal=9 20m  ./__orio_perftest48.exe  "
 --> CalledProcessError: Command 'timeout --kill-after=30s --signal=9 20m  ./__orio_perftest48.exe  ' returned non-zero exit status 1[00m
[00;31mERROR: orio.main.tuner.ptest_driver:  performance testing failed: "timeout --kill-after=30s --signal=9 20m  ./__orio_perftest48.exe  "[00m
expected = 2399670049798078.000000
actual = 2399670049798078.000000
expected = 2399670049798078.000000
actual = 2399670049798078.000000
expected = 2399670049798078.000000
actual = 2399670049798078.000000
expected = 2399670049798078.000000
actual = 2399670049798078.000000
WARNING: orio.module.loop.submodule.tile.transformation: tile size 256 must be greater than the stride value 256; tile index = iii
expected = 2399670049798078.000000
actual = 2399670049798078.000000
expected = 2399670049798078.000000
actual = 2399670049798078.000000
expected = 2399670049798078.000000
actual = 2399670049798078.000000
expected = 2399670049798078.000000
actual = 2399670049798078.000000
WARNING: orio.module.loop.submodule.tile.transformation: tile size 128 must be greater than the stride value 128; tile index = kkk
expected = 2399670049798078.000000
actual = 2399670049798078.000000
expected = 2399670049798078.000000
actual = 2399670049798078.000000
expected = 2399670049798078.000000
actual = 2399670049798078.000000
WARNING: orio.module.loop.submodule.tile.transformation: tile size 16 must be greater than the stride value 16; tile index = jjj
expected = 2399670049798078.000000
actual = 2399670049798078.000000
expected = 0.000000
actual = 2399670049798078.000000
[00;31mERROR: orio.main.tuner.ptest_driver: failed to execute the test code: "timeout --kill-after=30s --signal=9 20m  ./__orio_perftest61.exe  "
 --> CalledProcessError: Command 'timeout --kill-after=30s --signal=9 20m  ./__orio_perftest61.exe  ' returned non-zero exit status 1[00m
[00;31mERROR: orio.main.tuner.ptest_driver:  performance testing failed: "timeout --kill-after=30s --signal=9 20m  ./__orio_perftest61.exe  "[00m
expected = 0.000000
actual = 2399670049798078.000000
[00;31mERROR: orio.main.tuner.ptest_driver: failed to execute the test code: "timeout --kill-after=30s --signal=9 20m  ./__orio_perftest62.exe  "
 --> CalledProcessError: Command 'timeout --kill-after=30s --signal=9 20m  ./__orio_perftest62.exe  ' returned non-zero exit status 1[00m
[00;31mERROR: orio.main.tuner.ptest_driver:  performance testing failed: "timeout --kill-after=30s --signal=9 20m  ./__orio_perftest62.exe  "[00m
WARNING: orio.module.loop.submodule.tile.transformation: tile size 32 must be greater than the stride value 32; tile index = kkk
expected = 2399670049798078.000000
actual = 2399670049798078.000000
expected = 2399670049798078.000000
actual = 2399670049798078.000000
expected = 2399670049798078.000000
actual = 2399670049798078.000000
expected = 2399670049798078.000000
actual = 2399670049798078.000000
WARNING: orio.module.loop.submodule.tile.transformation: tile size 64 must be greater than the stride value 64; tile index = kkk
expected = 2399670049798078.000000
actual = 2399670049798078.000000
expected = 0.000000
actual = 2399670049798078.000000
[00;31mERROR: orio.main.tuner.ptest_driver: failed to execute the test code: "timeout --kill-after=30s --signal=9 20m  ./__orio_perftest68.exe  "
 --> CalledProcessError: Command 'timeout --kill-after=30s --signal=9 20m  ./__orio_perftest68.exe  ' returned non-zero exit status 1[00m
[00;31mERROR: orio.main.tuner.ptest_driver:  performance testing failed: "timeout --kill-after=30s --signal=9 20m  ./__orio_perftest68.exe  "[00m
expected = 2399670049798078.000000
actual = 2399670049798078.000000
WARNING: orio.module.loop.submodule.tile.transformation: tile size 128 must be greater than the stride value 128; tile index = iii
expected = 2399670049798078.000000
actual = 2399670049798078.000000
WARNING: orio.module.loop.submodule.tile.transformation: tile size 2048 must be greater than the stride value 2048; tile index = iii
WARNING: orio.module.loop.submodule.tile.transformation: tile size 256 must be greater than the stride value 256; tile index = jjj
expected = 2399670049798078.000000
actual = 2399670049798078.000000
expected = 2399670049798078.000000
actual = 2399670049798078.000000
expected = 2399670049798078.000000
actual = 2399670049798078.000000
WARNING: orio.module.loop.submodule.tile.transformation: tile size 2048 must be greater than the stride value 2048; tile index = iii
WARNING: orio.module.loop.submodule.tile.transformation: tile size 4 must be greater than the stride value 4; tile index = jjj
expected = 0.000000
actual = 2399670049798078.000000
[00;31mERROR: orio.main.tuner.ptest_driver: failed to execute the test code: "timeout --kill-after=30s --signal=9 20m  ./__orio_perftest74.exe  "
 --> CalledProcessError: Command 'timeout --kill-after=30s --signal=9 20m  ./__orio_perftest74.exe  ' returned non-zero exit status 1[00m
[00;31mERROR: orio.main.tuner.ptest_driver:  performance testing failed: "timeout --kill-after=30s --signal=9 20m  ./__orio_perftest74.exe  "[00m
expected = 2399670049798078.000000
actual = 2399670049798078.000000
WARNING: orio.module.loop.submodule.tile.transformation: tile size 64 must be greater than the stride value 64; tile index = iii
expected = 2399670049798078.000000
actual = 2399670049798078.000000
expected = 2399670049798078.000000
actual = 2399670049798078.000000
WARNING: orio.module.loop.submodule.tile.transformation: tile size 32 must be greater than the stride value 32; tile index = jjj
expected = 2399670049798078.000000
actual = 2399670049798078.000000
expected = 2399670049798078.000000
actual = 2399670049798078.000000
expected = 2399670049798078.000000
actual = 2399670049798078.000000
expected = 2399670049798078.000000
actual = 2399670049798078.000000
expected = 2399670049798078.000000
actual = 2399670049798078.000000
expected = 2399670049798078.000000
actual = 2399670049798078.000000
expected = 0.000000
actual = 2399670049798078.000000
[00;31mERROR: orio.main.tuner.ptest_driver: failed to execute the test code: "timeout --kill-after=30s --signal=9 20m  ./__orio_perftest84.exe  "
 --> CalledProcessError: Command 'timeout --kill-after=30s --signal=9 20m  ./__orio_perftest84.exe  ' returned non-zero exit status 1[00m
[00;31mERROR: orio.main.tuner.ptest_driver:  performance testing failed: "timeout --kill-after=30s --signal=9 20m  ./__orio_perftest84.exe  "[00m
expected = 0.000000
actual = 2399670049798078.000000
[00;31mERROR: orio.main.tuner.ptest_driver: failed to execute the test code: "timeout --kill-after=30s --signal=9 20m  ./__orio_perftest85.exe  "
 --> CalledProcessError: Command 'timeout --kill-after=30s --signal=9 20m  ./__orio_perftest85.exe  ' returned non-zero exit status 1[00m
[00;31mERROR: orio.main.tuner.ptest_driver:  performance testing failed: "timeout --kill-after=30s --signal=9 20m  ./__orio_perftest85.exe  "[00m
expected = 2399670049798078.000000
actual = 2399670049798078.000000
expected = 2399670049798078.000000
actual = 2399670049798078.000000
expected = 2399670049798078.000000
actual = 2399670049798078.000000
expected = 2399670049798078.000000
actual = 2399670049798078.000000
expected = 2399670049798078.000000
actual = 2399670049798078.000000
expected = 2399670049798078.000000
actual = 2399670049798078.000000
WARNING: orio.module.loop.submodule.tile.transformation: tile size 32 must be greater than the stride value 32; tile index = jjj
expected = 2399670049798078.000000
actual = 2399670049798078.000000
expected = 2399670049798078.000000
actual = 2399670049798078.000000
expected = 2399670049798078.000000
actual = 2399670049798078.000000
WARNING: orio.module.loop.submodule.tile.transformation: tile size 256 must be greater than the stride value 256; tile index = jjj
expected = 2399670049798078.000000
actual = 2399670049798078.000000
expected = 2399670049798078.000000
actual = 2399670049798078.000000
expected = 2399670049798078.000000
actual = 2399670049798078.000000
expected = 2399670049798078.000000
actual = 2399670049798078.000000
expected = 2399670049798078.000000
actual = 2399670049798078.000000
expected = 2399670049798078.000000
actual = 2399670049798078.000000
expected = 2399670049798078.000000
actual = 2399670049798078.000000
