
/usr/lib/python2.7/dist-packages/rpy2/rinterface/__init__.py:186: RRuntimeWarning: Loading required package: rngWELL

  warnings.warn(x, RRuntimeWarning)
/usr/lib/python2.7/dist-packages/rpy2/rinterface/__init__.py:186: RRuntimeWarning: This is randtoolbox. For an overview, type 'help("randtoolbox")'.

  warnings.warn(x, RRuntimeWarning)
WARNING: orio.module.loop.submodule.tile.transformation: tile size 32 must be greater than the stride value 32; tile index = jjj
expected=2.495915
actual=2.500000
diff=0.000000
diff=1
WARNING: orio.module.loop.submodule.tile.transformation: tile size 256 must be greater than the stride value 256; tile index = jjj
expected=2.494529
actual=2.500000
diff=0.000000
diff=1
expected=2.499628
actual=2.500000
diff=0.000000
diff=1
expected=2.490032
actual=2.500000
diff=0.000000
diff=1
expected=2.500000
actual=2.500000
diff=0.000000
diff=1
expected=2.500000
actual=2.500000
diff=0.000000
diff=1
expected=2.500000
actual=2.500000
diff=0.000000
diff=1
expected=2.499288
actual=2.500000
diff=0.000000
diff=1
expected=2.491404
actual=2.500000
diff=0.000000
diff=1
expected=2.500000
actual=2.500000
diff=0.000000
diff=1
WARNING: orio.module.loop.submodule.tile.transformation: tile size 256 must be greater than the stride value 256; tile index = jjj
expected=2.498770
actual=2.500000
diff=0.000000
diff=1
WARNING: orio.module.loop.submodule.tile.transformation: tile size 16 must be greater than the stride value 16; tile index = iii
expected=2.499256
actual=2.500000
diff=0.000000
diff=1
expected=2.481759
actual=2.500000
diff=0.000000
diff=1
expected=2.498974
actual=2.500000
diff=0.000000
diff=1
WARNING: orio.module.loop.submodule.tile.transformation: tile size 128 must be greater than the stride value 128; tile index = iii
WARNING: orio.module.loop.submodule.tile.transformation: tile size 2 must be greater than the stride value 2; tile index = jjj
expected=2.500000
actual=2.500000
diff=0.000000
diff=1
expected=2.495898
actual=2.500000
diff=0.000000
diff=1
expected=2.499899
actual=2.500000
diff=0.000000
diff=1
expected=2.498592
actual=2.500000
diff=0.000000
diff=1
expected=2.500000
actual=2.500000
diff=0.000000
diff=1
expected=2.499314
actual=2.500000
diff=0.000000
diff=1
expected=2.500000
actual=2.500000
diff=0.000000
diff=1
expected=2.500000
actual=2.500000
diff=0.000000
diff=1
WARNING: orio.module.loop.submodule.tile.transformation: tile size 512 must be greater than the stride value 512; tile index = jjj
expected=2.444749
actual=2.500000
diff=0.000000
diff=1
expected=2.500000
actual=2.500000
diff=0.000000
diff=1
/usr/lib/python2.7/dist-packages/rpy2/rinterface/__init__.py:186: RRuntimeWarning: Joining, by = c("T1_Ie", "T1_Je", "T2_Ie", "T2_Je", "U1_Ie", "U_Ie", "U_Je", "RT_Ie", "RT_Je", "SCRe", "VEC1e", "VEC2e", "OMPe")

  warnings.warn(x, RRuntimeWarning)
/usr/lib/python2.7/dist-packages/rpy2/rinterface/__init__.py:186: RRuntimeWarning: Loading required package: foreach

  warnings.warn(x, RRuntimeWarning)
/usr/lib/python2.7/dist-packages/rpy2/rinterface/__init__.py:186: RRuntimeWarning: Loading required package: iterators

  warnings.warn(x, RRuntimeWarning)
/usr/lib/python2.7/dist-packages/rpy2/rinterface/__init__.py:186: RRuntimeWarning: Loading required package: parallel

  warnings.warn(x, RRuntimeWarning)
WARNING: orio.module.loop.submodule.tile.transformation: tile size 256 must be greater than the stride value 256; tile index = jjj
expected=2.496875
actual=2.500000
diff=0.000000
diff=1
expected=2.494281
actual=2.500000
diff=0.000000
diff=1
expected=2.492453
actual=2.500000
diff=0.000000
diff=1
expected=2.492149
actual=2.500000
diff=0.000000
diff=1
WARNING: orio.module.loop.submodule.tile.transformation: tile size 1024 must be greater than the stride value 1024; tile index = jjj
expected=2.496800
actual=2.500000
diff=0.000000
diff=1
WARNING: orio.module.loop.submodule.tile.transformation: tile size 512 must be greater than the stride value 512; tile index = jjj
expected=2.498411
actual=2.500000
diff=0.000000
diff=1
expected=2.490738
actual=2.500000
diff=0.000000
diff=1
WARNING: orio.module.loop.submodule.tile.transformation: tile size 1024 must be greater than the stride value 1024; tile index = jjj
expected=2.497699
actual=2.500000
diff=0.000000
diff=1
WARNING: orio.module.loop.submodule.tile.transformation: tile size 2048 must be greater than the stride value 2048; tile index = jjj
expected=2.499462
actual=2.500000
diff=0.000000
diff=1
expected=2.497866
actual=2.500000
diff=0.000000
diff=1
WARNING: orio.module.loop.submodule.tile.transformation: tile size 512 must be greater than the stride value 512; tile index = jjj
expected=2.480115
actual=2.500000
diff=0.000000
diff=1
WARNING: orio.module.loop.submodule.tile.transformation: tile size 1024 must be greater than the stride value 1024; tile index = jjj
expected=2.496979
actual=2.500000
diff=0.000000
diff=1
WARNING: orio.module.loop.submodule.tile.transformation: tile size 2048 must be greater than the stride value 2048; tile index = jjj
expected=2.495619
actual=2.500000
diff=0.000000
diff=1
WARNING: orio.module.loop.submodule.tile.transformation: tile size 512 must be greater than the stride value 512; tile index = jjj
expected=2.492830
actual=2.500000
diff=0.000000
diff=1
expected=2.499168
actual=2.500000
diff=0.000000
diff=1
expected=2.497809
actual=2.500000
diff=0.000000
diff=1
WARNING: orio.module.loop.submodule.tile.transformation: tile size 2048 must be greater than the stride value 2048; tile index = iii
expected=2.492991
actual=2.500000
diff=0.000000
diff=1
expected=2.497923
actual=2.500000
diff=0.000000
diff=1
expected=2.498241
actual=2.500000
diff=0.000000
diff=1
expected=2.498163
actual=2.500000
diff=0.000000
diff=1
WARNING: orio.module.loop.submodule.tile.transformation: tile size 2048 must be greater than the stride value 2048; tile index = iii
expected=2.499186
actual=2.500000
diff=0.000000
diff=1
expected=2.500000
actual=2.500000
diff=0.000000
diff=1
expected=2.497586
actual=2.500000
diff=0.000000
diff=1
expected=2.498405
actual=2.500000
diff=0.000000
diff=1
expected=2.500000
actual=2.500000
diff=0.000000
diff=1
expected=2.500000
actual=2.500000
diff=0.000000
diff=1
expected=2.499220
actual=2.500000
diff=0.000000
diff=1
expected=2.499639
actual=2.500000
diff=0.000000
diff=1
expected=2.500000
actual=2.500000
diff=0.000000
diff=1
expected=2.499997
actual=2.500000
diff=0.000000
diff=1
expected=2.500000
actual=2.500000
diff=0.000000
diff=1
WARNING: orio.module.loop.submodule.tile.transformation: tile size 2048 must be greater than the stride value 2048; tile index = iii
expected=2.497808
actual=2.500000
diff=0.000000
diff=1
expected=2.499372
actual=2.500000
diff=0.000000
diff=1
expected=2.499266
actual=2.500000
diff=0.000000
diff=1
expected=2.493512
actual=2.500000
diff=0.000000
diff=1
WARNING: orio.module.loop.submodule.tile.transformation: tile size 8 must be greater than the stride value 8; tile index = iii
expected=2.497923
actual=2.500000
diff=0.000000
diff=1
expected=2.494758
actual=2.500000
diff=0.000000
diff=1
WARNING: orio.module.loop.submodule.tile.transformation: tile size 16 must be greater than the stride value 16; tile index = iii
expected=2.498749
actual=2.500000
diff=0.000000
diff=1
expected=2.499114
actual=2.500000
diff=0.000000
diff=1
expected=2.498892
actual=2.500000
diff=0.000000
diff=1
expected=2.498966
actual=2.500000
diff=0.000000
diff=1
WARNING: orio.module.loop.submodule.tile.transformation: tile size 64 must be greater than the stride value 64; tile index = iii
expected=2.497053
actual=2.500000
diff=0.000000
diff=1
expected=2.499359
actual=2.500000
diff=0.000000
diff=1
expected=2.484072
actual=2.500000
diff=0.000000
diff=1
expected=2.483844
actual=2.500000
diff=0.000000
diff=1
expected=2.496816
actual=2.500000
diff=0.000000
diff=1
WARNING: orio.module.loop.submodule.tile.transformation: tile size 128 must be greater than the stride value 128; tile index = jjj
expected=2.495193
actual=2.500000
diff=0.000000
diff=1
expected=2.499270
actual=2.500000
diff=0.000000
diff=1
WARNING: orio.module.loop.submodule.tile.transformation: tile size 2 must be greater than the stride value 2; tile index = iii
expected=2.498784
actual=2.500000
diff=0.000000
diff=1
expected=2.498699
actual=2.500000
diff=0.000000
diff=1
expected=2.495567
actual=2.500000
diff=0.000000
diff=1
expected=2.499679
actual=2.500000
diff=0.000000
diff=1
expected=2.498069
actual=2.500000
diff=0.000000
diff=1
expected=2.499344
actual=2.500000
diff=0.000000
diff=1
expected=2.499499
actual=2.500000
diff=0.000000
diff=1
expected=2.498854
actual=2.500000
diff=0.000000
diff=1
WARNING: orio.module.loop.submodule.tile.transformation: tile size 2048 must be greater than the stride value 2048; tile index = iii
expected=2.499749
actual=2.500000
diff=0.000000
diff=1
WARNING: orio.module.loop.submodule.tile.transformation: tile size 256 must be greater than the stride value 256; tile index = jjj
expected=2.499454
actual=2.500000
diff=0.000000
diff=1
expected=2.499921
actual=2.500000
diff=0.000000
diff=1
expected=2.500000
actual=2.500000
diff=0.000000
diff=1
expected=2.498722
actual=2.500000
diff=0.000000
diff=1
WARNING: orio.module.loop.submodule.tile.transformation: tile size 1024 must be greater than the stride value 1024; tile index = iii
expected=2.499089
actual=2.500000
diff=0.000000
diff=1
WARNING: orio.module.loop.submodule.tile.transformation: tile size 32 must be greater than the stride value 32; tile index = iii
expected=2.461081
actual=2.500000
diff=0.000000
diff=1
expected=2.499566
actual=2.500000
diff=0.000000
diff=1
WARNING: orio.module.loop.submodule.tile.transformation: tile size 2 must be greater than the stride value 2; tile index = jjj
expected=2.498649
actual=2.500000
diff=0.000000
diff=1
expected=2.499441
actual=2.500000
diff=0.000000
diff=1
expected=2.498807
actual=2.500000
diff=0.000000
diff=1
expected=2.499594
actual=2.500000
diff=0.000000
diff=1
WARNING: orio.module.loop.submodule.tile.transformation: tile size 32 must be greater than the stride value 32; tile index = iii
expected=2.499076
actual=2.500000
diff=0.000000
diff=1
WARNING: orio.module.loop.submodule.tile.transformation: tile size 2 must be greater than the stride value 2; tile index = jjj
expected=2.495671
actual=2.500000
diff=0.000000
diff=1
expected=2.496126
actual=2.500000
diff=0.000000
diff=1
expected=2.465228
actual=2.500000
diff=0.000000
diff=1
expected=2.499174
actual=2.500000
diff=0.000000
diff=1
expected=2.497462
actual=2.500000
diff=0.000000
diff=1
expected=2.499464
actual=2.500000
diff=0.000000
diff=1
expected=2.498873
actual=2.500000
diff=0.000000
diff=1
expected=2.499267
actual=2.500000
diff=0.000000
diff=1
expected=2.499948
actual=2.500000
diff=0.000000
diff=1
expected=2.499721
actual=2.500000
diff=0.000000
diff=1
expected=2.500000
actual=2.500000
diff=0.000000
diff=1
expected=2.499124
actual=2.500000
diff=0.000000
diff=1
expected=2.499819
actual=2.500000
diff=0.000000
diff=1
expected=2.500000
actual=2.500000
diff=0.000000
diff=1
expected=2.499344
actual=2.500000
diff=0.000000
diff=1
expected=2.499582
actual=2.500000
diff=0.000000
diff=1
expected=2.498585
actual=2.500000
diff=0.000000
diff=1
expected=2.488849
actual=2.500000
diff=0.000000
diff=1
expected=2.499742
actual=2.500000
diff=0.000000
diff=1
expected=2.499212
actual=2.500000
diff=0.000000
diff=1
expected=2.499380
actual=2.500000
diff=0.000000
diff=1
expected=2.499923
actual=2.500000
diff=0.000000
diff=1
expected=2.498480
actual=2.500000
diff=0.000000
diff=1
expected=2.499696
actual=2.500000
diff=0.000000
diff=1
expected=2.498272
actual=2.500000
diff=0.000000
diff=1
WARNING: orio.module.loop.submodule.tile.transformation: tile size 1024 must be greater than the stride value 1024; tile index = jjj
expected=2.499553
actual=2.500000
diff=0.000000
diff=1
expected=2.498475
actual=2.500000
diff=0.000000
diff=1
WARNING: orio.module.loop.submodule.tile.transformation: tile size 8 must be greater than the stride value 8; tile index = iii
expected=2.484891
actual=2.500000
diff=0.000000
diff=1
expected=2.490035
actual=2.500000
diff=0.000000
diff=1
expected=2.488143
actual=2.500000
diff=0.000000
diff=1
expected=2.500000
actual=2.500000
diff=0.000000
diff=1
expected=2.500000
actual=2.500000
diff=0.000000
diff=1
expected=2.499815
actual=2.500000
diff=0.000000
diff=1
expected=2.500000
actual=2.500000
diff=0.000000
diff=1
expected=2.499097
actual=2.500000
diff=0.000000
diff=1
expected=2.499980
actual=2.500000
diff=0.000000
diff=1
expected=2.461692
actual=2.500000
diff=0.000000
diff=1
expected=2.499664
actual=2.500000
diff=0.000000
diff=1
expected=2.486276
actual=2.500000
diff=0.000000
diff=1
expected=2.495649
actual=2.500000
diff=0.000000
diff=1
expected=2.488813
actual=2.500000
diff=0.000000
diff=1
WARNING: orio.module.loop.submodule.tile.transformation: tile size 8 must be greater than the stride value 8; tile index = jjj
expected=2.497773
actual=2.500000
diff=0.000000
diff=1
expected=2.482938
actual=2.500000
diff=0.000000
diff=1
expected=2.486259
actual=2.500000
diff=0.000000
diff=1
WARNING: orio.module.loop.submodule.tile.transformation: tile size 2048 must be greater than the stride value 2048; tile index = iii
expected=2.472935
actual=2.500000
diff=0.000000
diff=1
expected=2.498226
actual=2.500000
diff=0.000000
diff=1
expected=2.498454
actual=2.500000
diff=0.000000
diff=1
expected=2.496283
actual=2.500000
diff=0.000000
diff=1
expected=2.499520
actual=2.500000
diff=0.000000
diff=1
expected=2.499762
actual=2.500000
diff=0.000000
diff=1
WARNING: orio.module.loop.submodule.tile.transformation: tile size 2048 must be greater than the stride value 2048; tile index = jjj
expected=2.499215
actual=2.500000
diff=0.000000
diff=1
expected=2.489946
actual=2.500000
diff=0.000000
diff=1
expected=2.498821
actual=2.500000
diff=0.000000
diff=1
WARNING: orio.module.loop.submodule.tile.transformation: tile size 2048 must be greater than the stride value 2048; tile index = iii
WARNING: orio.module.loop.submodule.tile.transformation: tile size 1024 must be greater than the stride value 1024; tile index = jjj
expected=2.462733
actual=2.500000
diff=0.000000
diff=1
expected=2.496661
actual=2.500000
diff=0.000000
diff=1
expected=2.497634
actual=2.500000
diff=0.000000
diff=1
expected=2.495688
actual=2.500000
diff=0.000000
diff=1
expected=2.498465
actual=2.500000
diff=0.000000
diff=1
expected=2.498679
actual=2.500000
diff=0.000000
diff=1
WARNING: orio.module.loop.submodule.tile.transformation: tile size 32 must be greater than the stride value 32; tile index = jjj
expected=2.482291
actual=2.500000
diff=0.000000
diff=1
expected=2.499491
actual=2.500000
diff=0.000000
diff=1
expected=2.499205
actual=2.500000
diff=0.000000
diff=1
expected=2.496836
actual=2.500000
diff=0.000000
diff=1
expected=2.440276
actual=2.500000
diff=0.000000
diff=1
WARNING: orio.module.loop.submodule.tile.transformation: tile size 2048 must be greater than the stride value 2048; tile index = iii
expected=2.499672
actual=2.500000
diff=0.000000
diff=1
WARNING: orio.module.loop.submodule.tile.transformation: tile size 1024 must be greater than the stride value 1024; tile index = jjj
expected=2.500000
actual=2.500000
diff=0.000000
diff=1
expected=2.491774
actual=2.500000
diff=0.000000
diff=1
expected=2.496707
actual=2.500000
diff=0.000000
diff=1
expected=2.498481
actual=2.500000
diff=0.000000
diff=1
WARNING: orio.module.loop.submodule.tile.transformation: tile size 2 must be greater than the stride value 2; tile index = jjj
expected=2.500000
actual=2.500000
diff=0.000000
diff=1
expected=2.499735
actual=2.500000
diff=0.000000
diff=1
WARNING: orio.module.loop.submodule.tile.transformation: tile size 2048 must be greater than the stride value 2048; tile index = jjj
expected=2.495540
actual=2.500000
diff=0.000000
diff=1
WARNING: orio.module.loop.submodule.tile.transformation: tile size 16 must be greater than the stride value 16; tile index = iii
expected=2.500000
actual=2.500000
diff=0.000000
diff=1
expected=2.499168
actual=2.500000
diff=0.000000
diff=1
expected=2.500000
actual=2.500000
diff=0.000000
diff=1
WARNING: orio.module.loop.submodule.tile.transformation: tile size 1024 must be greater than the stride value 1024; tile index = jjj
expected=2.499157
actual=2.500000
diff=0.000000
diff=1
expected=2.499837
actual=2.500000
diff=0.000000
diff=1
WARNING: orio.module.loop.submodule.tile.transformation: tile size 8 must be greater than the stride value 8; tile index = iii
WARNING: orio.module.loop.submodule.tile.transformation: tile size 4 must be greater than the stride value 4; tile index = jjj
expected=2.498410
actual=2.500000
diff=0.000000
diff=1
WARNING: orio.module.loop.submodule.tile.transformation: tile size 1024 must be greater than the stride value 1024; tile index = iii
expected=2.499118
actual=2.500000
diff=0.000000
diff=1
expected=2.499794
actual=2.500000
diff=0.000000
diff=1
WARNING: orio.module.loop.submodule.tile.transformation: tile size 2048 must be greater than the stride value 2048; tile index = iii
expected=2.499229
actual=2.500000
diff=0.000000
diff=1
WARNING: orio.module.loop.submodule.tile.transformation: tile size 1024 must be greater than the stride value 1024; tile index = jjj
expected=2.496266
actual=2.500000
diff=0.000000
diff=1
expected=2.488275
actual=2.500000
diff=0.000000
diff=1
expected=2.498580
actual=2.500000
diff=0.000000
diff=1
expected=2.497890
actual=2.500000
diff=0.000000
diff=1
expected=2.498694
actual=2.500000
diff=0.000000
diff=1
expected=2.491655
actual=2.500000
diff=0.000000
diff=1
expected=2.491103
actual=2.500000
diff=0.000000
diff=1
expected=2.479262
actual=2.500000
diff=0.000000
diff=1
expected=2.498736
actual=2.500000
diff=0.000000
diff=1
expected=2.481434
actual=2.500000
diff=0.000000
diff=1
expected=2.499232
actual=2.500000
diff=0.000000
diff=1
expected=2.499332
actual=2.500000
diff=0.000000
diff=1
expected=2.498387
actual=2.500000
diff=0.000000
diff=1
expected=2.499083
actual=2.500000
diff=0.000000
diff=1
expected=2.499225
actual=2.500000
diff=0.000000
diff=1
WARNING: orio.module.loop.submodule.tile.transformation: tile size 2048 must be greater than the stride value 2048; tile index = iii
WARNING: orio.module.loop.submodule.tile.transformation: tile size 1024 must be greater than the stride value 1024; tile index = jjj
expected=2.499279
actual=2.500000
diff=0.000000
diff=1
WARNING: orio.module.loop.submodule.tile.transformation: tile size 2048 must be greater than the stride value 2048; tile index = iii
WARNING: orio.module.loop.submodule.tile.transformation: tile size 256 must be greater than the stride value 256; tile index = jjj
expected=2.499733
actual=2.500000
diff=0.000000
diff=1
WARNING: orio.module.loop.submodule.tile.transformation: tile size 2048 must be greater than the stride value 2048; tile index = iii
expected=2.497009
actual=2.500000
diff=0.000000
diff=1
WARNING: orio.module.loop.submodule.tile.transformation: tile size 2048 must be greater than the stride value 2048; tile index = iii
expected=2.492437
actual=2.500000
diff=0.000000
diff=1
expected=2.499254
actual=2.500000
diff=0.000000
diff=1
expected=2.499578
actual=2.500000
diff=0.000000
diff=1
expected=2.499745
actual=2.500000
diff=0.000000
diff=1
expected=2.491965
actual=2.500000
diff=0.000000
diff=1
WARNING: orio.module.loop.submodule.tile.transformation: tile size 1024 must be greater than the stride value 1024; tile index = iii
expected=2.427456
actual=2.500000
diff=0.000000
diff=1
WARNING: orio.module.loop.submodule.tile.transformation: tile size 64 must be greater than the stride value 64; tile index = jjj
expected=2.499538
actual=2.500000
diff=0.000000
diff=1
expected=2.495450
actual=2.500000
diff=0.000000
diff=1
expected=2.498164
actual=2.500000
diff=0.000000
diff=1
expected=2.497267
actual=2.500000
diff=0.000000
diff=1
expected=2.500000
actual=2.500000
diff=0.000000
diff=1
expected=2.480217
actual=2.500000
diff=0.000000
diff=1
expected=2.499774
actual=2.500000
diff=0.000000
diff=1
expected=2.484343
actual=2.500000
diff=0.000000
diff=1
WARNING: orio.module.loop.submodule.tile.transformation: tile size 8 must be greater than the stride value 8; tile index = jjj
expected=2.499197
actual=2.500000
diff=0.000000
diff=1
expected=2.499586
actual=2.500000
diff=0.000000
diff=1
expected=2.499467
actual=2.500000
diff=0.000000
diff=1
expected=2.499940
actual=2.500000
diff=0.000000
diff=1
expected=2.498984
actual=2.500000
diff=0.000000
diff=1
expected=2.499505
actual=2.500000
diff=0.000000
diff=1
expected=2.498972
actual=2.500000
diff=0.000000
diff=1
WARNING: orio.module.loop.submodule.tile.transformation: tile size 2048 must be greater than the stride value 2048; tile index = iii
WARNING: orio.module.loop.submodule.tile.transformation: tile size 1024 must be greater than the stride value 1024; tile index = jjj
expected=2.473726
actual=2.500000
diff=0.000000
diff=1
expected=2.494543
actual=2.500000
diff=0.000000
diff=1
expected=2.499079
actual=2.500000
diff=0.000000
diff=1
WARNING: orio.module.loop.submodule.tile.transformation: tile size 2048 must be greater than the stride value 2048; tile index = jjj
expected=2.497434
actual=2.500000
diff=0.000000
diff=1
expected=2.496620
actual=2.500000
diff=0.000000
diff=1
WARNING: orio.module.loop.submodule.tile.transformation: tile size 2048 must be greater than the stride value 2048; tile index = iii
WARNING: orio.module.loop.submodule.tile.transformation: tile size 2 must be greater than the stride value 2; tile index = jjj
expected=2.496660
actual=2.500000
diff=0.000000
diff=1
expected=2.499716
actual=2.500000
diff=0.000000
diff=1
expected=2.500000
actual=2.500000
diff=0.000000
diff=1
expected=2.495333
actual=2.500000
diff=0.000000
diff=1
expected=2.500000
actual=2.500000
diff=0.000000
diff=1
expected=2.497513
actual=2.500000
diff=0.000000
diff=1
expected=2.499781
actual=2.500000
diff=0.000000
diff=1
expected=2.497928
actual=2.500000
diff=0.000000
diff=1
expected=2.497741
actual=2.500000
diff=0.000000
diff=1
expected=2.498239
actual=2.500000
diff=0.000000
diff=1
WARNING: orio.module.loop.submodule.tile.transformation: tile size 1024 must be greater than the stride value 1024; tile index = iii
expected=2.463118
actual=2.500000
diff=0.000000
diff=1
expected=2.495050
actual=2.500000
diff=0.000000
diff=1
expected=2.491752
actual=2.500000
diff=0.000000
diff=1
WARNING: orio.module.loop.submodule.tile.transformation: tile size 2048 must be greater than the stride value 2048; tile index = iii
expected=2.488391
actual=2.500000
diff=0.000000
diff=1
expected=2.499337
actual=2.500000
diff=0.000000
diff=1
expected=2.499846
actual=2.500000
diff=0.000000
diff=1
expected=2.500000
actual=2.500000
diff=0.000000
diff=1
WARNING: orio.module.loop.submodule.tile.transformation: tile size 2048 must be greater than the stride value 2048; tile index = iii
WARNING: orio.module.loop.submodule.tile.transformation: tile size 1024 must be greater than the stride value 1024; tile index = jjj
