
WARNING: orio.module.loop.submodule.tile.transformation: tile size 1024 must be greater than the stride value 1024; tile index = iii
WARNING: orio.module.loop.submodule.tile.transformation: tile size 2048 must be greater than the stride value 2048; tile index = jjj
expected=2.500000
actual=2.500000
diff=0.000000
diff=1
expected=2.500000
actual=2.500000
diff=0.000000
diff=1
expected=2.499354
actual=2.500000
diff=0.000000
diff=1
expected=2.499142
actual=2.500000
diff=0.000000
diff=1
WARNING: orio.module.loop.submodule.tile.transformation: tile size 8 must be greater than the stride value 8; tile index = jjj
expected=2.500000
actual=2.500000
diff=0.000000
diff=1
WARNING: orio.module.loop.submodule.tile.transformation: tile size 2048 must be greater than the stride value 2048; tile index = iii
expected=2.499270
actual=2.500000
diff=0.000000
diff=1
expected=2.498379
actual=2.500000
diff=0.000000
diff=1
WARNING: orio.module.loop.submodule.tile.transformation: tile size 512 must be greater than the stride value 512; tile index = iii
WARNING: orio.module.loop.submodule.tile.transformation: tile size 64 must be greater than the stride value 64; tile index = jjj
expected=2.500000
actual=2.500000
diff=0.000000
diff=1
expected=2.500000
actual=2.500000
diff=0.000000
diff=1
WARNING: orio.module.loop.submodule.tile.transformation: tile size 8 must be greater than the stride value 8; tile index = jjj
expected=2.500000
actual=2.500000
diff=0.000000
diff=1
expected=2.500000
actual=2.500000
diff=0.000000
diff=1
expected=2.500000
actual=2.500000
diff=0.000000
diff=1
expected=2.498228
actual=2.500000
diff=0.000000
diff=1
WARNING: orio.module.loop.submodule.tile.transformation: tile size 2 must be greater than the stride value 2; tile index = jjj
expected=2.497352
actual=2.500000
diff=0.000000
diff=1
expected=2.500000
actual=2.500000
diff=0.000000
diff=1
expected=2.500000
actual=2.500000
diff=0.000000
diff=1
expected=2.499949
actual=2.500000
diff=0.000000
diff=1
expected=2.497307
actual=2.500000
diff=0.000000
diff=1
expected=2.500000
actual=2.500000
diff=0.000000
diff=1
expected=2.498928
actual=2.500000
diff=0.000000
diff=1
WARNING: orio.module.loop.submodule.tile.transformation: tile size 32 must be greater than the stride value 32; tile index = jjj
expected=2.500000
actual=2.500000
diff=0.000000
diff=1
WARNING: orio.module.loop.submodule.tile.transformation: tile size 2048 must be greater than the stride value 2048; tile index = iii
expected=2.500000
actual=2.500000
diff=0.000000
diff=1
expected=2.499576
actual=2.500000
diff=0.000000
diff=1
expected=2.498973
actual=2.500000
diff=0.000000
diff=1
WARNING: orio.module.loop.submodule.tile.transformation: tile size 4 must be greater than the stride value 4; tile index = iii
WARNING: orio.module.loop.submodule.tile.transformation: tile size 2048 must be greater than the stride value 2048; tile index = jjj
expected=2.498033
actual=2.500000
diff=0.000000
diff=1
expected=2.857092
actual=2.500000
diff=0.000000
diff=1
expected=2.500000
actual=2.500000
diff=0.000000
diff=1
expected=2.499694
actual=2.500000
diff=0.000000
diff=1
WARNING: orio.module.loop.submodule.tile.transformation: tile size 2048 must be greater than the stride value 2048; tile index = iii
expected=2.491672
actual=2.500000
diff=0.000000
diff=1
expected=2.359558
actual=2.500000
diff=0.000000
diff=1
expected=2.497600
actual=2.500000
diff=0.000000
diff=1
expected=2.499684
actual=2.500000
diff=0.000000
diff=1
WARNING: orio.module.loop.submodule.tile.transformation: tile size 1024 must be greater than the stride value 1024; tile index = jjj
expected=2.499524
actual=2.500000
diff=0.000000
diff=1
expected=2.498995
actual=2.500000
diff=0.000000
diff=1
WARNING: orio.module.loop.submodule.tile.transformation: tile size 128 must be greater than the stride value 128; tile index = iii
WARNING: orio.module.loop.submodule.tile.transformation: tile size 2048 must be greater than the stride value 2048; tile index = jjj
expected=2.499695
actual=2.500000
diff=0.000000
diff=1
WARNING: orio.module.loop.submodule.tile.transformation: tile size 2048 must be greater than the stride value 2048; tile index = iii
WARNING: orio.module.loop.submodule.tile.transformation: tile size 64 must be greater than the stride value 64; tile index = jjj
expected=2.499740
actual=2.500000
diff=0.000000
diff=1
expected=2.497398
actual=2.500000
diff=0.000000
diff=1
WARNING: orio.module.loop.submodule.tile.transformation: tile size 32 must be greater than the stride value 32; tile index = jjj
expected=2.498922
actual=2.500000
diff=0.000000
diff=1
expected=2.499223
actual=2.500000
diff=0.000000
diff=1
expected=2.500000
actual=2.500000
diff=0.000000
diff=1
WARNING: orio.module.loop.submodule.tile.transformation: tile size 2048 must be greater than the stride value 2048; tile index = jjj
expected=2.496144
actual=2.500000
diff=0.000000
diff=1
expected=2.499658
actual=2.500000
diff=0.000000
diff=1
WARNING: orio.module.loop.submodule.tile.transformation: tile size 2048 must be greater than the stride value 2048; tile index = jjj
expected=2.499053
actual=2.500000
diff=0.000000
diff=1
WARNING: orio.module.loop.submodule.tile.transformation: tile size 32 must be greater than the stride value 32; tile index = iii
expected=2.498863
actual=2.500000
diff=0.000000
diff=1
expected=2.497327
actual=2.500000
diff=0.000000
diff=1
expected=2.489174
actual=2.500000
diff=0.000000
diff=1
expected=2.496386
actual=2.500000
diff=0.000000
diff=1
expected=2.500000
actual=2.500000
diff=0.000000
diff=1
expected=2.499820
actual=2.500000
diff=0.000000
diff=1
expected=2.499989
actual=2.500000
diff=0.000000
diff=1
WARNING: orio.module.loop.submodule.tile.transformation: tile size 128 must be greater than the stride value 128; tile index = jjj
expected=2.491022
actual=2.500000
diff=0.000000
diff=1
WARNING: orio.module.loop.submodule.tile.transformation: tile size 2 must be greater than the stride value 2; tile index = jjj
expected=2.500000
actual=2.500000
diff=0.000000
diff=1
expected=2.484069
actual=2.500000
diff=0.000000
diff=1
WARNING: orio.module.loop.submodule.tile.transformation: tile size 32 must be greater than the stride value 32; tile index = jjj
expected=2.499598
actual=2.500000
diff=0.000000
diff=1
WARNING: orio.module.loop.submodule.tile.transformation: tile size 64 must be greater than the stride value 64; tile index = jjj
expected=2.499090
actual=2.500000
diff=0.000000
diff=1
WARNING: orio.module.loop.submodule.tile.transformation: tile size 2048 must be greater than the stride value 2048; tile index = jjj
expected=2.476948
actual=2.500000
diff=0.000000
diff=1
expected=2.500000
actual=2.500000
diff=0.000000
diff=1
expected=2.663092
actual=2.500000
diff=0.000000
diff=1
expected=2.496324
actual=2.500000
diff=0.000000
diff=1
expected=2.499348
actual=2.500000
diff=0.000000
diff=1
WARNING: orio.module.loop.submodule.tile.transformation: tile size 2048 must be greater than the stride value 2048; tile index = jjj
expected=2.499885
actual=2.500000
diff=0.000000
diff=1
expected=2.492582
actual=2.500000
diff=0.000000
diff=1
expected=2.500000
actual=2.500000
diff=0.000000
diff=1
expected=2.494661
actual=2.500000
diff=0.000000
diff=1
expected=2.499119
actual=2.500000
diff=0.000000
diff=1
expected=2.499149
actual=2.500000
diff=0.000000
diff=1
expected=2.498864
actual=2.500000
diff=0.000000
diff=1
expected=2.500000
actual=2.500000
diff=0.000000
diff=1
expected=2.496460
actual=2.500000
diff=0.000000
diff=1
expected=2.500000
actual=2.500000
diff=0.000000
diff=1
expected=2.499330
actual=2.500000
diff=0.000000
diff=1
WARNING: orio.module.loop.submodule.tile.transformation: tile size 2 must be greater than the stride value 2; tile index = iii
expected=2.498394
actual=2.500000
diff=0.000000
diff=1
expected=2.499102
actual=2.500000
diff=0.000000
diff=1
expected=2.497855
actual=2.500000
diff=0.000000
diff=1
expected=2.498934
actual=2.500000
diff=0.000000
diff=1
expected=2.471262
actual=2.500000
diff=0.000000
diff=1
expected=2.500000
actual=2.500000
diff=0.000000
diff=1
WARNING: orio.module.loop.submodule.tile.transformation: tile size 2048 must be greater than the stride value 2048; tile index = jjj
expected=2.499017
actual=2.500000
diff=0.000000
diff=1
expected=2.494724
actual=2.500000
diff=0.000000
diff=1
expected=2.475972
actual=2.500000
diff=0.000000
diff=1
expected=2.499557
actual=2.500000
diff=0.000000
diff=1
expected=2.496718
actual=2.500000
diff=0.000000
diff=1
expected=2.499969
actual=2.500000
diff=0.000000
diff=1
expected=2.499888
actual=2.500000
diff=0.000000
diff=1
expected=2.463349
actual=2.500000
diff=0.000000
diff=1
expected=2.499794
actual=2.500000
diff=0.000000
diff=1
expected=2.498443
actual=2.500000
diff=0.000000
diff=1
expected=2.500000
actual=2.500000
diff=0.000000
diff=1
expected=2.499873
actual=2.500000
diff=0.000000
diff=1
expected=2.475549
actual=2.500000
diff=0.000000
diff=1
expected=2.497733
actual=2.500000
diff=0.000000
diff=1
WARNING: orio.module.loop.submodule.tile.transformation: tile size 2048 must be greater than the stride value 2048; tile index = jjj
