
WARNING: orio.module.loop.submodule.tile.transformation: tile size 256 must be greater than the stride value 256; tile index = iii
expected=2.496284
actual=2.500000
diff=0.000000
diff=1
expected=2.500000
actual=2.500000
diff=0.000000
diff=1
expected=2.500000
actual=2.500000
diff=0.000000
diff=1
expected=2.500000
actual=2.500000
diff=0.000000
diff=1
WARNING: orio.module.loop.submodule.tile.transformation: tile size 2048 must be greater than the stride value 2048; tile index = iii
expected=2.486594
actual=2.500000
diff=0.000000
diff=1
expected=2.500000
actual=2.500000
diff=0.000000
diff=1
expected=2.499437
actual=2.500000
diff=0.000000
diff=1
expected=2.500000
actual=2.500000
diff=0.000000
diff=1
expected=2.500000
actual=2.500000
diff=0.000000
diff=1
expected=2.499944
actual=2.500000
diff=0.000000
diff=1
expected=2.497853
actual=2.500000
diff=0.000000
diff=1
WARNING: orio.module.loop.submodule.tile.transformation: tile size 128 must be greater than the stride value 128; tile index = iii
WARNING: orio.module.loop.submodule.tile.transformation: tile size 2048 must be greater than the stride value 2048; tile index = jjj
expected=2.500000
actual=2.500000
diff=0.000000
diff=1
expected=2.500000
actual=2.500000
diff=0.000000
diff=1
expected=2.499335
actual=2.500000
diff=0.000000
diff=1
expected=2.500000
actual=2.500000
diff=0.000000
diff=1
expected=2.499224
actual=2.500000
diff=0.000000
diff=1
WARNING: orio.module.loop.submodule.tile.transformation: tile size 16 must be greater than the stride value 16; tile index = jjj
expected=2.500000
actual=2.500000
diff=0.000000
diff=1
expected=2.500000
actual=2.500000
diff=0.000000
diff=1
expected=2.395829
actual=2.500000
diff=0.000000
diff=1
expected=2.500000
actual=2.500000
diff=0.000000
diff=1
expected=2.500000
actual=2.500000
diff=0.000000
diff=1
WARNING: orio.module.loop.submodule.tile.transformation: tile size 128 must be greater than the stride value 128; tile index = iii
WARNING: orio.module.loop.submodule.tile.transformation: tile size 32 must be greater than the stride value 32; tile index = jjj
expected=2.498300
actual=2.500000
diff=0.000000
diff=1
expected=2.500000
actual=2.500000
diff=0.000000
diff=1
expected=2.494626
actual=2.500000
diff=0.000000
diff=1
WARNING: orio.module.loop.submodule.tile.transformation: tile size 2048 must be greater than the stride value 2048; tile index = iii
expected=2.500000
actual=2.500000
diff=0.000000
diff=1
WARNING: orio.module.loop.submodule.tile.transformation: tile size 2048 must be greater than the stride value 2048; tile index = iii
WARNING: orio.module.loop.submodule.tile.transformation: tile size 32 must be greater than the stride value 32; tile index = jjj
expected=2.500000
actual=2.500000
diff=0.000000
diff=1
expected=2.500000
actual=2.500000
diff=0.000000
diff=1
expected=2.496455
actual=2.500000
diff=0.000000
diff=1
WARNING: orio.module.loop.submodule.tile.transformation: tile size 2048 must be greater than the stride value 2048; tile index = jjj
expected=2.490438
actual=2.500000
diff=0.000000
diff=1
WARNING: orio.module.loop.submodule.tile.transformation: tile size 2048 must be greater than the stride value 2048; tile index = jjj
expected=2.500000
actual=2.500000
diff=0.000000
diff=1
expected=2.495997
actual=2.500000
diff=0.000000
diff=1
WARNING: orio.module.loop.submodule.tile.transformation: tile size 2048 must be greater than the stride value 2048; tile index = iii
expected=4.989791
actual=2.500000
diff=2.000000
diff=0
[00;31mERROR: orio.main.tuner.ptest_driver: failed to execute the test code: "timeout --kill-after=30s --signal=9 20m  ./__orio_perftest32.exe  "
 --> CalledProcessError: Command 'timeout --kill-after=30s --signal=9 20m  ./__orio_perftest32.exe  ' returned non-zero exit status 1[00m
[00;31mERROR: orio.main.tuner.ptest_driver:  performance testing failed: "timeout --kill-after=30s --signal=9 20m  ./__orio_perftest32.exe  "[00m
expected=2.500000
actual=2.500000
diff=0.000000
diff=1
WARNING: orio.module.loop.submodule.tile.transformation: tile size 2048 must be greater than the stride value 2048; tile index = iii
WARNING: orio.module.loop.submodule.tile.transformation: tile size 128 must be greater than the stride value 128; tile index = jjj
expected=2.499816
actual=2.500000
diff=0.000000
diff=1
expected=2.486577
actual=2.500000
diff=0.000000
diff=1
expected=2.490512
actual=2.500000
diff=0.000000
diff=1
WARNING: orio.module.loop.submodule.tile.transformation: tile size 2048 must be greater than the stride value 2048; tile index = jjj
expected=2.500000
actual=2.500000
diff=0.000000
diff=1
expected=2.489286
actual=2.500000
diff=0.000000
diff=1
WARNING: orio.module.loop.submodule.tile.transformation: tile size 64 must be greater than the stride value 64; tile index = iii
expected=2.468104
actual=2.500000
diff=0.000000
diff=1
expected=2.499567
actual=2.500000
diff=0.000000
diff=1
WARNING: orio.module.loop.submodule.tile.transformation: tile size 512 must be greater than the stride value 512; tile index = iii
expected=2.499995
actual=2.500000
diff=0.000000
diff=1
WARNING: orio.module.loop.submodule.tile.transformation: tile size 1024 must be greater than the stride value 1024; tile index = iii
expected=2.495046
actual=2.500000
diff=0.000000
diff=1
expected=2.478628
actual=2.500000
diff=0.000000
diff=1
expected=2.499732
actual=2.500000
diff=0.000000
diff=1
expected=2.499266
actual=2.500000
diff=0.000000
diff=1
expected=2.500000
actual=2.500000
diff=0.000000
diff=1
expected=2.499480
actual=2.500000
diff=0.000000
diff=1
expected=2.447710
actual=2.500000
diff=0.000000
diff=1
expected=2.497727
actual=2.500000
diff=0.000000
diff=1
expected=2.499892
actual=2.500000
diff=0.000000
diff=1
expected=2.499946
actual=2.500000
diff=0.000000
diff=1
expected=2.499786
actual=2.500000
diff=0.000000
diff=1
expected=2.499371
actual=2.500000
diff=0.000000
diff=1
expected=2.487755
actual=2.500000
diff=0.000000
diff=1
expected=2.426125
actual=2.500000
diff=0.000000
diff=1
expected=2.487782
actual=2.500000
diff=0.000000
diff=1
WARNING: orio.module.loop.submodule.tile.transformation: tile size 2048 must be greater than the stride value 2048; tile index = jjj
expected=2.488013
actual=2.500000
diff=0.000000
diff=1
expected=2.448966
actual=2.500000
diff=0.000000
diff=1
expected=2.486407
actual=2.500000
diff=0.000000
diff=1
expected=2.496834
actual=2.500000
diff=0.000000
diff=1
WARNING: orio.module.loop.submodule.tile.transformation: tile size 2048 must be greater than the stride value 2048; tile index = jjj
expected=2.491296
actual=2.500000
diff=0.000000
diff=1
WARNING: orio.module.loop.submodule.tile.transformation: tile size 1024 must be greater than the stride value 1024; tile index = iii
expected=2.487309
actual=2.500000
diff=0.000000
diff=1
WARNING: orio.module.loop.submodule.tile.transformation: tile size 2048 must be greater than the stride value 2048; tile index = jjj
expected=2.489425
actual=2.500000
diff=0.000000
diff=1
expected=2.496978
actual=2.500000
diff=0.000000
diff=1
expected=2.496774
actual=2.500000
diff=0.000000
diff=1
WARNING: orio.module.loop.submodule.tile.transformation: tile size 1024 must be greater than the stride value 1024; tile index = iii
expected=2.499286
actual=2.500000
diff=0.000000
diff=1
WARNING: orio.module.loop.submodule.tile.transformation: tile size 1024 must be greater than the stride value 1024; tile index = iii
expected=2.483870
actual=2.500000
diff=0.000000
diff=1
expected=2.496464
actual=2.500000
diff=0.000000
diff=1
expected=2.470591
actual=2.500000
diff=0.000000
diff=1
WARNING: orio.module.loop.submodule.tile.transformation: tile size 1024 must be greater than the stride value 1024; tile index = iii
expected=2.498094
actual=2.500000
diff=0.000000
diff=1
WARNING: orio.module.loop.submodule.tile.transformation: tile size 1024 must be greater than the stride value 1024; tile index = iii
WARNING: orio.module.loop.submodule.tile.transformation: tile size 64 must be greater than the stride value 64; tile index = jjj
expected=2.468347
actual=2.500000
diff=0.000000
diff=1
expected=2.496899
actual=2.500000
diff=0.000000
diff=1
expected=2.500000
actual=2.500000
diff=0.000000
diff=1
expected=2.428807
actual=2.500000
diff=0.000000
diff=1
WARNING: orio.module.loop.submodule.tile.transformation: tile size 1024 must be greater than the stride value 1024; tile index = iii
WARNING: orio.module.loop.submodule.tile.transformation: tile size 2048 must be greater than the stride value 2048; tile index = jjj
expected=2.487206
actual=2.500000
diff=0.000000
diff=1
expected=2.491206
actual=2.500000
diff=0.000000
diff=1
WARNING: orio.module.loop.submodule.tile.transformation: tile size 64 must be greater than the stride value 64; tile index = jjj
expected=2.493892
actual=2.500000
diff=0.000000
diff=1
WARNING: orio.module.loop.submodule.tile.transformation: tile size 1024 must be greater than the stride value 1024; tile index = iii
expected=2.488791
actual=2.500000
diff=0.000000
diff=1
expected=2.491415
actual=2.500000
diff=0.000000
diff=1
WARNING: orio.module.loop.submodule.tile.transformation: tile size 2048 must be greater than the stride value 2048; tile index = jjj
expected=2.492702
actual=2.500000
diff=0.000000
diff=1
expected=4.898304
actual=2.500000
diff=2.000000
diff=0
[00;31mERROR: orio.main.tuner.ptest_driver: failed to execute the test code: "timeout --kill-after=30s --signal=9 20m  ./__orio_perftest81.exe  "
 --> CalledProcessError: Command 'timeout --kill-after=30s --signal=9 20m  ./__orio_perftest81.exe  ' returned non-zero exit status 1[00m
[00;31mERROR: orio.main.tuner.ptest_driver:  performance testing failed: "timeout --kill-after=30s --signal=9 20m  ./__orio_perftest81.exe  "[00m
WARNING: orio.module.loop.submodule.tile.transformation: tile size 1024 must be greater than the stride value 1024; tile index = iii
expected=2.477624
actual=2.500000
diff=0.000000
diff=1
expected=2.485927
actual=2.500000
diff=0.000000
diff=1
expected=2.490923
actual=2.500000
diff=0.000000
diff=1
/usr/lib/python2.7/dist-packages/rpy2/rinterface/__init__.py:186: RRuntimeWarning: Error in lm.fit(x, y, offset = offset, singular.ok = singular.ok, ...) : 
  0 (non-NA) cases

  warnings.warn(x, RRuntimeWarning)
Traceback (most recent call last):
  File "../../../orcc", line 27, in <module>
    orio.main.orio_main.start(sys.argv, orio.main.orio_main.C_CPP)
  File "/root/dlmt_spapt_experiments/orio/orio/main/orio_main.py", line 109, in start
    optimized_code_seq = odriver.optimizeCodeFrags(cfrags, True)
  File "/root/dlmt_spapt_experiments/orio/orio/main/opt_driver.py", line 45, in optimizeCodeFrags
    cur_seq = self.__optimizeCodeFrag(cf, perf_params)
  File "/root/dlmt_spapt_experiments/orio/orio/main/opt_driver.py", line 120, in __optimizeCodeFrag
    cfrag.cfrags)
  File "/root/dlmt_spapt_experiments/orio/orio/main/tuner/tuner.py", line 152, in tune
    best_perf_params, best_perf_cost = search_eng.search()
  File "/root/dlmt_spapt_experiments/orio/orio/main/tuner/search/search.py", line 133, in search
    best_coord,best_perf,search_time,speedup = self.searchBestCoord(startCoord)
  File "/root/dlmt_spapt_experiments/orio/orio/main/tuner/search/dlmt/dlmt.py", line 930, in searchBestCoord
    best_point, used_points = self.dopt_anova()
  File "/root/dlmt_spapt_experiments/orio/orio/main/tuner/search/dlmt/dlmt.py", line 823, in dopt_anova
    step_data = self.dopt_anova_step(budget, trials, i)
  File "/root/dlmt_spapt_experiments/orio/orio/main/tuner/search/dlmt/dlmt.py", line 738, in dopt_anova_step
    regression, prf_values = self.anova(design, lm_formula)
  File "/root/dlmt_spapt_experiments/orio/orio/main/tuner/search/dlmt/dlmt.py", line 325, in anova
    if self.test_heteroscedasticity(aov_data, formula, heteroscedasticity_threshold):
  File "/root/dlmt_spapt_experiments/orio/orio/main/tuner/search/dlmt/dlmt.py", line 305, in test_heteroscedasticity
    heteroscedasticity_test = self.car.ncvTest(lm_regression)
  File "/usr/lib/python2.7/dist-packages/rpy2/robjects/functions.py", line 178, in __call__
    return super(SignatureTranslatedFunction, self).__call__(*args, **kwargs)
  File "/usr/lib/python2.7/dist-packages/rpy2/robjects/functions.py", line 106, in __call__
    res = super(Function, self).__call__(*new_args, **new_kwargs)
rpy2.rinterface.RRuntimeError: Error in lm.fit(x, y, offset = offset, singular.ok = singular.ok, ...) : 
  0 (non-NA) cases

