
/usr/lib/python2.7/dist-packages/rpy2/rinterface/__init__.py:186: RRuntimeWarning: Loading required package: rngWELL

  warnings.warn(x, RRuntimeWarning)
/usr/lib/python2.7/dist-packages/rpy2/rinterface/__init__.py:186: RRuntimeWarning: This is randtoolbox. For an overview, type 'help("randtoolbox")'.

  warnings.warn(x, RRuntimeWarning)
WARNING: orio.module.loop.submodule.tile.transformation: tile size 32 must be greater than the stride value 32; tile index = jjj
expected=2.494415
actual=2.500000
diff=0.000000
diff=1
WARNING: orio.module.loop.submodule.tile.transformation: tile size 256 must be greater than the stride value 256; tile index = jjj
expected=2.437237
actual=2.500000
diff=0.000000
diff=1
expected=2.499838
actual=2.500000
diff=0.000000
diff=1
expected=2.497215
actual=2.500000
diff=0.000000
diff=1
expected=2.500000
actual=2.500000
diff=0.000000
diff=1
expected=2.500000
actual=2.500000
diff=0.000000
diff=1
expected=2.500000
actual=2.500000
diff=0.000000
diff=1
expected=2.496525
actual=2.500000
diff=0.000000
diff=1
expected=2.453176
actual=2.500000
diff=0.000000
diff=1
expected=2.500000
actual=2.500000
diff=0.000000
diff=1
WARNING: orio.module.loop.submodule.tile.transformation: tile size 256 must be greater than the stride value 256; tile index = jjj
expected=2.491275
actual=2.500000
diff=0.000000
diff=1
WARNING: orio.module.loop.submodule.tile.transformation: tile size 16 must be greater than the stride value 16; tile index = iii
expected=2.497629
actual=2.500000
diff=0.000000
diff=1
expected=2.487966
actual=2.500000
diff=0.000000
diff=1
expected=2.499944
actual=2.500000
diff=0.000000
diff=1
WARNING: orio.module.loop.submodule.tile.transformation: tile size 128 must be greater than the stride value 128; tile index = iii
WARNING: orio.module.loop.submodule.tile.transformation: tile size 2 must be greater than the stride value 2; tile index = jjj
expected=2.500000
actual=2.500000
diff=0.000000
diff=1
expected=2.497879
actual=2.500000
diff=0.000000
diff=1
expected=2.499795
actual=2.500000
diff=0.000000
diff=1
expected=2.499948
actual=2.500000
diff=0.000000
diff=1
expected=2.500000
actual=2.500000
diff=0.000000
diff=1
expected=2.497230
actual=2.500000
diff=0.000000
diff=1
expected=2.500000
actual=2.500000
diff=0.000000
diff=1
expected=2.500000
actual=2.500000
diff=0.000000
diff=1
WARNING: orio.module.loop.submodule.tile.transformation: tile size 512 must be greater than the stride value 512; tile index = jjj
expected=2.500000
actual=2.500000
diff=0.000000
diff=1
expected=2.500000
actual=2.500000
diff=0.000000
diff=1
WARNING: orio.module.loop.submodule.tile.transformation: tile size 4 must be greater than the stride value 4; tile index = iii
WARNING: orio.module.loop.submodule.tile.transformation: tile size 512 must be greater than the stride value 512; tile index = jjj
expected=2.495763
actual=2.500000
diff=0.000000
diff=1
expected=2.500000
actual=2.500000
diff=0.000000
diff=1
expected=2.500000
actual=2.500000
diff=0.000000
diff=1
expected=2.490125
actual=2.500000
diff=0.000000
diff=1
WARNING: orio.module.loop.submodule.tile.transformation: tile size 64 must be greater than the stride value 64; tile index = jjj
expected=2.500000
actual=2.500000
diff=0.000000
diff=1
WARNING: orio.module.loop.submodule.tile.transformation: tile size 128 must be greater than the stride value 128; tile index = jjj
expected=2.498972
actual=2.500000
diff=0.000000
diff=1
expected=2.500000
actual=2.500000
diff=0.000000
diff=1
expected=2.498024
actual=2.500000
diff=0.000000
diff=1
expected=2.449891
actual=2.500000
diff=0.000000
diff=1
WARNING: orio.module.loop.submodule.tile.transformation: tile size 1024 must be greater than the stride value 1024; tile index = iii
expected=2.500000
actual=2.500000
diff=0.000000
diff=1
expected=2.498854
actual=2.500000
diff=0.000000
diff=1
expected=2.498359
actual=2.500000
diff=0.000000
diff=1
expected=2.498958
actual=2.500000
diff=0.000000
diff=1
/usr/lib/python2.7/dist-packages/rpy2/rinterface/__init__.py:186: RRuntimeWarning: Loading required package: foreach

  warnings.warn(x, RRuntimeWarning)
/usr/lib/python2.7/dist-packages/rpy2/rinterface/__init__.py:186: RRuntimeWarning: Loading required package: iterators

  warnings.warn(x, RRuntimeWarning)
/usr/lib/python2.7/dist-packages/rpy2/rinterface/__init__.py:186: RRuntimeWarning: Loading required package: parallel

  warnings.warn(x, RRuntimeWarning)
WARNING: orio.module.loop.submodule.tile.transformation: tile size 2048 must be greater than the stride value 2048; tile index = iii
expected=2.500000
actual=2.500000
diff=0.000000
diff=1
expected=2.498110
actual=2.500000
diff=0.000000
diff=1
WARNING: orio.module.loop.submodule.tile.transformation: tile size 1024 must be greater than the stride value 1024; tile index = iii
expected=2.496815
actual=2.500000
diff=0.000000
diff=1
WARNING: orio.module.loop.submodule.tile.transformation: tile size 1024 must be greater than the stride value 1024; tile index = iii
WARNING: orio.module.loop.submodule.tile.transformation: tile size 256 must be greater than the stride value 256; tile index = jjj
expected=2.493303
actual=2.500000
diff=0.000000
diff=1
WARNING: orio.module.loop.submodule.tile.transformation: tile size 1024 must be greater than the stride value 1024; tile index = jjj
expected=2.498258
actual=2.500000
diff=0.000000
diff=1
expected=2.492318
actual=2.500000
diff=0.000000
diff=1
WARNING: orio.module.loop.submodule.tile.transformation: tile size 512 must be greater than the stride value 512; tile index = iii
WARNING: orio.module.loop.submodule.tile.transformation: tile size 512 must be greater than the stride value 512; tile index = jjj
expected=2.496158
actual=2.500000
diff=0.000000
diff=1
expected=2.497870
actual=2.500000
diff=0.000000
diff=1
WARNING: orio.module.loop.submodule.tile.transformation: tile size 1024 must be greater than the stride value 1024; tile index = iii
expected=2.498949
actual=2.500000
diff=0.000000
diff=1
expected=2.496387
actual=2.500000
diff=0.000000
diff=1
WARNING: orio.module.loop.submodule.tile.transformation: tile size 1024 must be greater than the stride value 1024; tile index = jjj
expected=2.497744
actual=2.500000
diff=0.000000
diff=1
WARNING: orio.module.loop.submodule.tile.transformation: tile size 1024 must be greater than the stride value 1024; tile index = jjj
expected=2.486682
actual=2.500000
diff=0.000000
diff=1
WARNING: orio.module.loop.submodule.tile.transformation: tile size 512 must be greater than the stride value 512; tile index = iii
WARNING: orio.module.loop.submodule.tile.transformation: tile size 2048 must be greater than the stride value 2048; tile index = jjj
expected=2.496019
actual=2.500000
diff=0.000000
diff=1
expected=2.500000
actual=2.500000
diff=0.000000
diff=1
expected=2.499008
actual=2.500000
diff=0.000000
diff=1
expected=2.499470
actual=2.500000
diff=0.000000
diff=1
expected=2.469912
actual=2.500000
diff=0.000000
diff=1
expected=2.495060
actual=2.500000
diff=0.000000
diff=1
expected=2.500000
actual=2.500000
diff=0.000000
diff=1
expected=2.500000
actual=2.500000
diff=0.000000
diff=1
WARNING: orio.module.loop.submodule.tile.transformation: tile size 4 must be greater than the stride value 4; tile index = jjj
expected=2.498335
actual=2.500000
diff=0.000000
diff=1
expected=2.499641
actual=2.500000
diff=0.000000
diff=1
expected=2.499784
actual=2.500000
diff=0.000000
diff=1
expected=2.490660
actual=2.500000
diff=0.000000
diff=1
expected=2.499720
actual=2.500000
diff=0.000000
diff=1
expected=2.499786
actual=2.500000
diff=0.000000
diff=1
expected=2.478588
actual=2.500000
diff=0.000000
diff=1
expected=2.476891
actual=2.500000
diff=0.000000
diff=1
expected=2.499993
actual=2.500000
diff=0.000000
diff=1
expected=2.482463
actual=2.500000
diff=0.000000
diff=1
WARNING: orio.module.loop.submodule.tile.transformation: tile size 128 must be greater than the stride value 128; tile index = jjj
expected=2.487558
actual=2.500000
diff=0.000000
diff=1
expected=2.475056
actual=2.500000
diff=0.000000
diff=1
expected=2.493377
actual=2.500000
diff=0.000000
diff=1
expected=2.493920
actual=2.500000
diff=0.000000
diff=1
expected=2.499831
actual=2.500000
diff=0.000000
diff=1
expected=2.497798
actual=2.500000
diff=0.000000
diff=1
expected=2.499513
actual=2.500000
diff=0.000000
diff=1
expected=2.481470
actual=2.500000
diff=0.000000
diff=1
expected=2.494588
actual=2.500000
diff=0.000000
diff=1
expected=2.399803
actual=2.500000
diff=0.000000
diff=1
expected=2.499083
actual=2.500000
diff=0.000000
diff=1
expected=2.498552
actual=2.500000
diff=0.000000
diff=1
expected=2.499133
actual=2.500000
diff=0.000000
diff=1
expected=2.482016
actual=2.500000
diff=0.000000
diff=1
expected=2.499003
actual=2.500000
diff=0.000000
diff=1
expected=2.498340
actual=2.500000
diff=0.000000
diff=1
expected=2.498233
actual=2.500000
diff=0.000000
diff=1
expected=2.498787
actual=2.500000
diff=0.000000
diff=1
expected=2.498677
actual=2.500000
diff=0.000000
diff=1
expected=2.492096
actual=2.500000
diff=0.000000
diff=1
expected=4.998439
actual=2.500000
diff=2.000000
diff=0
[00;31mERROR: orio.main.tuner.ptest_driver: failed to execute the test code: "timeout --kill-after=30s --signal=9 20m  ./__orio_perftest88.exe  "
 --> CalledProcessError: Command 'timeout --kill-after=30s --signal=9 20m  ./__orio_perftest88.exe  ' returned non-zero exit status 1[00m
[00;31mERROR: orio.main.tuner.ptest_driver:  performance testing failed: "timeout --kill-after=30s --signal=9 20m  ./__orio_perftest88.exe  "[00m
expected=2.489309
actual=2.500000
diff=0.000000
diff=1
WARNING: orio.module.loop.submodule.tile.transformation: tile size 2048 must be greater than the stride value 2048; tile index = iii
WARNING: orio.module.loop.submodule.tile.transformation: tile size 256 must be greater than the stride value 256; tile index = jjj
expected=2.494655
actual=2.500000
diff=0.000000
diff=1
WARNING: orio.module.loop.submodule.tile.transformation: tile size 2048 must be greater than the stride value 2048; tile index = iii
expected=2.411569
actual=2.500000
diff=0.000000
diff=1
expected=2.444436
actual=2.500000
diff=0.000000
diff=1
expected=2.430135
actual=2.500000
diff=0.000000
diff=1
WARNING: orio.module.loop.submodule.tile.transformation: tile size 1024 must be greater than the stride value 1024; tile index = iii
expected=2.488142
actual=2.500000
diff=0.000000
diff=1
WARNING: orio.module.loop.submodule.tile.transformation: tile size 1024 must be greater than the stride value 1024; tile index = iii
expected=2.490594
actual=2.500000
diff=0.000000
diff=1
expected=2.500000
actual=2.500000
diff=0.000000
diff=1
expected=2.490898
actual=2.500000
diff=0.000000
diff=1
WARNING: orio.module.loop.submodule.tile.transformation: tile size 2048 must be greater than the stride value 2048; tile index = iii
expected=2.321932
actual=2.500000
diff=0.000000
diff=1
expected=2.499551
actual=2.500000
diff=0.000000
diff=1
WARNING: orio.module.loop.submodule.tile.transformation: tile size 2048 must be greater than the stride value 2048; tile index = iii
expected=2.497070
actual=2.500000
diff=0.000000
diff=1
expected=2.499730
actual=2.500000
diff=0.000000
diff=1
WARNING: orio.module.loop.submodule.tile.transformation: tile size 2048 must be greater than the stride value 2048; tile index = iii
expected=2.472073
actual=2.500000
diff=0.000000
diff=1
expected=2.490880
actual=2.500000
diff=0.000000
diff=1
expected=2.497555
actual=2.500000
diff=0.000000
diff=1
expected=2.495259
actual=2.500000
diff=0.000000
diff=1
expected=2.497812
actual=2.500000
diff=0.000000
diff=1
expected=2.496458
actual=2.500000
diff=0.000000
diff=1
expected=2.492632
actual=2.500000
diff=0.000000
diff=1
expected=2.499006
actual=2.500000
diff=0.000000
diff=1
expected=2.498690
actual=2.500000
diff=0.000000
diff=1
expected=2.499280
actual=2.500000
diff=0.000000
diff=1
expected=2.499474
actual=2.500000
diff=0.000000
diff=1
expected=2.497087
actual=2.500000
diff=0.000000
diff=1
expected=2.498036
actual=2.500000
diff=0.000000
diff=1
expected=2.499855
actual=2.500000
diff=0.000000
diff=1
expected=2.499711
actual=2.500000
diff=0.000000
diff=1
expected=2.487085
actual=2.500000
diff=0.000000
diff=1
expected=2.499740
actual=2.500000
diff=0.000000
diff=1
expected=2.498368
actual=2.500000
diff=0.000000
diff=1
expected=2.497992
actual=2.500000
diff=0.000000
diff=1
expected=2.498810
actual=2.500000
diff=0.000000
diff=1
expected=2.492854
actual=2.500000
diff=0.000000
diff=1
expected=2.497585
actual=2.500000
diff=0.000000
diff=1
expected=2.492633
actual=2.500000
diff=0.000000
diff=1
WARNING: orio.module.loop.submodule.tile.transformation: tile size 64 must be greater than the stride value 64; tile index = iii
expected=2.495697
actual=2.500000
diff=0.000000
diff=1
expected=2.498556
actual=2.500000
diff=0.000000
diff=1
expected=2.500000
actual=2.500000
diff=0.000000
diff=1
expected=2.493734
actual=2.500000
diff=0.000000
diff=1
expected=2.499973
actual=2.500000
diff=0.000000
diff=1
expected=2.498781
actual=2.500000
diff=0.000000
diff=1
WARNING: orio.module.loop.submodule.tile.transformation: tile size 2048 must be greater than the stride value 2048; tile index = iii
expected=2.500000
actual=2.500000
diff=0.000000
diff=1
expected=2.493863
actual=2.500000
diff=0.000000
diff=1
WARNING: orio.module.loop.submodule.tile.transformation: tile size 1024 must be greater than the stride value 1024; tile index = iii
expected=2.496740
actual=2.500000
diff=0.000000
diff=1
expected=2.499716
actual=2.500000
diff=0.000000
diff=1
WARNING: orio.module.loop.submodule.tile.transformation: tile size 2048 must be greater than the stride value 2048; tile index = iii
expected=2.499751
actual=2.500000
diff=0.000000
diff=1
expected=2.499490
actual=2.500000
diff=0.000000
diff=1
expected=2.499162
actual=2.500000
diff=0.000000
diff=1
WARNING: orio.module.loop.submodule.tile.transformation: tile size 1024 must be greater than the stride value 1024; tile index = iii
expected=2.498468
actual=2.500000
diff=0.000000
diff=1
expected=2.497892
actual=2.500000
diff=0.000000
diff=1
expected=2.496261
actual=2.500000
diff=0.000000
diff=1
WARNING: orio.module.loop.submodule.tile.transformation: tile size 2048 must be greater than the stride value 2048; tile index = iii
expected=2.499379
actual=2.500000
diff=0.000000
diff=1
expected=2.499374
actual=2.500000
diff=0.000000
diff=1
expected=5.000000
actual=2.500000
diff=2.000000
diff=0
[00;31mERROR: orio.main.tuner.ptest_driver: failed to execute the test code: "timeout --kill-after=30s --signal=9 20m  ./__orio_perftest143.exe  "
 --> CalledProcessError: Command 'timeout --kill-after=30s --signal=9 20m  ./__orio_perftest143.exe  ' returned non-zero exit status 1[00m
[00;31mERROR: orio.main.tuner.ptest_driver:  performance testing failed: "timeout --kill-after=30s --signal=9 20m  ./__orio_perftest143.exe  "[00m
expected=4.993467
actual=2.500000
diff=2.000000
diff=0
[00;31mERROR: orio.main.tuner.ptest_driver: failed to execute the test code: "timeout --kill-after=30s --signal=9 20m  ./__orio_perftest144.exe  "
 --> CalledProcessError: Command 'timeout --kill-after=30s --signal=9 20m  ./__orio_perftest144.exe  ' returned non-zero exit status 1[00m
[00;31mERROR: orio.main.tuner.ptest_driver:  performance testing failed: "timeout --kill-after=30s --signal=9 20m  ./__orio_perftest144.exe  "[00m
WARNING: orio.module.loop.submodule.tile.transformation: tile size 2 must be greater than the stride value 2; tile index = iii
expected=2.496583
actual=2.500000
diff=0.000000
diff=1
expected=4.991344
actual=2.500000
diff=2.000000
diff=0
[00;31mERROR: orio.main.tuner.ptest_driver: failed to execute the test code: "timeout --kill-after=30s --signal=9 20m  ./__orio_perftest146.exe  "
 --> CalledProcessError: Command 'timeout --kill-after=30s --signal=9 20m  ./__orio_perftest146.exe  ' returned non-zero exit status 1[00m
[00;31mERROR: orio.main.tuner.ptest_driver:  performance testing failed: "timeout --kill-after=30s --signal=9 20m  ./__orio_perftest146.exe  "[00m
expected=2.498867
actual=2.500000
diff=0.000000
diff=1
expected=5.000000
actual=2.500000
diff=2.000000
diff=0
[00;31mERROR: orio.main.tuner.ptest_driver: failed to execute the test code: "timeout --kill-after=30s --signal=9 20m  ./__orio_perftest148.exe  "
 --> CalledProcessError: Command 'timeout --kill-after=30s --signal=9 20m  ./__orio_perftest148.exe  ' returned non-zero exit status 1[00m
[00;31mERROR: orio.main.tuner.ptest_driver:  performance testing failed: "timeout --kill-after=30s --signal=9 20m  ./__orio_perftest148.exe  "[00m
expected=2.499924
actual=2.500000
diff=0.000000
diff=1
expected=2.498481
actual=2.500000
diff=0.000000
diff=1
expected=2.500000
actual=2.500000
diff=0.000000
diff=1
WARNING: orio.module.loop.submodule.tile.transformation: tile size 1024 must be greater than the stride value 1024; tile index = jjj
expected=2.500000
actual=2.500000
diff=0.000000
diff=1
expected=4.999729
actual=2.500000
diff=2.000000
diff=0
[00;31mERROR: orio.main.tuner.ptest_driver: failed to execute the test code: "timeout --kill-after=30s --signal=9 20m  ./__orio_perftest153.exe  "
 --> CalledProcessError: Command 'timeout --kill-after=30s --signal=9 20m  ./__orio_perftest153.exe  ' returned non-zero exit status 1[00m
[00;31mERROR: orio.main.tuner.ptest_driver:  performance testing failed: "timeout --kill-after=30s --signal=9 20m  ./__orio_perftest153.exe  "[00m
expected=3.330970
actual=2.500000
diff=0.000000
diff=1
expected=2.499783
actual=2.500000
diff=0.000000
diff=1
expected=5.000000
actual=2.500000
diff=2.000000
diff=0
[00;31mERROR: orio.main.tuner.ptest_driver: failed to execute the test code: "timeout --kill-after=30s --signal=9 20m  ./__orio_perftest156.exe  "
 --> CalledProcessError: Command 'timeout --kill-after=30s --signal=9 20m  ./__orio_perftest156.exe  ' returned non-zero exit status 1[00m
[00;31mERROR: orio.main.tuner.ptest_driver:  performance testing failed: "timeout --kill-after=30s --signal=9 20m  ./__orio_perftest156.exe  "[00m
expected=4.997792
actual=2.500000
diff=2.000000
diff=0
[00;31mERROR: orio.main.tuner.ptest_driver: failed to execute the test code: "timeout --kill-after=30s --signal=9 20m  ./__orio_perftest157.exe  "
 --> CalledProcessError: Command 'timeout --kill-after=30s --signal=9 20m  ./__orio_perftest157.exe  ' returned non-zero exit status 1[00m
[00;31mERROR: orio.main.tuner.ptest_driver:  performance testing failed: "timeout --kill-after=30s --signal=9 20m  ./__orio_perftest157.exe  "[00m
expected=2.439417
actual=2.500000
diff=0.000000
diff=1
expected=2.500000
actual=2.500000
diff=0.000000
diff=1
expected=2.489170
actual=2.500000
diff=0.000000
diff=1
WARNING: orio.module.loop.submodule.tile.transformation: tile size 4 must be greater than the stride value 4; tile index = jjj
expected=2.499289
actual=2.500000
diff=0.000000
diff=1
expected=2.497731
actual=2.500000
diff=0.000000
diff=1
expected=2.495386
actual=2.500000
diff=0.000000
diff=1
expected=2.497254
actual=2.500000
diff=0.000000
diff=1
expected=2.498172
actual=2.500000
diff=0.000000
diff=1
WARNING: orio.module.loop.submodule.tile.transformation: tile size 2048 must be greater than the stride value 2048; tile index = iii
expected=2.498518
actual=2.500000
diff=0.000000
diff=1
expected=2.499576
actual=2.500000
diff=0.000000
diff=1
expected=2.498454
actual=2.500000
diff=0.000000
diff=1
WARNING: orio.module.loop.submodule.tile.transformation: tile size 2 must be greater than the stride value 2; tile index = jjj
expected=2.499457
actual=2.500000
diff=0.000000
diff=1
expected=2.499238
actual=2.500000
diff=0.000000
diff=1
expected=2.498828
actual=2.500000
diff=0.000000
diff=1
expected=2.487368
actual=2.500000
diff=0.000000
diff=1
expected=2.499391
actual=2.500000
diff=0.000000
diff=1
expected=1.952136
actual=2.500000
diff=0.000000
diff=1
expected=2.496814
actual=2.500000
diff=0.000000
diff=1
WARNING: orio.module.loop.submodule.tile.transformation: tile size 2048 must be greater than the stride value 2048; tile index = iii
expected=2.497752
actual=2.500000
diff=0.000000
diff=1
WARNING: orio.module.loop.submodule.tile.transformation: tile size 2048 must be greater than the stride value 2048; tile index = iii
expected=2.497035
actual=2.500000
diff=0.000000
diff=1
expected=2.498589
actual=2.500000
diff=0.000000
diff=1
WARNING: orio.module.loop.submodule.tile.transformation: tile size 2048 must be greater than the stride value 2048; tile index = iii
expected=2.498278
actual=2.500000
diff=0.000000
diff=1
expected=2.489641
actual=2.500000
diff=0.000000
diff=1
expected=2.498058
actual=2.500000
diff=0.000000
diff=1
WARNING: orio.module.loop.submodule.tile.transformation: tile size 2048 must be greater than the stride value 2048; tile index = iii
expected=2.499359
actual=2.500000
diff=0.000000
diff=1
expected=2.440759
actual=2.500000
diff=0.000000
diff=1
expected=2.499962
actual=2.500000
diff=0.000000
diff=1
expected=2.500000
actual=2.500000
diff=0.000000
diff=1
expected=2.498796
actual=2.500000
diff=0.000000
diff=1
WARNING: orio.module.loop.submodule.tile.transformation: tile size 2048 must be greater than the stride value 2048; tile index = iii
expected=2.499603
actual=2.500000
diff=0.000000
diff=1
expected=2.498360
actual=2.500000
diff=0.000000
diff=1
expected=2.498805
actual=2.500000
diff=0.000000
diff=1
expected=2.499245
actual=2.500000
diff=0.000000
diff=1
expected=2.498294
actual=2.500000
diff=0.000000
diff=1
expected=2.500000
actual=2.500000
diff=0.000000
diff=1
expected=2.499952
actual=2.500000
diff=0.000000
diff=1
expected=2.499755
actual=2.500000
diff=0.000000
diff=1
expected=2.499409
actual=2.500000
diff=0.000000
diff=1
WARNING: orio.module.loop.submodule.tile.transformation: tile size 2048 must be greater than the stride value 2048; tile index = iii
expected=2.499776
actual=2.500000
diff=0.000000
diff=1
expected=2.499501
actual=2.500000
diff=0.000000
diff=1
expected=2.499400
actual=2.500000
diff=0.000000
diff=1
WARNING: orio.module.loop.submodule.tile.transformation: tile size 2048 must be greater than the stride value 2048; tile index = iii
expected=2.498888
actual=2.500000
diff=0.000000
diff=1
expected=2.499562
actual=2.500000
diff=0.000000
diff=1
expected=2.499816
actual=2.500000
diff=0.000000
diff=1
expected=2.498070
actual=2.500000
diff=0.000000
diff=1
expected=2.497503
actual=2.500000
diff=0.000000
diff=1
expected=2.499643
actual=2.500000
diff=0.000000
diff=1
WARNING: orio.module.loop.submodule.tile.transformation: tile size 512 must be greater than the stride value 512; tile index = jjj
expected=2.499260
actual=2.500000
diff=0.000000
diff=1
expected=2.499229
actual=2.500000
diff=0.000000
diff=1
WARNING: orio.module.loop.submodule.tile.transformation: tile size 2 must be greater than the stride value 2; tile index = jjj
expected=2.499653
actual=2.500000
diff=0.000000
diff=1
expected=2.499530
actual=2.500000
diff=0.000000
diff=1
WARNING: orio.module.loop.submodule.tile.transformation: tile size 2 must be greater than the stride value 2; tile index = jjj
expected=2.499273
actual=2.500000
diff=0.000000
diff=1
expected=2.497380
actual=2.500000
diff=0.000000
diff=1
WARNING: orio.module.loop.submodule.tile.transformation: tile size 8 must be greater than the stride value 8; tile index = jjj
expected=2.498472
actual=2.500000
diff=0.000000
diff=1
expected=2.499997
actual=2.500000
diff=0.000000
diff=1
expected=2.499505
actual=2.500000
diff=0.000000
diff=1
expected=2.499416
actual=2.500000
diff=0.000000
diff=1
expected=2.499264
actual=2.500000
diff=0.000000
diff=1
expected=2.500000
actual=2.500000
diff=0.000000
diff=1
expected=2.499532
actual=2.500000
diff=0.000000
diff=1
expected=2.499409
actual=2.500000
diff=0.000000
diff=1
expected=2.500000
actual=2.500000
diff=0.000000
diff=1
expected=2.499071
actual=2.500000
diff=0.000000
diff=1
WARNING: orio.module.loop.submodule.tile.transformation: tile size 1024 must be greater than the stride value 1024; tile index = jjj
expected=2.499222
actual=2.500000
diff=0.000000
diff=1
expected=2.499767
actual=2.500000
diff=0.000000
diff=1
expected=2.499099
actual=2.500000
diff=0.000000
diff=1
expected=2.498347
actual=2.500000
diff=0.000000
diff=1
expected=2.497756
actual=2.500000
diff=0.000000
diff=1
expected=2.498414
actual=2.500000
diff=0.000000
diff=1
WARNING: orio.module.loop.submodule.tile.transformation: tile size 1024 must be greater than the stride value 1024; tile index = jjj
expected=2.494321
actual=2.500000
diff=0.000000
diff=1
expected=2.500000
actual=2.500000
diff=0.000000
diff=1
