
expected=2.499902
actual=2.500000
diff=0.000000
diff=1
expected=2.500000
actual=2.500000
diff=0.000000
diff=1
expected=2.500000
actual=2.500000
diff=0.000000
diff=1
expected=2.500000
actual=2.500000
diff=0.000000
diff=1
expected=2.483109
actual=2.500000
diff=0.000000
diff=1
expected=2.500000
actual=2.500000
diff=0.000000
diff=1
expected=2.500000
actual=2.500000
diff=0.000000
diff=1
expected=2.499947
actual=2.500000
diff=0.000000
diff=1
expected=2.500000
actual=2.500000
diff=0.000000
diff=1
WARNING: orio.module.loop.submodule.tile.transformation: tile size 256 must be greater than the stride value 256; tile index = jjj
expected=2.500000
actual=2.500000
diff=0.000000
diff=1
expected=2.500000
actual=2.500000
diff=0.000000
diff=1
WARNING: orio.module.loop.submodule.tile.transformation: tile size 1024 must be greater than the stride value 1024; tile index = jjj
expected=2.500000
actual=2.500000
diff=0.000000
diff=1
expected=2.499093
actual=2.500000
diff=0.000000
diff=1
expected=2.499998
actual=2.500000
diff=0.000000
diff=1
expected=2.500000
actual=2.500000
diff=0.000000
diff=1
expected=2.491470
actual=2.500000
diff=0.000000
diff=1
expected=2.500000
actual=2.500000
diff=0.000000
diff=1
expected=2.500000
actual=2.500000
diff=0.000000
diff=1
WARNING: orio.module.loop.submodule.tile.transformation: tile size 32 must be greater than the stride value 32; tile index = jjj
expected=2.500000
actual=2.500000
diff=0.000000
diff=1
expected=2.498723
actual=2.500000
diff=0.000000
diff=1
expected=2.500000
actual=2.500000
diff=0.000000
diff=1
expected=2.499850
actual=2.500000
diff=0.000000
diff=1
WARNING: orio.module.loop.submodule.tile.transformation: tile size 64 must be greater than the stride value 64; tile index = iii
expected=2.499495
actual=2.500000
diff=0.000000
diff=1
expected=2.500000
actual=2.500000
diff=0.000000
diff=1
expected=2.482764
actual=2.500000
diff=0.000000
diff=1
expected=2.500000
actual=2.500000
diff=0.000000
diff=1
expected=2.500000
actual=2.500000
diff=0.000000
diff=1
expected=2.499314
actual=2.500000
diff=0.000000
diff=1
expected=2.498620
actual=2.500000
diff=0.000000
diff=1
expected=2.498192
actual=2.500000
diff=0.000000
diff=1
expected=2.500000
actual=2.500000
diff=0.000000
diff=1
expected=2.500000
actual=2.500000
diff=0.000000
diff=1
expected=2.500000
actual=2.500000
diff=0.000000
diff=1
WARNING: orio.module.loop.submodule.tile.transformation: tile size 1024 must be greater than the stride value 1024; tile index = jjj
expected=2.499891
actual=2.500000
diff=0.000000
diff=1
expected=2.500000
actual=2.500000
diff=0.000000
diff=1
expected=2.499110
actual=2.500000
diff=0.000000
diff=1
expected=2.495001
actual=2.500000
diff=0.000000
diff=1
expected=2.500000
actual=2.500000
diff=0.000000
diff=1
expected=2.500000
actual=2.500000
diff=0.000000
diff=1
WARNING: orio.module.loop.submodule.tile.transformation: tile size 16 must be greater than the stride value 16; tile index = iii
expected=2.500000
actual=2.500000
diff=0.000000
diff=1
WARNING: orio.module.loop.submodule.tile.transformation: tile size 512 must be greater than the stride value 512; tile index = jjj
expected=2.500000
actual=2.500000
diff=0.000000
diff=1
expected=2.500000
actual=2.500000
diff=0.000000
diff=1
expected=2.500000
actual=2.500000
diff=0.000000
diff=1
expected=2.500000
actual=2.500000
diff=0.000000
diff=1
expected=2.500000
actual=2.500000
diff=0.000000
diff=1
expected=2.500000
actual=2.500000
diff=0.000000
diff=1
WARNING: orio.module.loop.submodule.tile.transformation: tile size 1024 must be greater than the stride value 1024; tile index = jjj
expected=2.500000
actual=2.500000
diff=0.000000
diff=1
expected=2.500000
actual=2.500000
diff=0.000000
diff=1
expected=2.499456
actual=2.500000
diff=0.000000
diff=1
expected=2.499201
actual=2.500000
diff=0.000000
diff=1
expected=2.500000
actual=2.500000
diff=0.000000
diff=1
WARNING: orio.module.loop.submodule.tile.transformation: tile size 512 must be greater than the stride value 512; tile index = iii
expected=2.499185
actual=2.500000
diff=0.000000
diff=1
WARNING: orio.module.loop.submodule.tile.transformation: tile size 4 must be greater than the stride value 4; tile index = jjj
expected=2.500000
actual=2.500000
diff=0.000000
diff=1
expected=2.497683
actual=2.500000
diff=0.000000
diff=1
WARNING: orio.module.loop.submodule.tile.transformation: tile size 64 must be greater than the stride value 64; tile index = iii
expected=2.500000
actual=2.500000
diff=0.000000
diff=1
expected=2.500000
actual=2.500000
diff=0.000000
diff=1
expected=2.500000
actual=2.500000
diff=0.000000
diff=1
WARNING: orio.module.loop.submodule.tile.transformation: tile size 2048 must be greater than the stride value 2048; tile index = iii
expected=2.500000
actual=2.500000
diff=0.000000
diff=1
WARNING: orio.module.loop.submodule.tile.transformation: tile size 2 must be greater than the stride value 2; tile index = iii
expected=2.499865
actual=2.500000
diff=0.000000
diff=1
expected=2.496974
actual=2.500000
diff=0.000000
diff=1
expected=2.500000
actual=2.500000
diff=0.000000
diff=1
expected=2.500000
actual=2.500000
diff=0.000000
diff=1
expected=2.500000
actual=2.500000
diff=0.000000
diff=1
expected=2.500000
actual=2.500000
diff=0.000000
diff=1
expected=2.500000
actual=2.500000
diff=0.000000
diff=1
expected=2.498135
actual=2.500000
diff=0.000000
diff=1
expected=2.500000
actual=2.500000
diff=0.000000
diff=1
expected=2.499104
actual=2.500000
diff=0.000000
diff=1
expected=2.500000
actual=2.500000
diff=0.000000
diff=1
expected=2.493158
actual=2.500000
diff=0.000000
diff=1
expected=2.500000
actual=2.500000
diff=0.000000
diff=1
expected=2.500000
actual=2.500000
diff=0.000000
diff=1
expected=2.500000
actual=2.500000
diff=0.000000
diff=1
expected=2.500000
actual=2.500000
diff=0.000000
diff=1
expected=2.500000
actual=2.500000
diff=0.000000
diff=1
expected=2.499963
actual=2.500000
diff=0.000000
diff=1
expected=2.500000
actual=2.500000
diff=0.000000
diff=1
expected=2.496509
actual=2.500000
diff=0.000000
diff=1
expected=2.500000
actual=2.500000
diff=0.000000
diff=1
WARNING: orio.module.loop.submodule.tile.transformation: tile size 256 must be greater than the stride value 256; tile index = iii
expected=2.500000
actual=2.500000
diff=0.000000
diff=1
WARNING: orio.module.loop.submodule.tile.transformation: tile size 128 must be greater than the stride value 128; tile index = iii
expected=2.500000
actual=2.500000
diff=0.000000
diff=1
expected=2.500000
actual=2.500000
diff=0.000000
diff=1
expected=2.495781
actual=2.500000
diff=0.000000
diff=1
expected=2.499391
actual=2.500000
diff=0.000000
diff=1
expected=2.500000
actual=2.500000
diff=0.000000
diff=1
WARNING: orio.module.loop.submodule.tile.transformation: tile size 16 must be greater than the stride value 16; tile index = iii
expected=2.500000
actual=2.500000
diff=0.000000
diff=1
expected=2.500000
actual=2.500000
diff=0.000000
diff=1
expected=2.500000
actual=2.500000
diff=0.000000
diff=1
expected=2.500000
actual=2.500000
diff=0.000000
diff=1
expected=2.500000
actual=2.500000
diff=0.000000
diff=1
expected=2.499636
actual=2.500000
diff=0.000000
diff=1
expected=2.500000
actual=2.500000
diff=0.000000
diff=1
expected=2.500000
actual=2.500000
diff=0.000000
diff=1
expected=2.500000
actual=2.500000
diff=0.000000
diff=1
expected=2.499149
actual=2.500000
diff=0.000000
diff=1
expected=2.500000
actual=2.500000
diff=0.000000
diff=1
expected=2.500000
actual=2.500000
diff=0.000000
diff=1
expected=2.499503
actual=2.500000
diff=0.000000
diff=1
expected=2.500000
actual=2.500000
diff=0.000000
diff=1
expected=2.500000
actual=2.500000
diff=0.000000
diff=1
expected=2.500000
actual=2.500000
diff=0.000000
diff=1
expected=2.499788
actual=2.500000
diff=0.000000
diff=1
expected=2.500000
actual=2.500000
diff=0.000000
diff=1
expected=2.499976
actual=2.500000
diff=0.000000
diff=1
expected=2.500000
actual=2.500000
diff=0.000000
diff=1
expected=2.500000
actual=2.500000
diff=0.000000
diff=1
WARNING: orio.module.loop.submodule.tile.transformation: tile size 2 must be greater than the stride value 2; tile index = jjj
expected=2.499654
actual=2.500000
diff=0.000000
diff=1
expected=2.500000
actual=2.500000
diff=0.000000
diff=1
WARNING: orio.module.loop.submodule.tile.transformation: tile size 32 must be greater than the stride value 32; tile index = iii
expected=2.500000
actual=2.500000
diff=0.000000
diff=1
expected=2.498321
actual=2.500000
diff=0.000000
diff=1
WARNING: orio.module.loop.submodule.tile.transformation: tile size 256 must be greater than the stride value 256; tile index = jjj
expected=2.500000
actual=2.500000
diff=0.000000
diff=1
expected=2.500000
actual=2.500000
diff=0.000000
diff=1
expected=2.500000
actual=2.500000
diff=0.000000
diff=1
expected=2.499650
actual=2.500000
diff=0.000000
diff=1
expected=2.500000
actual=2.500000
diff=0.000000
diff=1
expected=2.498223
actual=2.500000
diff=0.000000
diff=1
expected=2.500000
actual=2.500000
diff=0.000000
diff=1
WARNING: orio.module.loop.submodule.tile.transformation: tile size 512 must be greater than the stride value 512; tile index = jjj
expected=2.500000
actual=2.500000
diff=0.000000
diff=1
expected=2.500000
actual=2.500000
diff=0.000000
diff=1
expected=2.499319
actual=2.500000
diff=0.000000
diff=1
expected=2.500000
actual=2.500000
diff=0.000000
diff=1
WARNING: orio.module.loop.submodule.tile.transformation: tile size 2 must be greater than the stride value 2; tile index = jjj
expected=2.500000
actual=2.500000
diff=0.000000
diff=1
expected=2.500000
actual=2.500000
diff=0.000000
diff=1
WARNING: orio.module.loop.submodule.tile.transformation: tile size 2048 must be greater than the stride value 2048; tile index = iii
expected=2.500000
actual=2.500000
diff=0.000000
diff=1
expected=2.500000
actual=2.500000
diff=0.000000
diff=1
expected=2.500000
actual=2.500000
diff=0.000000
diff=1
expected=2.500000
actual=2.500000
diff=0.000000
diff=1
expected=2.500000
actual=2.500000
diff=0.000000
diff=1
expected=2.500000
actual=2.500000
diff=0.000000
diff=1
expected=2.499492
actual=2.500000
diff=0.000000
diff=1
WARNING: orio.module.loop.submodule.tile.transformation: tile size 16 must be greater than the stride value 16; tile index = iii
expected=2.499947
actual=2.500000
diff=0.000000
diff=1
WARNING: orio.module.loop.submodule.tile.transformation: tile size 32 must be greater than the stride value 32; tile index = iii
expected=2.499355
actual=2.500000
diff=0.000000
diff=1
WARNING: orio.module.loop.submodule.tile.transformation: tile size 8 must be greater than the stride value 8; tile index = iii
WARNING: orio.module.loop.submodule.tile.transformation: tile size 32 must be greater than the stride value 32; tile index = jjj
expected=2.500000
actual=2.500000
diff=0.000000
diff=1
expected=2.500000
actual=2.500000
diff=0.000000
diff=1
expected=2.500000
actual=2.500000
diff=0.000000
diff=1
expected=2.499722
actual=2.500000
diff=0.000000
diff=1
expected=2.500000
actual=2.500000
diff=0.000000
diff=1
WARNING: orio.module.loop.submodule.tile.transformation: tile size 128 must be greater than the stride value 128; tile index = iii
expected=2.500000
actual=2.500000
diff=0.000000
diff=1
expected=2.500000
actual=2.500000
diff=0.000000
diff=1
expected=2.499408
actual=2.500000
diff=0.000000
diff=1
WARNING: orio.module.loop.submodule.tile.transformation: tile size 512 must be greater than the stride value 512; tile index = jjj
expected=2.499620
actual=2.500000
diff=0.000000
diff=1
expected=2.500000
actual=2.500000
diff=0.000000
diff=1
expected=2.498186
actual=2.500000
diff=0.000000
diff=1
expected=2.500000
actual=2.500000
diff=0.000000
diff=1
WARNING: orio.module.loop.submodule.tile.transformation: tile size 512 must be greater than the stride value 512; tile index = iii
expected=2.499887
actual=2.500000
diff=0.000000
diff=1
expected=2.499971
actual=2.500000
diff=0.000000
diff=1
expected=2.500000
actual=2.500000
diff=0.000000
diff=1
expected=2.500000
actual=2.500000
diff=0.000000
diff=1
expected=2.500000
actual=2.500000
diff=0.000000
diff=1
WARNING: orio.module.loop.submodule.tile.transformation: tile size 2 must be greater than the stride value 2; tile index = iii
expected=2.500000
actual=2.500000
diff=0.000000
diff=1
expected=2.499928
actual=2.500000
diff=0.000000
diff=1
expected=2.500000
actual=2.500000
diff=0.000000
diff=1
expected=2.497610
actual=2.500000
diff=0.000000
diff=1
expected=2.500000
actual=2.500000
diff=0.000000
diff=1
expected=2.499162
actual=2.500000
diff=0.000000
diff=1
expected=2.500000
actual=2.500000
diff=0.000000
diff=1
expected=2.498604
actual=2.500000
diff=0.000000
diff=1
expected=2.500000
actual=2.500000
diff=0.000000
diff=1
WARNING: orio.module.loop.submodule.tile.transformation: tile size 1024 must be greater than the stride value 1024; tile index = iii
expected=2.500000
actual=2.500000
diff=0.000000
diff=1
WARNING: orio.module.loop.submodule.tile.transformation: tile size 512 must be greater than the stride value 512; tile index = iii
expected=2.499557
actual=2.500000
diff=0.000000
diff=1
WARNING: orio.module.loop.submodule.tile.transformation: tile size 8 must be greater than the stride value 8; tile index = iii
WARNING: orio.module.loop.submodule.tile.transformation: tile size 256 must be greater than the stride value 256; tile index = jjj
expected=2.500000
actual=2.500000
diff=0.000000
diff=1
expected=2.499899
actual=2.500000
diff=0.000000
diff=1
WARNING: orio.module.loop.submodule.tile.transformation: tile size 16 must be greater than the stride value 16; tile index = jjj
expected=2.500000
actual=2.500000
diff=0.000000
diff=1
expected=2.500000
actual=2.500000
diff=0.000000
diff=1
expected=2.500000
actual=2.500000
diff=0.000000
diff=1
expected=2.500000
actual=2.500000
diff=0.000000
diff=1
expected=2.498271
actual=2.500000
diff=0.000000
diff=1
WARNING: orio.module.loop.submodule.tile.transformation: tile size 256 must be greater than the stride value 256; tile index = iii
expected=2.500000
actual=2.500000
diff=0.000000
diff=1
expected=2.500000
actual=2.500000
diff=0.000000
diff=1
expected=2.499744
actual=2.500000
diff=0.000000
diff=1
expected=2.500000
actual=2.500000
diff=0.000000
diff=1
expected=2.499856
actual=2.500000
diff=0.000000
diff=1
WARNING: orio.module.loop.submodule.tile.transformation: tile size 512 must be greater than the stride value 512; tile index = jjj
expected=2.498428
actual=2.500000
diff=0.000000
diff=1
expected=2.499872
actual=2.500000
diff=0.000000
diff=1
expected=4.998141
actual=2.500000
diff=2.000000
diff=0
[00;31mERROR: orio.main.tuner.ptest_driver: failed to execute the test code: "timeout --kill-after=30s --signal=9 20m  ./__orio_perftest175.exe  "
 --> CalledProcessError: Command 'timeout --kill-after=30s --signal=9 20m  ./__orio_perftest175.exe  ' returned non-zero exit status 1[00m
[00;31mERROR: orio.main.tuner.ptest_driver:  performance testing failed: "timeout --kill-after=30s --signal=9 20m  ./__orio_perftest175.exe  "[00m
expected=2.500000
actual=2.500000
diff=0.000000
diff=1
expected=2.500000
actual=2.500000
diff=0.000000
diff=1
expected=2.454415
actual=2.500000
diff=0.000000
diff=1
expected=2.500000
actual=2.500000
diff=0.000000
diff=1
expected=2.497510
actual=2.500000
diff=0.000000
diff=1
WARNING: orio.module.loop.submodule.tile.transformation: tile size 8 must be greater than the stride value 8; tile index = iii
expected=2.500000
actual=2.500000
diff=0.000000
diff=1
expected=2.500000
actual=2.500000
diff=0.000000
diff=1
expected=2.499877
actual=2.500000
diff=0.000000
diff=1
WARNING: orio.module.loop.submodule.tile.transformation: tile size 1024 must be greater than the stride value 1024; tile index = jjj
expected=2.500000
actual=2.500000
diff=0.000000
diff=1
WARNING: orio.module.loop.submodule.tile.transformation: tile size 1024 must be greater than the stride value 1024; tile index = jjj
expected=2.500000
actual=2.500000
diff=0.000000
diff=1
expected=2.500000
actual=2.500000
diff=0.000000
diff=1
WARNING: orio.module.loop.submodule.tile.transformation: tile size 4 must be greater than the stride value 4; tile index = iii
expected=2.500000
actual=2.500000
diff=0.000000
diff=1
expected=2.500000
actual=2.500000
diff=0.000000
diff=1
expected=2.500000
actual=2.500000
diff=0.000000
diff=1
expected=2.500000
actual=2.500000
diff=0.000000
diff=1
expected=2.500000
actual=2.500000
diff=0.000000
diff=1
WARNING: orio.module.loop.submodule.tile.transformation: tile size 4 must be greater than the stride value 4; tile index = iii
expected=2.500000
actual=2.500000
diff=0.000000
diff=1
expected=2.500000
actual=2.500000
diff=0.000000
diff=1
expected=2.500000
actual=2.500000
diff=0.000000
diff=1
expected=2.499555
actual=2.500000
diff=0.000000
diff=1
expected=2.500000
actual=2.500000
diff=0.000000
diff=1
expected=2.499730
actual=2.500000
diff=0.000000
diff=1
WARNING: orio.module.loop.submodule.tile.transformation: tile size 2 must be greater than the stride value 2; tile index = iii
expected=2.500000
actual=2.500000
diff=0.000000
diff=1
expected=2.500000
actual=2.500000
diff=0.000000
diff=1
WARNING: orio.module.loop.submodule.tile.transformation: tile size 2 must be greater than the stride value 2; tile index = jjj
expected=2.499163
actual=2.500000
diff=0.000000
diff=1
WARNING: orio.module.loop.submodule.tile.transformation: tile size 512 must be greater than the stride value 512; tile index = jjj
expected=2.497225
actual=2.500000
diff=0.000000
diff=1
expected=2.500000
actual=2.500000
diff=0.000000
diff=1
WARNING: orio.module.loop.submodule.tile.transformation: tile size 8 must be greater than the stride value 8; tile index = iii
expected=2.498962
actual=2.500000
diff=0.000000
diff=1
WARNING: orio.module.loop.submodule.tile.transformation: tile size 1024 must be greater than the stride value 1024; tile index = jjj
expected=2.499568
actual=2.500000
diff=0.000000
diff=1
WARNING: orio.module.loop.submodule.tile.transformation: tile size 8 must be greater than the stride value 8; tile index = iii
expected=2.500000
actual=2.500000
diff=0.000000
diff=1
expected=2.500000
actual=2.500000
diff=0.000000
diff=1
expected=2.499160
actual=2.500000
diff=0.000000
diff=1
expected=2.500000
actual=2.500000
diff=0.000000
diff=1
WARNING: orio.module.loop.submodule.tile.transformation: tile size 2048 must be greater than the stride value 2048; tile index = jjj
expected=2.500000
actual=2.500000
diff=0.000000
diff=1
expected=4.999240
actual=2.500000
diff=2.000000
diff=0
[00;31mERROR: orio.main.tuner.ptest_driver: failed to execute the test code: "timeout --kill-after=30s --signal=9 20m  ./__orio_perftest210.exe  "
 --> CalledProcessError: Command 'timeout --kill-after=30s --signal=9 20m  ./__orio_perftest210.exe  ' returned non-zero exit status 1[00m
[00;31mERROR: orio.main.tuner.ptest_driver:  performance testing failed: "timeout --kill-after=30s --signal=9 20m  ./__orio_perftest210.exe  "[00m
WARNING: orio.module.loop.submodule.tile.transformation: tile size 16 must be greater than the stride value 16; tile index = jjj
expected=2.500000
actual=2.500000
diff=0.000000
diff=1
WARNING: orio.module.loop.submodule.tile.transformation: tile size 4 must be greater than the stride value 4; tile index = jjj
expected=2.499822
actual=2.500000
diff=0.000000
diff=1
WARNING: orio.module.loop.submodule.tile.transformation: tile size 256 must be greater than the stride value 256; tile index = jjj
expected=2.500000
actual=2.500000
diff=0.000000
diff=1
expected=2.498271
actual=2.500000
diff=0.000000
diff=1
expected=2.500000
actual=2.500000
diff=0.000000
diff=1
expected=2.499962
actual=2.500000
diff=0.000000
diff=1
expected=2.500000
actual=2.500000
diff=0.000000
diff=1
WARNING: orio.module.loop.submodule.tile.transformation: tile size 2048 must be greater than the stride value 2048; tile index = jjj
expected=2.500000
actual=2.500000
diff=0.000000
diff=1
expected=2.500000
actual=2.500000
diff=0.000000
diff=1
expected=2.499345
actual=2.500000
diff=0.000000
diff=1
expected=2.424244
actual=2.500000
diff=0.000000
diff=1
expected=2.500000
actual=2.500000
diff=0.000000
diff=1
expected=2.500000
actual=2.500000
diff=0.000000
diff=1
expected=2.499869
actual=2.500000
diff=0.000000
diff=1
expected=2.500000
actual=2.500000
diff=0.000000
diff=1
WARNING: orio.module.loop.submodule.tile.transformation: tile size 16 must be greater than the stride value 16; tile index = iii
expected=2.500000
actual=2.500000
diff=0.000000
diff=1
expected=2.500000
actual=2.500000
diff=0.000000
diff=1
expected=2.500000
actual=2.500000
diff=0.000000
diff=1
expected=2.499362
actual=2.500000
diff=0.000000
diff=1
expected=2.494798
actual=2.500000
diff=0.000000
diff=1
WARNING: orio.module.loop.submodule.tile.transformation: tile size 256 must be greater than the stride value 256; tile index = jjj
expected=2.500000
actual=2.500000
diff=0.000000
diff=1
expected=2.500000
actual=2.500000
diff=0.000000
diff=1
expected=2.496306
actual=2.500000
diff=0.000000
diff=1
WARNING: orio.module.loop.submodule.tile.transformation: tile size 256 must be greater than the stride value 256; tile index = iii
expected=2.499567
actual=2.500000
diff=0.000000
diff=1
expected=2.500000
actual=2.500000
diff=0.000000
diff=1
expected=2.498999
actual=2.500000
diff=0.000000
diff=1
expected=2.500000
actual=2.500000
diff=0.000000
diff=1
WARNING: orio.module.loop.submodule.tile.transformation: tile size 16 must be greater than the stride value 16; tile index = iii
expected=2.500000
actual=2.500000
diff=0.000000
diff=1
expected=2.500000
actual=2.500000
diff=0.000000
diff=1
expected=2.500000
actual=2.500000
diff=0.000000
diff=1
expected=2.499746
actual=2.500000
diff=0.000000
diff=1
WARNING: orio.module.loop.submodule.tile.transformation: tile size 1024 must be greater than the stride value 1024; tile index = iii
expected=2.500000
actual=2.500000
diff=0.000000
diff=1
expected=2.500000
actual=2.500000
diff=0.000000
diff=1
WARNING: orio.module.loop.submodule.tile.transformation: tile size 16 must be greater than the stride value 16; tile index = jjj
expected=2.500000
actual=2.500000
diff=0.000000
diff=1
expected=2.497899
actual=2.500000
diff=0.000000
diff=1
expected=2.500000
actual=2.500000
diff=0.000000
diff=1
expected=2.500000
actual=2.500000
diff=0.000000
diff=1
expected=2.499499
actual=2.500000
diff=0.000000
diff=1
WARNING: orio.module.loop.submodule.tile.transformation: tile size 32 must be greater than the stride value 32; tile index = jjj
expected=2.493216
actual=2.500000
diff=0.000000
diff=1
expected=2.500000
actual=2.500000
diff=0.000000
diff=1
expected=2.500000
actual=2.500000
diff=0.000000
diff=1
expected=2.497357
actual=2.500000
diff=0.000000
diff=1
expected=2.500000
actual=2.500000
diff=0.000000
diff=1
expected=2.500000
actual=2.500000
diff=0.000000
diff=1
expected=2.498962
actual=2.500000
diff=0.000000
diff=1
expected=2.500000
actual=2.500000
diff=0.000000
diff=1
expected=2.500000
actual=2.500000
diff=0.000000
diff=1
WARNING: orio.module.loop.submodule.tile.transformation: tile size 256 must be greater than the stride value 256; tile index = jjj
expected=2.500000
actual=2.500000
diff=0.000000
diff=1
WARNING: orio.module.loop.submodule.tile.transformation: tile size 512 must be greater than the stride value 512; tile index = jjj
expected=2.500000
actual=2.500000
diff=0.000000
diff=1
expected=2.500000
actual=2.500000
diff=0.000000
diff=1
expected=2.500000
actual=2.500000
diff=0.000000
diff=1
expected=2.499706
actual=2.500000
diff=0.000000
diff=1
WARNING: orio.module.loop.submodule.tile.transformation: tile size 16 must be greater than the stride value 16; tile index = jjj
expected=2.500000
actual=2.500000
diff=0.000000
diff=1
expected=2.500000
actual=2.500000
diff=0.000000
diff=1
expected=2.494262
actual=2.500000
diff=0.000000
diff=1
expected=2.500000
actual=2.500000
diff=0.000000
diff=1
WARNING: orio.module.loop.submodule.tile.transformation: tile size 128 must be greater than the stride value 128; tile index = jjj
expected=2.496756
actual=2.500000
diff=0.000000
diff=1
expected=2.500000
actual=2.500000
diff=0.000000
diff=1
expected=2.498252
actual=2.500000
diff=0.000000
diff=1
expected=2.500000
actual=2.500000
diff=0.000000
diff=1
expected=2.500000
actual=2.500000
diff=0.000000
diff=1
expected=2.499319
actual=2.500000
diff=0.000000
diff=1
expected=2.500000
actual=2.500000
diff=0.000000
diff=1
expected=2.500000
actual=2.500000
diff=0.000000
diff=1
expected=2.500000
actual=2.500000
diff=0.000000
diff=1
WARNING: orio.module.loop.submodule.tile.transformation: tile size 512 must be greater than the stride value 512; tile index = iii
expected=2.500000
actual=2.500000
diff=0.000000
diff=1
expected=2.500000
actual=2.500000
diff=0.000000
diff=1
expected=2.500000
actual=2.500000
diff=0.000000
diff=1
expected=2.499675
actual=2.500000
diff=0.000000
diff=1
expected=2.499899
actual=2.500000
diff=0.000000
diff=1
expected=2.500000
actual=2.500000
diff=0.000000
diff=1
expected=2.500000
actual=2.500000
diff=0.000000
diff=1
WARNING: orio.module.loop.submodule.tile.transformation: tile size 64 must be greater than the stride value 64; tile index = iii
expected=2.500000
actual=2.500000
diff=0.000000
diff=1
expected=2.498465
actual=2.500000
diff=0.000000
diff=1
expected=2.500000
actual=2.500000
diff=0.000000
diff=1
expected=2.500000
actual=2.500000
diff=0.000000
diff=1
WARNING: orio.module.loop.submodule.tile.transformation: tile size 1024 must be greater than the stride value 1024; tile index = jjj
expected=2.500000
actual=2.500000
diff=0.000000
diff=1
expected=2.500000
actual=2.500000
diff=0.000000
diff=1
expected=2.500000
actual=2.500000
diff=0.000000
diff=1
expected=2.500000
actual=2.500000
diff=0.000000
diff=1
expected=2.500000
actual=2.500000
diff=0.000000
diff=1
expected=2.499827
actual=2.500000
diff=0.000000
diff=1
expected=2.500000
actual=2.500000
diff=0.000000
diff=1
expected=2.497611
actual=2.500000
diff=0.000000
diff=1
expected=2.500000
actual=2.500000
diff=0.000000
diff=1
expected=2.499878
actual=2.500000
diff=0.000000
diff=1
expected=2.500000
actual=2.500000
diff=0.000000
diff=1
expected=2.500000
actual=2.500000
diff=0.000000
diff=1
expected=2.500000
actual=2.500000
diff=0.000000
diff=1
expected=2.499733
actual=2.500000
diff=0.000000
diff=1
expected=2.500000
actual=2.500000
diff=0.000000
diff=1
